<?xml version="1.0" encoding="ISO-8859-1" ?>
<link_info>
   <banner>TI ARM Linker PC v20.2.7.LTS</banner>
   <copyright>Copyright (c) 1996-2018 Texas Instruments Incorporated</copyright>
   <link_time>0x6723ec5a</link_time>
   <link_errors>0x0</link_errors>
   <output_file>Inkley_MasterTester.out</output_file>
   <entry_point>
      <name>_c_int00_noargs</name>
      <address>0x68b5</address>
   </entry_point>
   <input_file_list>
      <input_file id="fl-2">
         <path>.\</path>
         <kind>object</kind>
         <file>main.obj</file>
         <name>main.obj</name>
      </input_file>
      <input_file id="fl-3">
         <path>.\</path>
         <kind>object</kind>
         <file>tm4c123ge6pm_startup_ccs.obj</file>
         <name>tm4c123ge6pm_startup_ccs.obj</name>
      </input_file>
      <input_file id="fl-4">
         <path>.\driverlib\</path>
         <kind>object</kind>
         <file>adc.obj</file>
         <name>adc.obj</name>
      </input_file>
      <input_file id="fl-5">
         <path>.\driverlib\</path>
         <kind>object</kind>
         <file>aes.obj</file>
         <name>aes.obj</name>
      </input_file>
      <input_file id="fl-6">
         <path>.\driverlib\</path>
         <kind>object</kind>
         <file>can.obj</file>
         <name>can.obj</name>
      </input_file>
      <input_file id="fl-7">
         <path>.\driverlib\</path>
         <kind>object</kind>
         <file>comp.obj</file>
         <name>comp.obj</name>
      </input_file>
      <input_file id="fl-8">
         <path>.\driverlib\</path>
         <kind>object</kind>
         <file>cpu.obj</file>
         <name>cpu.obj</name>
      </input_file>
      <input_file id="fl-9">
         <path>.\driverlib\</path>
         <kind>object</kind>
         <file>crc.obj</file>
         <name>crc.obj</name>
      </input_file>
      <input_file id="fl-a">
         <path>.\driverlib\</path>
         <kind>object</kind>
         <file>des.obj</file>
         <name>des.obj</name>
      </input_file>
      <input_file id="fl-b">
         <path>.\driverlib\</path>
         <kind>object</kind>
         <file>eeprom.obj</file>
         <name>eeprom.obj</name>
      </input_file>
      <input_file id="fl-c">
         <path>.\driverlib\</path>
         <kind>object</kind>
         <file>emac.obj</file>
         <name>emac.obj</name>
      </input_file>
      <input_file id="fl-d">
         <path>.\driverlib\</path>
         <kind>object</kind>
         <file>epi.obj</file>
         <name>epi.obj</name>
      </input_file>
      <input_file id="fl-e">
         <path>.\driverlib\</path>
         <kind>object</kind>
         <file>flash.obj</file>
         <name>flash.obj</name>
      </input_file>
      <input_file id="fl-f">
         <path>.\driverlib\</path>
         <kind>object</kind>
         <file>fpu.obj</file>
         <name>fpu.obj</name>
      </input_file>
      <input_file id="fl-10">
         <path>.\driverlib\</path>
         <kind>object</kind>
         <file>gpio.obj</file>
         <name>gpio.obj</name>
      </input_file>
      <input_file id="fl-11">
         <path>.\driverlib\</path>
         <kind>object</kind>
         <file>hibernate.obj</file>
         <name>hibernate.obj</name>
      </input_file>
      <input_file id="fl-12">
         <path>.\driverlib\</path>
         <kind>object</kind>
         <file>i2c.obj</file>
         <name>i2c.obj</name>
      </input_file>
      <input_file id="fl-13">
         <path>.\driverlib\</path>
         <kind>object</kind>
         <file>interrupt.obj</file>
         <name>interrupt.obj</name>
      </input_file>
      <input_file id="fl-14">
         <path>.\driverlib\</path>
         <kind>object</kind>
         <file>lcd.obj</file>
         <name>lcd.obj</name>
      </input_file>
      <input_file id="fl-15">
         <path>.\driverlib\</path>
         <kind>object</kind>
         <file>mpu.obj</file>
         <name>mpu.obj</name>
      </input_file>
      <input_file id="fl-16">
         <path>.\driverlib\</path>
         <kind>object</kind>
         <file>pwm.obj</file>
         <name>pwm.obj</name>
      </input_file>
      <input_file id="fl-17">
         <path>.\driverlib\</path>
         <kind>object</kind>
         <file>qei.obj</file>
         <name>qei.obj</name>
      </input_file>
      <input_file id="fl-18">
         <path>.\driverlib\</path>
         <kind>object</kind>
         <file>shamd5.obj</file>
         <name>shamd5.obj</name>
      </input_file>
      <input_file id="fl-19">
         <path>.\driverlib\</path>
         <kind>object</kind>
         <file>ssi.obj</file>
         <name>ssi.obj</name>
      </input_file>
      <input_file id="fl-1a">
         <path>.\driverlib\</path>
         <kind>object</kind>
         <file>sw_crc.obj</file>
         <name>sw_crc.obj</name>
      </input_file>
      <input_file id="fl-1b">
         <path>.\driverlib\</path>
         <kind>object</kind>
         <file>sysctl.obj</file>
         <name>sysctl.obj</name>
      </input_file>
      <input_file id="fl-1c">
         <path>.\driverlib\</path>
         <kind>object</kind>
         <file>sysexc.obj</file>
         <name>sysexc.obj</name>
      </input_file>
      <input_file id="fl-1d">
         <path>.\driverlib\</path>
         <kind>object</kind>
         <file>systick.obj</file>
         <name>systick.obj</name>
      </input_file>
      <input_file id="fl-1e">
         <path>.\driverlib\</path>
         <kind>object</kind>
         <file>timer.obj</file>
         <name>timer.obj</name>
      </input_file>
      <input_file id="fl-1f">
         <path>.\driverlib\</path>
         <kind>object</kind>
         <file>uart.obj</file>
         <name>uart.obj</name>
      </input_file>
      <input_file id="fl-20">
         <path>.\driverlib\</path>
         <kind>object</kind>
         <file>udma.obj</file>
         <name>udma.obj</name>
      </input_file>
      <input_file id="fl-21">
         <path>.\driverlib\</path>
         <kind>object</kind>
         <file>usb.obj</file>
         <name>usb.obj</name>
      </input_file>
      <input_file id="fl-22">
         <path>.\driverlib\</path>
         <kind>object</kind>
         <file>watchdog.obj</file>
         <name>watchdog.obj</name>
      </input_file>
      <input_file id="fl-2a">
         <kind>object</kind>
         <file>&lt;internal&gt;</file>
         <name>&lt;internal&gt;</name>
      </input_file>
      <input_file id="fl-e0">
         <path>D:\ti\ccs1260\ccs\tools\compiler\ti-cgt-arm_20.2.7.LTS\lib\</path>
         <kind>archive</kind>
         <file>rtsv7M4_T_le_v4SPD16_eabi.lib</file>
         <name>sprintf.c.obj</name>
      </input_file>
      <input_file id="fl-e1">
         <path>D:\ti\ccs1260\ccs\tools\compiler\ti-cgt-arm_20.2.7.LTS\lib\</path>
         <kind>archive</kind>
         <file>rtsv7M4_T_le_v4SPD16_eabi.lib</file>
         <name>memcpy_t2.asm.obj</name>
      </input_file>
      <input_file id="fl-e2">
         <path>D:\ti\ccs1260\ccs\tools\compiler\ti-cgt-arm_20.2.7.LTS\lib\</path>
         <kind>archive</kind>
         <file>rtsv7M4_T_le_v4SPD16_eabi.lib</file>
         <name>copy_zero_init.c.obj</name>
      </input_file>
      <input_file id="fl-e3">
         <path>D:\ti\ccs1260\ccs\tools\compiler\ti-cgt-arm_20.2.7.LTS\lib\</path>
         <kind>archive</kind>
         <file>rtsv7M4_T_le_v4SPD16_eabi.lib</file>
         <name>copy_decompress_none.c.obj</name>
      </input_file>
      <input_file id="fl-e4">
         <path>D:\ti\ccs1260\ccs\tools\compiler\ti-cgt-arm_20.2.7.LTS\lib\</path>
         <kind>archive</kind>
         <file>rtsv7M4_T_le_v4SPD16_eabi.lib</file>
         <name>copy_decompress_lzss.c.obj</name>
      </input_file>
      <input_file id="fl-e5">
         <path>D:\ti\ccs1260\ccs\tools\compiler\ti-cgt-arm_20.2.7.LTS\lib\</path>
         <kind>archive</kind>
         <file>rtsv7M4_T_le_v4SPD16_eabi.lib</file>
         <name>strtoul.c.obj</name>
      </input_file>
      <input_file id="fl-e6">
         <path>D:\ti\ccs1260\ccs\tools\compiler\ti-cgt-arm_20.2.7.LTS\lib\</path>
         <kind>archive</kind>
         <file>rtsv7M4_T_le_v4SPD16_eabi.lib</file>
         <name>boot_cortex_m.c.obj</name>
      </input_file>
      <input_file id="fl-e7">
         <path>D:\ti\ccs1260\ccs\tools\compiler\ti-cgt-arm_20.2.7.LTS\lib\</path>
         <kind>archive</kind>
         <file>rtsv7M4_T_le_v4SPD16_eabi.lib</file>
         <name>errno.c.obj</name>
      </input_file>
      <input_file id="fl-e8">
         <path>D:\ti\ccs1260\ccs\tools\compiler\ti-cgt-arm_20.2.7.LTS\lib\</path>
         <kind>archive</kind>
         <file>rtsv7M4_T_le_v4SPD16_eabi.lib</file>
         <name>_printfi.c.obj</name>
      </input_file>
      <input_file id="fl-e9">
         <path>D:\ti\ccs1260\ccs\tools\compiler\ti-cgt-arm_20.2.7.LTS\lib\</path>
         <kind>archive</kind>
         <file>rtsv7M4_T_le_v4SPD16_eabi.lib</file>
         <name>fd_add_t2.asm.obj</name>
      </input_file>
      <input_file id="fl-ea">
         <path>D:\ti\ccs1260\ccs\tools\compiler\ti-cgt-arm_20.2.7.LTS\lib\</path>
         <kind>archive</kind>
         <file>rtsv7M4_T_le_v4SPD16_eabi.lib</file>
         <name>fd_cmp_t2.asm.obj</name>
      </input_file>
      <input_file id="fl-eb">
         <path>D:\ti\ccs1260\ccs\tools\compiler\ti-cgt-arm_20.2.7.LTS\lib\</path>
         <kind>archive</kind>
         <file>rtsv7M4_T_le_v4SPD16_eabi.lib</file>
         <name>fd_div_t2.asm.obj</name>
      </input_file>
      <input_file id="fl-ec">
         <path>D:\ti\ccs1260\ccs\tools\compiler\ti-cgt-arm_20.2.7.LTS\lib\</path>
         <kind>archive</kind>
         <file>rtsv7M4_T_le_v4SPD16_eabi.lib</file>
         <name>fd_mul_t2.asm.obj</name>
      </input_file>
      <input_file id="fl-ed">
         <path>D:\ti\ccs1260\ccs\tools\compiler\ti-cgt-arm_20.2.7.LTS\lib\</path>
         <kind>archive</kind>
         <file>rtsv7M4_T_le_v4SPD16_eabi.lib</file>
         <name>fd_toi_t2.asm.obj</name>
      </input_file>
      <input_file id="fl-ee">
         <path>D:\ti\ccs1260\ccs\tools\compiler\ti-cgt-arm_20.2.7.LTS\lib\</path>
         <kind>archive</kind>
         <file>rtsv7M4_T_le_v4SPD16_eabi.lib</file>
         <name>i_tofd_t2.asm.obj</name>
      </input_file>
      <input_file id="fl-ef">
         <path>D:\ti\ccs1260\ccs\tools\compiler\ti-cgt-arm_20.2.7.LTS\lib\</path>
         <kind>archive</kind>
         <file>rtsv7M4_T_le_v4SPD16_eabi.lib</file>
         <name>memset_t2.asm.obj</name>
      </input_file>
      <input_file id="fl-f0">
         <path>D:\ti\ccs1260\ccs\tools\compiler\ti-cgt-arm_20.2.7.LTS\lib\</path>
         <kind>archive</kind>
         <file>rtsv7M4_T_le_v4SPD16_eabi.lib</file>
         <name>ull_div_t2.asm.obj</name>
      </input_file>
      <input_file id="fl-f1">
         <path>D:\ti\ccs1260\ccs\tools\compiler\ti-cgt-arm_20.2.7.LTS\lib\</path>
         <kind>archive</kind>
         <file>rtsv7M4_T_le_v4SPD16_eabi.lib</file>
         <name>autoinit.c.obj</name>
      </input_file>
      <input_file id="fl-f2">
         <path>D:\ti\ccs1260\ccs\tools\compiler\ti-cgt-arm_20.2.7.LTS\lib\</path>
         <kind>archive</kind>
         <file>rtsv7M4_T_le_v4SPD16_eabi.lib</file>
         <name>pre_init.c.obj</name>
      </input_file>
      <input_file id="fl-f3">
         <path>D:\ti\ccs1260\ccs\tools\compiler\ti-cgt-arm_20.2.7.LTS\lib\</path>
         <kind>archive</kind>
         <file>rtsv7M4_T_le_v4SPD16_eabi.lib</file>
         <name>cpy_tbl.c.obj</name>
      </input_file>
      <input_file id="fl-f4">
         <path>D:\ti\ccs1260\ccs\tools\compiler\ti-cgt-arm_20.2.7.LTS\lib\</path>
         <kind>archive</kind>
         <file>rtsv7M4_T_le_v4SPD16_eabi.lib</file>
         <name>exit.c.obj</name>
      </input_file>
      <input_file id="fl-f5">
         <path>D:\ti\ccs1260\ccs\tools\compiler\ti-cgt-arm_20.2.7.LTS\lib\</path>
         <kind>archive</kind>
         <file>rtsv7M4_T_le_v4SPD16_eabi.lib</file>
         <name>_lock.c.obj</name>
      </input_file>
      <input_file id="fl-f6">
         <path>D:\ti\ccs1260\ccs\tools\compiler\ti-cgt-arm_20.2.7.LTS\lib\</path>
         <kind>archive</kind>
         <file>rtsv7M4_T_le_v4SPD16_eabi.lib</file>
         <name>_ltoa.c.obj</name>
      </input_file>
      <input_file id="fl-f7">
         <path>D:\ti\ccs1260\ccs\tools\compiler\ti-cgt-arm_20.2.7.LTS\lib\</path>
         <kind>archive</kind>
         <file>rtsv7M4_T_le_v4SPD16_eabi.lib</file>
         <name>args_main.c.obj</name>
      </input_file>
      <input_file id="fl-f8">
         <path>D:\ti\ccs1260\ccs\tools\compiler\ti-cgt-arm_20.2.7.LTS\lib\</path>
         <kind>archive</kind>
         <file>rtsv7M4_T_le_v4SPD16_eabi.lib</file>
         <name>atoi.c.obj</name>
      </input_file>
      <input_file id="fl-f9">
         <path>D:\ti\ccs1260\ccs\tools\compiler\ti-cgt-arm_20.2.7.LTS\lib\</path>
         <kind>archive</kind>
         <file>rtsv7M4_T_le_v4SPD16_eabi.lib</file>
         <name>ctype.c.obj</name>
      </input_file>
      <input_file id="fl-fa">
         <path>D:\ti\ccs1260\ccs\tools\compiler\ti-cgt-arm_20.2.7.LTS\lib\</path>
         <kind>archive</kind>
         <file>rtsv7M4_T_le_v4SPD16_eabi.lib</file>
         <name>memccpy.c.obj</name>
      </input_file>
      <input_file id="fl-fb">
         <path>D:\ti\ccs1260\ccs\tools\compiler\ti-cgt-arm_20.2.7.LTS\lib\</path>
         <kind>archive</kind>
         <file>rtsv7M4_T_le_v4SPD16_eabi.lib</file>
         <name>strchr.c.obj</name>
      </input_file>
      <input_file id="fl-fc">
         <path>D:\ti\ccs1260\ccs\tools\compiler\ti-cgt-arm_20.2.7.LTS\lib\</path>
         <kind>archive</kind>
         <file>rtsv7M4_T_le_v4SPD16_eabi.lib</file>
         <name>strlen.c.obj</name>
      </input_file>
      <input_file id="fl-fd">
         <path>D:\ti\ccs1260\ccs\tools\compiler\ti-cgt-arm_20.2.7.LTS\lib\</path>
         <kind>archive</kind>
         <file>rtsv7M4_T_le_v4SPD16_eabi.lib</file>
         <name>wcslen.c.obj</name>
      </input_file>
      <input_file id="fl-fe">
         <path>D:\ti\ccs1260\ccs\tools\compiler\ti-cgt-arm_20.2.7.LTS\lib\</path>
         <kind>archive</kind>
         <file>rtsv7M4_T_le_v4SPD16_eabi.lib</file>
         <name>s_frexp.c.obj</name>
      </input_file>
      <input_file id="fl-ff">
         <path>D:\ti\ccs1260\ccs\tools\compiler\ti-cgt-arm_20.2.7.LTS\lib\</path>
         <kind>archive</kind>
         <file>rtsv7M4_T_le_v4SPD16_eabi.lib</file>
         <name>s_scalbn.c.obj</name>
      </input_file>
      <input_file id="fl-100">
         <path>D:\ti\ccs1260\ccs\tools\compiler\ti-cgt-arm_20.2.7.LTS\lib\</path>
         <kind>archive</kind>
         <file>rtsv7M4_T_le_v4SPD16_eabi.lib</file>
         <name>div0.asm.obj</name>
      </input_file>
      <input_file id="fl-101">
         <path>D:\ti\ccs1260\ccs\tools\compiler\ti-cgt-arm_20.2.7.LTS\lib\</path>
         <kind>archive</kind>
         <file>rtsv7M4_T_le_v4SPD16_eabi.lib</file>
         <name>s_copysign.c.obj</name>
      </input_file>
   </input_file_list>
   <object_component_list>
      <object_component id="oc-12">
         <name>.intvecs</name>
         <load_address>0x0</load_address>
         <run_address>0x0</run_address>
         <size>0x26c</size>
         <input_file_ref idref="fl-3"/>
      </object_component>
      <object_component id="oc-2d">
         <name>.text</name>
         <load_address>0x26c</load_address>
         <run_address>0x26c</run_address>
         <size>0xf64</size>
         <input_file_ref idref="fl-2"/>
      </object_component>
      <object_component id="oc-74">
         <name>.text</name>
         <load_address>0x11d0</load_address>
         <run_address>0x11d0</run_address>
         <size>0xe98</size>
         <input_file_ref idref="fl-1b"/>
      </object_component>
      <object_component id="oc-87">
         <name>.text</name>
         <load_address>0x2068</load_address>
         <run_address>0x2068</run_address>
         <size>0xbac</size>
         <input_file_ref idref="fl-10"/>
      </object_component>
      <object_component id="oc-15d">
         <name>.text:__TI_printfi</name>
         <load_address>0x2c14</load_address>
         <run_address>0x2c14</run_address>
         <size>0xa4e</size>
         <input_file_ref idref="fl-e8"/>
      </object_component>
      <object_component id="oc-337">
         <name>.text</name>
         <load_address>0x3662</load_address>
         <run_address>0x3662</run_address>
         <size>0x2</size>
         <input_file_ref idref="fl-100"/>
      </object_component>
      <object_component id="oc-93">
         <name>.text</name>
         <load_address>0x3664</load_address>
         <run_address>0x3664</run_address>
         <size>0xa28</size>
         <input_file_ref idref="fl-6"/>
      </object_component>
      <object_component id="oc-7b">
         <name>.text</name>
         <load_address>0x408c</load_address>
         <run_address>0x408c</run_address>
         <size>0x69c</size>
         <input_file_ref idref="fl-12"/>
      </object_component>
      <object_component id="oc-99">
         <name>.text</name>
         <load_address>0x4728</load_address>
         <run_address>0x4728</run_address>
         <size>0x618</size>
         <input_file_ref idref="fl-1f"/>
      </object_component>
      <object_component id="oc-8d">
         <name>.text</name>
         <load_address>0x4d40</load_address>
         <run_address>0x4d40</run_address>
         <size>0x3c0</size>
         <input_file_ref idref="fl-13"/>
      </object_component>
      <object_component id="oc-b6">
         <name>.text</name>
         <load_address>0x5100</load_address>
         <run_address>0x5100</run_address>
         <size>0x34c</size>
         <input_file_ref idref="fl-e"/>
      </object_component>
      <object_component id="oc-243">
         <name>.text:_pconv_a</name>
         <load_address>0x544c</load_address>
         <run_address>0x544c</run_address>
         <size>0x270</size>
         <input_file_ref idref="fl-e8"/>
      </object_component>
      <object_component id="oc-231">
         <name>.text:_pconv_g</name>
         <load_address>0x56bc</load_address>
         <run_address>0x56bc</run_address>
         <size>0x1d0</size>
         <input_file_ref idref="fl-e8"/>
      </object_component>
      <object_component id="oc-2bf">
         <name>.text</name>
         <load_address>0x588c</load_address>
         <run_address>0x588c</run_address>
         <size>0x1b6</size>
         <input_file_ref idref="fl-e9"/>
      </object_component>
      <object_component id="oc-23d">
         <name>.text:_pconv_e</name>
         <load_address>0x5a44</load_address>
         <run_address>0x5a44</run_address>
         <size>0x13c</size>
         <input_file_ref idref="fl-e8"/>
      </object_component>
      <object_component id="oc-2a5">
         <name>.text</name>
         <load_address>0x5b80</load_address>
         <run_address>0x5b80</run_address>
         <size>0x136</size>
         <input_file_ref idref="fl-eb"/>
      </object_component>
      <object_component id="oc-2d1">
         <name>.text:fcvt</name>
         <load_address>0x5cb8</load_address>
         <run_address>0x5cb8</run_address>
         <size>0x124</size>
         <input_file_ref idref="fl-e8"/>
      </object_component>
      <object_component id="oc-2e5">
         <name>.text:scalbn</name>
         <load_address>0x5ddc</load_address>
         <run_address>0x5ddc</run_address>
         <size>0x110</size>
         <input_file_ref idref="fl-ff"/>
      </object_component>
      <object_component id="oc-b0">
         <name>.text:strtoul</name>
         <load_address>0x5eec</load_address>
         <run_address>0x5eec</run_address>
         <size>0x110</size>
         <input_file_ref idref="fl-e5"/>
      </object_component>
      <object_component id="oc-2a0">
         <name>.text</name>
         <load_address>0x5ffc</load_address>
         <run_address>0x5ffc</run_address>
         <size>0xfc</size>
         <input_file_ref idref="fl-ec"/>
      </object_component>
      <object_component id="oc-226">
         <name>.text:_ltostr</name>
         <load_address>0x60f8</load_address>
         <run_address>0x60f8</run_address>
         <size>0xb1</size>
         <input_file_ref idref="fl-e8"/>
      </object_component>
      <object_component id="oc-41">
         <name>.text</name>
         <load_address>0x61aa</load_address>
         <run_address>0x61aa</run_address>
         <size>0x9c</size>
         <input_file_ref idref="fl-e1"/>
      </object_component>
      <object_component id="oc-299">
         <name>.text</name>
         <load_address>0x6246</load_address>
         <run_address>0x6246</run_address>
         <size>0x96</size>
         <input_file_ref idref="fl-f0"/>
      </object_component>
      <object_component id="oc-81">
         <name>.text</name>
         <load_address>0x62dc</load_address>
         <run_address>0x62dc</run_address>
         <size>0x88</size>
         <input_file_ref idref="fl-1d"/>
      </object_component>
      <object_component id="oc-22c">
         <name>.text:__aeabi_cdcmple</name>
         <load_address>0x6364</load_address>
         <run_address>0x6364</run_address>
         <size>0x86</size>
         <input_file_ref idref="fl-ea"/>
      </object_component>
      <object_component id="oc-2aa">
         <name>.text:__aeabi_cdrcmple</name>
         <load_address>0x63ea</load_address>
         <run_address>0x63ea</run_address>
         <size>0x86</size>
         <input_file_ref idref="fl-ea"/>
      </object_component>
      <object_component id="oc-e8">
         <name>.text</name>
         <load_address>0x6470</load_address>
         <run_address>0x6470</run_address>
         <size>0x7a</size>
         <input_file_ref idref="fl-ef"/>
      </object_component>
      <object_component id="oc-2ca">
         <name>.text:_mcpy</name>
         <load_address>0x64ea</load_address>
         <run_address>0x64ea</run_address>
         <size>0x6e</size>
         <input_file_ref idref="fl-e8"/>
      </object_component>
      <object_component id="oc-15">
         <name>.text:decompress:lzss:__TI_decompress_lzss</name>
         <load_address>0x6558</load_address>
         <run_address>0x6558</run_address>
         <size>0x68</size>
         <input_file_ref idref="fl-e4"/>
      </object_component>
      <object_component id="oc-2df">
         <name>.text:frexp</name>
         <load_address>0x65c0</load_address>
         <run_address>0x65c0</run_address>
         <size>0x64</size>
         <input_file_ref idref="fl-fe"/>
      </object_component>
      <object_component id="oc-237">
         <name>.text:_pconv_f</name>
         <load_address>0x6624</load_address>
         <run_address>0x6624</run_address>
         <size>0x56</size>
         <input_file_ref idref="fl-e8"/>
      </object_component>
      <object_component id="oc-2b4">
         <name>.text:__TI_ltoa</name>
         <load_address>0x667a</load_address>
         <run_address>0x667a</run_address>
         <size>0x54</size>
         <input_file_ref idref="fl-f6"/>
      </object_component>
      <object_component id="oc-2c4">
         <name>.text:_ecpy</name>
         <load_address>0x66ce</load_address>
         <run_address>0x66ce</run_address>
         <size>0x52</size>
         <input_file_ref idref="fl-e8"/>
      </object_component>
      <object_component id="oc-220">
         <name>.text:atoi</name>
         <load_address>0x6720</load_address>
         <run_address>0x6720</run_address>
         <size>0x4c</size>
         <input_file_ref idref="fl-f8"/>
      </object_component>
      <object_component id="oc-2af">
         <name>.text</name>
         <load_address>0x676c</load_address>
         <run_address>0x676c</run_address>
         <size>0x48</size>
         <input_file_ref idref="fl-ed"/>
      </object_component>
      <object_component id="oc-1af">
         <name>.text:__TI_auto_init_nobinit_nopinit:__TI_auto_init_nobinit_nopinit</name>
         <load_address>0x67b4</load_address>
         <run_address>0x67b4</run_address>
         <size>0x44</size>
         <input_file_ref idref="fl-f1"/>
      </object_component>
      <object_component id="oc-a8">
         <name>.text:sprintf</name>
         <load_address>0x67f8</load_address>
         <run_address>0x67f8</run_address>
         <size>0x40</size>
         <input_file_ref idref="fl-e0"/>
      </object_component>
      <object_component id="oc-2d7">
         <name>.text:_fcpy</name>
         <load_address>0x6838</load_address>
         <run_address>0x6838</run_address>
         <size>0x3e</size>
         <input_file_ref idref="fl-e8"/>
      </object_component>
      <object_component id="oc-103">
         <name>.text</name>
         <load_address>0x6876</load_address>
         <run_address>0x6876</run_address>
         <size>0x3e</size>
         <input_file_ref idref="fl-8"/>
      </object_component>
      <object_component id="oc-5f">
         <name>.text:_c_int00_noargs:_c_int00_noargs</name>
         <load_address>0x68b4</load_address>
         <run_address>0x68b4</run_address>
         <size>0x34</size>
         <input_file_ref idref="fl-e6"/>
      </object_component>
      <object_component id="oc-2ba">
         <name>.text</name>
         <load_address>0x68e8</load_address>
         <run_address>0x68e8</run_address>
         <size>0x2e</size>
         <input_file_ref idref="fl-ee"/>
      </object_component>
      <object_component id="oc-249">
         <name>.text:memccpy</name>
         <load_address>0x6916</load_address>
         <run_address>0x6916</run_address>
         <size>0x1c</size>
         <input_file_ref idref="fl-fa"/>
      </object_component>
      <object_component id="oc-350">
         <name>.text:copysign</name>
         <load_address>0x6932</load_address>
         <run_address>0x6932</run_address>
         <size>0x1a</size>
         <input_file_ref idref="fl-101"/>
      </object_component>
      <object_component id="oc-163">
         <name>.text:_outs</name>
         <load_address>0x694c</load_address>
         <run_address>0x694c</run_address>
         <size>0x18</size>
         <input_file_ref idref="fl-e0"/>
      </object_component>
      <object_component id="oc-2eb">
         <name>.text:strchr</name>
         <load_address>0x6964</load_address>
         <run_address>0x6964</run_address>
         <size>0x16</size>
         <input_file_ref idref="fl-fb"/>
      </object_component>
      <object_component id="oc-21a">
         <name>.text:strlen</name>
         <load_address>0x697a</load_address>
         <run_address>0x697a</run_address>
         <size>0x14</size>
         <input_file_ref idref="fl-fc"/>
      </object_component>
      <object_component id="oc-24f">
         <name>.text:wcslen</name>
         <load_address>0x698e</load_address>
         <run_address>0x698e</run_address>
         <size>0x12</size>
         <input_file_ref idref="fl-fd"/>
      </object_component>
      <object_component id="oc-1b">
         <name>.text:decompress:none:__TI_decompress_none</name>
         <load_address>0x69a0</load_address>
         <run_address>0x69a0</run_address>
         <size>0xe</size>
         <input_file_ref idref="fl-e3"/>
      </object_component>
      <object_component id="oc-53">
         <name>.text:decompress:ZI:__TI_zero_init</name>
         <load_address>0x69ae</load_address>
         <run_address>0x69ae</run_address>
         <size>0xc</size>
         <input_file_ref idref="fl-e2"/>
      </object_component>
      <object_component id="oc-27">
         <name>.text</name>
         <load_address>0x69ba</load_address>
         <run_address>0x69ba</run_address>
         <size>0xc</size>
         <input_file_ref idref="fl-3"/>
      </object_component>
      <object_component id="oc-169">
         <name>.text:_outc</name>
         <load_address>0x69c6</load_address>
         <run_address>0x69c6</run_address>
         <size>0xa</size>
         <input_file_ref idref="fl-e0"/>
      </object_component>
      <object_component id="oc-176">
         <name>.text:__aeabi_errno_addr</name>
         <load_address>0x69d0</load_address>
         <run_address>0x69d0</run_address>
         <size>0x8</size>
         <input_file_ref idref="fl-e7"/>
      </object_component>
      <object_component id="oc-7a">
         <name>.text:SysCtlDelay</name>
         <load_address>0x69d8</load_address>
         <run_address>0x69d8</run_address>
         <size>0x6</size>
         <input_file_ref idref="fl-1b"/>
      </object_component>
      <object_component id="oc-ee">
         <name>.text:_system_pre_init</name>
         <load_address>0x69de</load_address>
         <run_address>0x69de</run_address>
         <size>0x4</size>
         <input_file_ref idref="fl-f2"/>
      </object_component>
      <object_component id="oc-1a3">
         <name>.text:abort:abort</name>
         <load_address>0x69e2</load_address>
         <run_address>0x69e2</run_address>
         <size>0x4</size>
         <input_file_ref idref="fl-f4"/>
      </object_component>
      <object_component id="oc-10c">
         <name>.const:g_pppui32XTALtoVCO</name>
         <load_address>0x69e8</load_address>
         <run_address>0x69e8</run_address>
         <size>0x120</size>
         <input_file_ref idref="fl-1b"/>
      </object_component>
      <object_component id="oc-17c">
         <name>.const:.string:_ctypes_</name>
         <load_address>0x6b08</load_address>
         <run_address>0x6b08</run_address>
         <size>0x101</size>
         <input_file_ref idref="fl-f9"/>
      </object_component>
      <object_component id="oc-123">
         <name>.const:g_ppui32GPIOIntMapBlizzard</name>
         <load_address>0x6c0c</load_address>
         <run_address>0x6c0c</run_address>
         <size>0xc0</size>
         <input_file_ref idref="fl-10"/>
      </object_component>
      <object_component id="oc-126">
         <name>.const:g_ppui32GPIOIntMapSnowflake</name>
         <load_address>0x6ccc</load_address>
         <run_address>0x6ccc</run_address>
         <size>0xc0</size>
         <input_file_ref idref="fl-10"/>
      </object_component>
      <object_component id="oc-134">
         <name>.const:g_pui32Regs</name>
         <load_address>0x6d8c</load_address>
         <run_address>0x6d8c</run_address>
         <size>0x9c</size>
         <input_file_ref idref="fl-13"/>
      </object_component>
      <object_component id="oc-129">
         <name>.const:g_pui32GPIOBaseAddrs</name>
         <load_address>0x6e28</load_address>
         <run_address>0x6e28</run_address>
         <size>0x90</size>
         <input_file_ref idref="fl-10"/>
      </object_component>
      <object_component id="oc-109">
         <name>.const:g_pui32Xtals</name>
         <load_address>0x6eb8</load_address>
         <run_address>0x6eb8</run_address>
         <size>0x6c</size>
         <input_file_ref idref="fl-1b"/>
      </object_component>
      <object_component id="oc-11c">
         <name>.const:g_ppui32I2CIntMapSnowflake</name>
         <load_address>0x6f24</load_address>
         <run_address>0x6f24</run_address>
         <size>0x50</size>
         <input_file_ref idref="fl-12"/>
      </object_component>
      <object_component id="oc-14a">
         <name>.const:g_ppui32UARTIntMap</name>
         <load_address>0x6f74</load_address>
         <run_address>0x6f74</run_address>
         <size>0x40</size>
         <input_file_ref idref="fl-1f"/>
      </object_component>
      <object_component id="oc-14d">
         <name>.const:g_ppui32UARTIntMapSnowflake</name>
         <load_address>0x6fb4</load_address>
         <run_address>0x6fb4</run_address>
         <size>0x40</size>
         <input_file_ref idref="fl-1f"/>
      </object_component>
      <object_component id="oc-184">
         <name>.const:g_pui32FMPPERegs</name>
         <load_address>0x6ff4</load_address>
         <run_address>0x6ff4</run_address>
         <size>0x40</size>
         <input_file_ref idref="fl-e"/>
      </object_component>
      <object_component id="oc-181">
         <name>.const:g_pui32FMPRERegs</name>
         <load_address>0x7034</load_address>
         <run_address>0x7034</run_address>
         <size>0x40</size>
         <input_file_ref idref="fl-e"/>
      </object_component>
      <object_component id="oc-100">
         <name>.const:g_sXTALtoMEMTIM</name>
         <load_address>0x7074</load_address>
         <run_address>0x7074</run_address>
         <size>0x38</size>
         <input_file_ref idref="fl-1b"/>
      </object_component>
      <object_component id="oc-119">
         <name>.const:g_ppui32I2CIntMap</name>
         <load_address>0x70ac</load_address>
         <run_address>0x70ac</run_address>
         <size>0x30</size>
         <input_file_ref idref="fl-12"/>
      </object_component>
      <object_component id="oc-131">
         <name>.const:g_pui32Priority</name>
         <load_address>0x70dc</load_address>
         <run_address>0x70dc</run_address>
         <size>0x20</size>
         <input_file_ref idref="fl-13"/>
      </object_component>
      <object_component id="oc-145">
         <name>.const:g_ui16CANBitValues</name>
         <load_address>0x70fc</load_address>
         <run_address>0x70fc</run_address>
         <size>0x20</size>
         <input_file_ref idref="fl-6"/>
      </object_component>
      <object_component id="oc-13a">
         <name>.const:g_pui32Dii16Regs</name>
         <load_address>0x711c</load_address>
         <run_address>0x711c</run_address>
         <size>0x14</size>
         <input_file_ref idref="fl-13"/>
      </object_component>
      <object_component id="oc-137">
         <name>.const:g_pui32EnRegs</name>
         <load_address>0x7130</load_address>
         <run_address>0x7130</run_address>
         <size>0x14</size>
         <input_file_ref idref="fl-13"/>
      </object_component>
      <object_component id="oc-13d">
         <name>.const:g_pui32PendRegs</name>
         <load_address>0x7144</load_address>
         <run_address>0x7144</run_address>
         <size>0x14</size>
         <input_file_ref idref="fl-13"/>
      </object_component>
      <object_component id="oc-140">
         <name>.const:g_pui32UnpendRegs</name>
         <load_address>0x7158</load_address>
         <run_address>0x7158</run_address>
         <size>0x14</size>
         <input_file_ref idref="fl-13"/>
      </object_component>
      <object_component id="oc-10f">
         <name>.const:g_pui32VCOFrequencies</name>
         <load_address>0x716c</load_address>
         <run_address>0x716c</run_address>
         <size>0x8</size>
         <input_file_ref idref="fl-1b"/>
      </object_component>
      <object_component id="oc-3b2">
         <name>.cinit..data.load</name>
         <load_address>0x7178</load_address>
         <run_address>0x7178</run_address>
         <size>0x15</size>
      </object_component>
      <object_component id="oc-3af">
         <name>__TI_handler_table</name>
         <load_address>0x7190</load_address>
         <run_address>0x7190</run_address>
         <size>0xc</size>
      </object_component>
      <object_component id="oc-3b3">
         <name>.cinit..bss.load</name>
         <load_address>0x71a0</load_address>
         <run_address>0x71a0</run_address>
         <size>0x8</size>
      </object_component>
      <object_component id="oc-3b1">
         <name>.cinit..vtable.load</name>
         <load_address>0x71a8</load_address>
         <run_address>0x71a8</run_address>
         <size>0x8</size>
      </object_component>
      <object_component id="oc-3b0">
         <name>__TI_cinit_table</name>
         <load_address>0x71b0</load_address>
         <run_address>0x71b0</run_address>
         <size>0x18</size>
      </object_component>
      <object_component id="oc-12e">
         <name>.vtable</name>
         <uninitialized>true</uninitialized>
         <run_address>0x20000000</run_address>
         <size>0x26c</size>
         <input_file_ref idref="fl-13"/>
      </object_component>
      <object_component id="oc-a5">
         <name>.data</name>
         <load_address>0x20000fcc</load_address>
         <run_address>0x20000fcc</run_address>
         <size>0x21</size>
         <input_file_ref idref="fl-2"/>
      </object_component>
      <object_component id="oc-265">
         <name>.data</name>
         <load_address>0x20000ff0</load_address>
         <run_address>0x20000ff0</run_address>
         <size>0x4</size>
         <input_file_ref idref="fl-e7"/>
      </object_component>
      <object_component id="oc-a2">
         <name>.bss:CAN_MODULES</name>
         <uninitialized>true</uninitialized>
         <run_address>0x20000f70</run_address>
         <size>0x50</size>
         <input_file_ref idref="fl-2"/>
      </object_component>
      <object_component id="oc-ae">
         <name>.common:RcvString</name>
         <uninitialized>true</uninitialized>
         <run_address>0x20000a70</run_address>
         <size>0x400</size>
      </object_component>
      <object_component id="oc-9f">
         <name>.common:CAN_RECV</name>
         <uninitialized>true</uninitialized>
         <run_address>0x20000fc0</run_address>
         <size>0xc</size>
      </object_component>
      <object_component id="oc-af">
         <name>.common:PrintMsg</name>
         <uninitialized>true</uninitialized>
         <run_address>0x20000e70</run_address>
         <size>0x100</size>
      </object_component>
      <object_component id="oc-24">
         <name>.stack</name>
         <uninitialized>true</uninitialized>
         <run_address>0x20000270</run_address>
         <size>0x4</size>
         <input_file_ref idref="fl-e6"/>
      </object_component>
      <object_component id="oc-3b5">
         <name>.stack</name>
         <uninitialized>true</uninitialized>
         <run_address>0x20000270</run_address>
         <size>0x0</size>
      </object_component>
      <object_component id="oc-a0">
         <name>.debug_info</name>
         <load_address>0x0</load_address>
         <run_address>0x0</run_address>
         <size>0xb07</size>
         <input_file_ref idref="fl-2"/>
      </object_component>
      <object_component id="oc-a6">
         <name>.debug_info</name>
         <load_address>0xb07</load_address>
         <run_address>0xb07</run_address>
         <size>0x268</size>
         <input_file_ref idref="fl-2"/>
      </object_component>
      <object_component id="oc-a3">
         <name>.debug_info</name>
         <load_address>0xd6f</load_address>
         <run_address>0xd6f</run_address>
         <size>0xe7</size>
         <input_file_ref idref="fl-2"/>
      </object_component>
      <object_component id="oc-2e">
         <name>.debug_info</name>
         <load_address>0xe56</load_address>
         <run_address>0xe56</run_address>
         <size>0x1a96</size>
         <input_file_ref idref="fl-2"/>
      </object_component>
      <object_component id="oc-c7">
         <name>.debug_info</name>
         <load_address>0x28ec</load_address>
         <run_address>0x28ec</run_address>
         <size>0x1b3</size>
         <input_file_ref idref="fl-2"/>
      </object_component>
      <object_component id="oc-189">
         <name>.debug_info</name>
         <load_address>0x2a9f</load_address>
         <run_address>0x2a9f</run_address>
         <size>0x51</size>
         <input_file_ref idref="fl-2"/>
      </object_component>
      <object_component id="oc-154">
         <name>.debug_info</name>
         <load_address>0x2af0</load_address>
         <run_address>0x2af0</run_address>
         <size>0x10c</size>
         <input_file_ref idref="fl-2"/>
      </object_component>
      <object_component id="oc-ce">
         <name>.debug_info</name>
         <load_address>0x2bfc</load_address>
         <run_address>0x2bfc</run_address>
         <size>0x26b</size>
         <input_file_ref idref="fl-2"/>
      </object_component>
      <object_component id="oc-bd">
         <name>.debug_info</name>
         <load_address>0x2e67</load_address>
         <run_address>0x2e67</run_address>
         <size>0x8b</size>
         <input_file_ref idref="fl-2"/>
      </object_component>
      <object_component id="oc-18e">
         <name>.debug_info</name>
         <load_address>0x2ef2</load_address>
         <run_address>0x2ef2</run_address>
         <size>0x2a4</size>
         <input_file_ref idref="fl-2"/>
      </object_component>
      <object_component id="oc-113">
         <name>.debug_info</name>
         <load_address>0x3196</load_address>
         <run_address>0x3196</run_address>
         <size>0xef</size>
         <input_file_ref idref="fl-2"/>
      </object_component>
      <object_component id="oc-c2">
         <name>.debug_info</name>
         <load_address>0x3285</load_address>
         <run_address>0x3285</run_address>
         <size>0xbb</size>
         <input_file_ref idref="fl-2"/>
      </object_component>
      <object_component id="oc-171">
         <name>.debug_info</name>
         <load_address>0x3340</load_address>
         <run_address>0x3340</run_address>
         <size>0x2c</size>
         <input_file_ref idref="fl-2"/>
      </object_component>
      <object_component id="oc-35">
         <name>.debug_info</name>
         <load_address>0x336c</load_address>
         <run_address>0x336c</run_address>
         <size>0x33b</size>
         <input_file_ref idref="fl-3"/>
      </object_component>
      <object_component id="oc-13">
         <name>.debug_info</name>
         <load_address>0x36a7</load_address>
         <run_address>0x36a7</run_address>
         <size>0xfe</size>
         <input_file_ref idref="fl-3"/>
      </object_component>
      <object_component id="oc-2b">
         <name>.debug_info</name>
         <load_address>0x37a5</load_address>
         <run_address>0x37a5</run_address>
         <size>0x27a</size>
         <input_file_ref idref="fl-3"/>
      </object_component>
      <object_component id="oc-3c">
         <name>.debug_info</name>
         <load_address>0x3a1f</load_address>
         <run_address>0x3a1f</run_address>
         <size>0x84</size>
         <input_file_ref idref="fl-3"/>
      </object_component>
      <object_component id="oc-149">
         <name>.debug_info</name>
         <load_address>0x3aa3</load_address>
         <run_address>0x3aa3</run_address>
         <size>0x34c</size>
         <input_file_ref idref="fl-6"/>
      </object_component>
      <object_component id="oc-146">
         <name>.debug_info</name>
         <load_address>0x3def</load_address>
         <run_address>0x3def</run_address>
         <size>0xfe</size>
         <input_file_ref idref="fl-6"/>
      </object_component>
      <object_component id="oc-95">
         <name>.debug_info</name>
         <load_address>0x3eed</load_address>
         <run_address>0x3eed</run_address>
         <size>0x1857</size>
         <input_file_ref idref="fl-6"/>
      </object_component>
      <object_component id="oc-104">
         <name>.debug_info</name>
         <load_address>0x5744</load_address>
         <run_address>0x5744</run_address>
         <size>0x34b</size>
         <input_file_ref idref="fl-8"/>
      </object_component>
      <object_component id="oc-188">
         <name>.debug_info</name>
         <load_address>0x5a8f</load_address>
         <run_address>0x5a8f</run_address>
         <size>0x33c</size>
         <input_file_ref idref="fl-e"/>
      </object_component>
      <object_component id="oc-185">
         <name>.debug_info</name>
         <load_address>0x5dcb</load_address>
         <run_address>0x5dcb</run_address>
         <size>0xfc</size>
         <input_file_ref idref="fl-e"/>
      </object_component>
      <object_component id="oc-182">
         <name>.debug_info</name>
         <load_address>0x5ec7</load_address>
         <run_address>0x5ec7</run_address>
         <size>0xfc</size>
         <input_file_ref idref="fl-e"/>
      </object_component>
      <object_component id="oc-b7">
         <name>.debug_info</name>
         <load_address>0x5fc3</load_address>
         <run_address>0x5fc3</run_address>
         <size>0xb6a</size>
         <input_file_ref idref="fl-e"/>
      </object_component>
      <object_component id="oc-12d">
         <name>.debug_info</name>
         <load_address>0x6b2d</load_address>
         <run_address>0x6b2d</run_address>
         <size>0x35f</size>
         <input_file_ref idref="fl-10"/>
      </object_component>
      <object_component id="oc-124">
         <name>.debug_info</name>
         <load_address>0x6e8c</load_address>
         <run_address>0x6e8c</run_address>
         <size>0x10f</size>
         <input_file_ref idref="fl-10"/>
      </object_component>
      <object_component id="oc-127">
         <name>.debug_info</name>
         <load_address>0x6f9b</load_address>
         <run_address>0x6f9b</run_address>
         <size>0x111</size>
         <input_file_ref idref="fl-10"/>
      </object_component>
      <object_component id="oc-12a">
         <name>.debug_info</name>
         <load_address>0x70ac</load_address>
         <run_address>0x70ac</run_address>
         <size>0x103</size>
         <input_file_ref idref="fl-10"/>
      </object_component>
      <object_component id="oc-89">
         <name>.debug_info</name>
         <load_address>0x71af</load_address>
         <run_address>0x71af</run_address>
         <size>0x3155</size>
         <input_file_ref idref="fl-10"/>
      </object_component>
      <object_component id="oc-120">
         <name>.debug_info</name>
         <load_address>0xa304</load_address>
         <run_address>0xa304</run_address>
         <size>0x360</size>
         <input_file_ref idref="fl-12"/>
      </object_component>
      <object_component id="oc-11a">
         <name>.debug_info</name>
         <load_address>0xa664</load_address>
         <run_address>0xa664</run_address>
         <size>0xfc</size>
         <input_file_ref idref="fl-12"/>
      </object_component>
      <object_component id="oc-11d">
         <name>.debug_info</name>
         <load_address>0xa760</load_address>
         <run_address>0xa760</run_address>
         <size>0x10e</size>
         <input_file_ref idref="fl-12"/>
      </object_component>
      <object_component id="oc-7c">
         <name>.debug_info</name>
         <load_address>0xa86e</load_address>
         <run_address>0xa86e</run_address>
         <size>0x2acb</size>
         <input_file_ref idref="fl-12"/>
      </object_component>
      <object_component id="oc-144">
         <name>.debug_info</name>
         <load_address>0xd339</load_address>
         <run_address>0xd339</run_address>
         <size>0x34c</size>
         <input_file_ref idref="fl-13"/>
      </object_component>
      <object_component id="oc-132">
         <name>.debug_info</name>
         <load_address>0xd685</load_address>
         <run_address>0xd685</run_address>
         <size>0xfe</size>
         <input_file_ref idref="fl-13"/>
      </object_component>
      <object_component id="oc-135">
         <name>.debug_info</name>
         <load_address>0xd783</load_address>
         <run_address>0xd783</run_address>
         <size>0xf6</size>
         <input_file_ref idref="fl-13"/>
      </object_component>
      <object_component id="oc-138">
         <name>.debug_info</name>
         <load_address>0xd879</load_address>
         <run_address>0xd879</run_address>
         <size>0xfa</size>
         <input_file_ref idref="fl-13"/>
      </object_component>
      <object_component id="oc-13b">
         <name>.debug_info</name>
         <load_address>0xd973</load_address>
         <run_address>0xd973</run_address>
         <size>0x100</size>
         <input_file_ref idref="fl-13"/>
      </object_component>
      <object_component id="oc-13e">
         <name>.debug_info</name>
         <load_address>0xda73</load_address>
         <run_address>0xda73</run_address>
         <size>0xfe</size>
         <input_file_ref idref="fl-13"/>
      </object_component>
      <object_component id="oc-141">
         <name>.debug_info</name>
         <load_address>0xdb71</load_address>
         <run_address>0xdb71</run_address>
         <size>0x102</size>
         <input_file_ref idref="fl-13"/>
      </object_component>
      <object_component id="oc-12f">
         <name>.debug_info</name>
         <load_address>0xdc73</load_address>
         <run_address>0xdc73</run_address>
         <size>0xff</size>
         <input_file_ref idref="fl-13"/>
      </object_component>
      <object_component id="oc-8e">
         <name>.debug_info</name>
         <load_address>0xdd72</load_address>
         <run_address>0xdd72</run_address>
         <size>0xcff</size>
         <input_file_ref idref="fl-13"/>
      </object_component>
      <object_component id="oc-118">
         <name>.debug_info</name>
         <load_address>0xea71</load_address>
         <run_address>0xea71</run_address>
         <size>0x3bd</size>
         <input_file_ref idref="fl-1b"/>
      </object_component>
      <object_component id="oc-10a">
         <name>.debug_info</name>
         <load_address>0xee2e</load_address>
         <run_address>0xee2e</run_address>
         <size>0xf5</size>
         <input_file_ref idref="fl-1b"/>
      </object_component>
      <object_component id="oc-10d">
         <name>.debug_info</name>
         <load_address>0xef23</load_address>
         <run_address>0xef23</run_address>
         <size>0x101</size>
         <input_file_ref idref="fl-1b"/>
      </object_component>
      <object_component id="oc-101">
         <name>.debug_info</name>
         <load_address>0xf024</load_address>
         <run_address>0xf024</run_address>
         <size>0xfb</size>
         <input_file_ref idref="fl-1b"/>
      </object_component>
      <object_component id="oc-110">
         <name>.debug_info</name>
         <load_address>0xf11f</load_address>
         <run_address>0xf11f</run_address>
         <size>0x108</size>
         <input_file_ref idref="fl-1b"/>
      </object_component>
      <object_component id="oc-75">
         <name>.debug_info</name>
         <load_address>0xf227</load_address>
         <run_address>0xf227</run_address>
         <size>0x26c8</size>
         <input_file_ref idref="fl-1b"/>
      </object_component>
      <object_component id="oc-1ec">
         <name>.debug_info</name>
         <load_address>0x118ef</load_address>
         <run_address>0x118ef</run_address>
         <size>0x51</size>
         <input_file_ref idref="fl-1b"/>
      </object_component>
      <object_component id="oc-122">
         <name>.debug_info</name>
         <load_address>0x11940</load_address>
         <run_address>0x11940</run_address>
         <size>0x2db</size>
         <input_file_ref idref="fl-1d"/>
      </object_component>
      <object_component id="oc-85">
         <name>.debug_info</name>
         <load_address>0x11c1b</load_address>
         <run_address>0x11c1b</run_address>
         <size>0x554</size>
         <input_file_ref idref="fl-1d"/>
      </object_component>
      <object_component id="oc-151">
         <name>.debug_info</name>
         <load_address>0x1216f</load_address>
         <run_address>0x1216f</run_address>
         <size>0x351</size>
         <input_file_ref idref="fl-1f"/>
      </object_component>
      <object_component id="oc-14b">
         <name>.debug_info</name>
         <load_address>0x124c0</load_address>
         <run_address>0x124c0</run_address>
         <size>0xff</size>
         <input_file_ref idref="fl-1f"/>
      </object_component>
      <object_component id="oc-14e">
         <name>.debug_info</name>
         <load_address>0x125bf</load_address>
         <run_address>0x125bf</run_address>
         <size>0x111</size>
         <input_file_ref idref="fl-1f"/>
      </object_component>
      <object_component id="oc-9c">
         <name>.debug_info</name>
         <load_address>0x126d0</load_address>
         <run_address>0x126d0</run_address>
         <size>0x2670</size>
         <input_file_ref idref="fl-1f"/>
      </object_component>
      <object_component id="oc-170">
         <name>.debug_info</name>
         <load_address>0x14d40</load_address>
         <run_address>0x14d40</run_address>
         <size>0x333</size>
         <input_file_ref idref="fl-e0"/>
      </object_component>
      <object_component id="oc-aa">
         <name>.debug_info</name>
         <load_address>0x15073</load_address>
         <run_address>0x15073</run_address>
         <size>0x1d1</size>
         <input_file_ref idref="fl-e0"/>
      </object_component>
      <object_component id="oc-164">
         <name>.debug_info</name>
         <load_address>0x15244</load_address>
         <run_address>0x15244</run_address>
         <size>0x18d</size>
         <input_file_ref idref="fl-e0"/>
      </object_component>
      <object_component id="oc-16c">
         <name>.debug_info</name>
         <load_address>0x153d1</load_address>
         <run_address>0x153d1</run_address>
         <size>0x16d</size>
         <input_file_ref idref="fl-e0"/>
      </object_component>
      <object_component id="oc-2fd">
         <name>.debug_info</name>
         <load_address>0x1553e</load_address>
         <run_address>0x1553e</run_address>
         <size>0x2c</size>
         <input_file_ref idref="fl-e0"/>
      </object_component>
      <object_component id="oc-44">
         <name>.debug_info</name>
         <load_address>0x1556a</load_address>
         <run_address>0x1556a</run_address>
         <size>0x119</size>
         <input_file_ref idref="fl-e1"/>
      </object_component>
      <object_component id="oc-e7">
         <name>.debug_info</name>
         <load_address>0x15683</load_address>
         <run_address>0x15683</run_address>
         <size>0x2d4</size>
         <input_file_ref idref="fl-e2"/>
      </object_component>
      <object_component id="oc-54">
         <name>.debug_info</name>
         <load_address>0x15957</load_address>
         <run_address>0x15957</run_address>
         <size>0x1b5</size>
         <input_file_ref idref="fl-e2"/>
      </object_component>
      <object_component id="oc-e2">
         <name>.debug_info</name>
         <load_address>0x15b0c</load_address>
         <run_address>0x15b0c</run_address>
         <size>0x46</size>
         <input_file_ref idref="fl-e2"/>
      </object_component>
      <object_component id="oc-19a">
         <name>.debug_info</name>
         <load_address>0x15b52</load_address>
         <run_address>0x15b52</run_address>
         <size>0x2c</size>
         <input_file_ref idref="fl-e2"/>
      </object_component>
      <object_component id="oc-4c">
         <name>.debug_info</name>
         <load_address>0x15b7e</load_address>
         <run_address>0x15b7e</run_address>
         <size>0x2a8</size>
         <input_file_ref idref="fl-e3"/>
      </object_component>
      <object_component id="oc-1c">
         <name>.debug_info</name>
         <load_address>0x15e26</load_address>
         <run_address>0x15e26</run_address>
         <size>0x1ea</size>
         <input_file_ref idref="fl-e3"/>
      </object_component>
      <object_component id="oc-47">
         <name>.debug_info</name>
         <load_address>0x16010</load_address>
         <run_address>0x16010</run_address>
         <size>0x46</size>
         <input_file_ref idref="fl-e3"/>
      </object_component>
      <object_component id="oc-da">
         <name>.debug_info</name>
         <load_address>0x16056</load_address>
         <run_address>0x16056</run_address>
         <size>0x2c</size>
         <input_file_ref idref="fl-e3"/>
      </object_component>
      <object_component id="oc-d8">
         <name>.debug_info</name>
         <load_address>0x16082</load_address>
         <run_address>0x16082</run_address>
         <size>0x29e</size>
         <input_file_ref idref="fl-e4"/>
      </object_component>
      <object_component id="oc-16">
         <name>.debug_info</name>
         <load_address>0x16320</load_address>
         <run_address>0x16320</run_address>
         <size>0x250</size>
         <input_file_ref idref="fl-e4"/>
      </object_component>
      <object_component id="oc-37">
         <name>.debug_info</name>
         <load_address>0x16570</load_address>
         <run_address>0x16570</run_address>
         <size>0x60</size>
         <input_file_ref idref="fl-e4"/>
      </object_component>
      <object_component id="oc-193">
         <name>.debug_info</name>
         <load_address>0x165d0</load_address>
         <run_address>0x165d0</run_address>
         <size>0x46</size>
         <input_file_ref idref="fl-e4"/>
      </object_component>
      <object_component id="oc-d3">
         <name>.debug_info</name>
         <load_address>0x16616</load_address>
         <run_address>0x16616</run_address>
         <size>0x39</size>
         <input_file_ref idref="fl-e4"/>
      </object_component>
      <object_component id="oc-180">
         <name>.debug_info</name>
         <load_address>0x1664f</load_address>
         <run_address>0x1664f</run_address>
         <size>0x322</size>
         <input_file_ref idref="fl-e5"/>
      </object_component>
      <object_component id="oc-b1">
         <name>.debug_info</name>
         <load_address>0x16971</load_address>
         <run_address>0x16971</run_address>
         <size>0x231</size>
         <input_file_ref idref="fl-e5"/>
      </object_component>
      <object_component id="oc-25">
         <name>.debug_info</name>
         <load_address>0x16ba2</load_address>
         <run_address>0x16ba2</run_address>
         <size>0x10b</size>
         <input_file_ref idref="fl-e6"/>
      </object_component>
      <object_component id="oc-63">
         <name>.debug_info</name>
         <load_address>0x16cad</load_address>
         <run_address>0x16cad</run_address>
         <size>0x1a9</size>
         <input_file_ref idref="fl-e6"/>
      </object_component>
      <object_component id="oc-269">
         <name>.debug_info</name>
         <load_address>0x16e56</load_address>
         <run_address>0x16e56</run_address>
         <size>0x289</size>
         <input_file_ref idref="fl-e7"/>
      </object_component>
      <object_component id="oc-266">
         <name>.debug_info</name>
         <load_address>0x170df</load_address>
         <run_address>0x170df</run_address>
         <size>0x10e</size>
         <input_file_ref idref="fl-e7"/>
      </object_component>
      <object_component id="oc-177">
         <name>.debug_info</name>
         <load_address>0x171ed</load_address>
         <run_address>0x171ed</run_address>
         <size>0x14e</size>
         <input_file_ref idref="fl-e7"/>
      </object_component>
      <object_component id="oc-256">
         <name>.debug_info</name>
         <load_address>0x1733b</load_address>
         <run_address>0x1733b</run_address>
         <size>0x590</size>
         <input_file_ref idref="fl-e8"/>
      </object_component>
      <object_component id="oc-227">
         <name>.debug_info</name>
         <load_address>0x178cb</load_address>
         <run_address>0x178cb</run_address>
         <size>0x21e</size>
         <input_file_ref idref="fl-e8"/>
      </object_component>
      <object_component id="oc-2c5">
         <name>.debug_info</name>
         <load_address>0x17ae9</load_address>
         <run_address>0x17ae9</run_address>
         <size>0x1b3</size>
         <input_file_ref idref="fl-e8"/>
      </object_component>
      <object_component id="oc-2cb">
         <name>.debug_info</name>
         <load_address>0x17c9c</load_address>
         <run_address>0x17c9c</run_address>
         <size>0x21b</size>
         <input_file_ref idref="fl-e8"/>
      </object_component>
      <object_component id="oc-232">
         <name>.debug_info</name>
         <load_address>0x17eb7</load_address>
         <run_address>0x17eb7</run_address>
         <size>0x3c0</size>
         <input_file_ref idref="fl-e8"/>
      </object_component>
      <object_component id="oc-2d2">
         <name>.debug_info</name>
         <load_address>0x18277</load_address>
         <run_address>0x18277</run_address>
         <size>0x30a</size>
         <input_file_ref idref="fl-e8"/>
      </object_component>
      <object_component id="oc-2d8">
         <name>.debug_info</name>
         <load_address>0x18581</load_address>
         <run_address>0x18581</run_address>
         <size>0x215</size>
         <input_file_ref idref="fl-e8"/>
      </object_component>
      <object_component id="oc-238">
         <name>.debug_info</name>
         <load_address>0x18796</load_address>
         <run_address>0x18796</run_address>
         <size>0x215</size>
         <input_file_ref idref="fl-e8"/>
      </object_component>
      <object_component id="oc-23e">
         <name>.debug_info</name>
         <load_address>0x189ab</load_address>
         <run_address>0x189ab</run_address>
         <size>0x304</size>
         <input_file_ref idref="fl-e8"/>
      </object_component>
      <object_component id="oc-244">
         <name>.debug_info</name>
         <load_address>0x18caf</load_address>
         <run_address>0x18caf</run_address>
         <size>0x4b5</size>
         <input_file_ref idref="fl-e8"/>
      </object_component>
      <object_component id="oc-15e">
         <name>.debug_info</name>
         <load_address>0x19164</load_address>
         <run_address>0x19164</run_address>
         <size>0x5f4</size>
         <input_file_ref idref="fl-e8"/>
      </object_component>
      <object_component id="oc-257">
         <name>.debug_info</name>
         <load_address>0x19758</load_address>
         <run_address>0x19758</run_address>
         <size>0x86</size>
         <input_file_ref idref="fl-e8"/>
      </object_component>
      <object_component id="oc-302">
         <name>.debug_info</name>
         <load_address>0x197de</load_address>
         <run_address>0x197de</run_address>
         <size>0x39</size>
         <input_file_ref idref="fl-e8"/>
      </object_component>
      <object_component id="oc-363">
         <name>.debug_info</name>
         <load_address>0x19817</load_address>
         <run_address>0x19817</run_address>
         <size>0xb6</size>
         <input_file_ref idref="fl-e8"/>
      </object_component>
      <object_component id="oc-307">
         <name>.debug_info</name>
         <load_address>0x198cd</load_address>
         <run_address>0x198cd</run_address>
         <size>0x46</size>
         <input_file_ref idref="fl-e8"/>
      </object_component>
      <object_component id="oc-25c">
         <name>.debug_info</name>
         <load_address>0x19913</load_address>
         <run_address>0x19913</run_address>
         <size>0x46</size>
         <input_file_ref idref="fl-e8"/>
      </object_component>
      <object_component id="oc-2c1">
         <name>.debug_info</name>
         <load_address>0x19959</load_address>
         <run_address>0x19959</run_address>
         <size>0x14c</size>
         <input_file_ref idref="fl-e9"/>
      </object_component>
      <object_component id="oc-22f">
         <name>.debug_info</name>
         <load_address>0x19aa5</load_address>
         <run_address>0x19aa5</run_address>
         <size>0x128</size>
         <input_file_ref idref="fl-ea"/>
      </object_component>
      <object_component id="oc-2ad">
         <name>.debug_info</name>
         <load_address>0x19bcd</load_address>
         <run_address>0x19bcd</run_address>
         <size>0x12a</size>
         <input_file_ref idref="fl-ea"/>
      </object_component>
      <object_component id="oc-2a6">
         <name>.debug_info</name>
         <load_address>0x19cf7</load_address>
         <run_address>0x19cf7</run_address>
         <size>0x13a</size>
         <input_file_ref idref="fl-eb"/>
      </object_component>
      <object_component id="oc-2a1">
         <name>.debug_info</name>
         <load_address>0x19e31</load_address>
         <run_address>0x19e31</run_address>
         <size>0x13a</size>
         <input_file_ref idref="fl-ec"/>
      </object_component>
      <object_component id="oc-2b1">
         <name>.debug_info</name>
         <load_address>0x19f6b</load_address>
         <run_address>0x19f6b</run_address>
         <size>0x12e</size>
         <input_file_ref idref="fl-ed"/>
      </object_component>
      <object_component id="oc-2bc">
         <name>.debug_info</name>
         <load_address>0x1a099</load_address>
         <run_address>0x1a099</run_address>
         <size>0x12c</size>
         <input_file_ref idref="fl-ee"/>
      </object_component>
      <object_component id="oc-ea">
         <name>.debug_info</name>
         <load_address>0x1a1c5</load_address>
         <run_address>0x1a1c5</run_address>
         <size>0x147</size>
         <input_file_ref idref="fl-ef"/>
      </object_component>
      <object_component id="oc-29c">
         <name>.debug_info</name>
         <load_address>0x1a30c</load_address>
         <run_address>0x1a30c</run_address>
         <size>0x134</size>
         <input_file_ref idref="fl-f0"/>
      </object_component>
      <object_component id="oc-280">
         <name>.debug_info</name>
         <load_address>0x1a440</load_address>
         <run_address>0x1a440</run_address>
         <size>0x4b3</size>
         <input_file_ref idref="fl-f1"/>
      </object_component>
      <object_component id="oc-1b2">
         <name>.debug_info</name>
         <load_address>0x1a8f3</load_address>
         <run_address>0x1a8f3</run_address>
         <size>0x1a6</size>
         <input_file_ref idref="fl-f1"/>
      </object_component>
      <object_component id="oc-322">
         <name>.debug_info</name>
         <load_address>0x1aa99</load_address>
         <run_address>0x1aa99</run_address>
         <size>0x39</size>
         <input_file_ref idref="fl-f1"/>
      </object_component>
      <object_component id="oc-36b">
         <name>.debug_info</name>
         <load_address>0x1aad2</load_address>
         <run_address>0x1aad2</run_address>
         <size>0x39</size>
         <input_file_ref idref="fl-f1"/>
      </object_component>
      <object_component id="oc-327">
         <name>.debug_info</name>
         <load_address>0x1ab0b</load_address>
         <run_address>0x1ab0b</run_address>
         <size>0x39</size>
         <input_file_ref idref="fl-f1"/>
      </object_component>
      <object_component id="oc-32c">
         <name>.debug_info</name>
         <load_address>0x1ab44</load_address>
         <run_address>0x1ab44</run_address>
         <size>0xcd</size>
         <input_file_ref idref="fl-f1"/>
      </object_component>
      <object_component id="oc-f2">
         <name>.debug_info</name>
         <load_address>0x1ac11</load_address>
         <run_address>0x1ac11</run_address>
         <size>0x153</size>
         <input_file_ref idref="fl-f2"/>
      </object_component>
      <object_component id="oc-1a6">
         <name>.debug_info</name>
         <load_address>0x1ad64</load_address>
         <run_address>0x1ad64</run_address>
         <size>0x122</size>
         <input_file_ref idref="fl-f4"/>
      </object_component>
      <object_component id="oc-342">
         <name>.debug_info</name>
         <load_address>0x1ae86</load_address>
         <run_address>0x1ae86</run_address>
         <size>0x29c</size>
         <input_file_ref idref="fl-f6"/>
      </object_component>
      <object_component id="oc-2b5">
         <name>.debug_info</name>
         <load_address>0x1b122</load_address>
         <run_address>0x1b122</run_address>
         <size>0x1da</size>
         <input_file_ref idref="fl-f6"/>
      </object_component>
      <object_component id="oc-298">
         <name>.debug_info</name>
         <load_address>0x1b2fc</load_address>
         <run_address>0x1b2fc</run_address>
         <size>0x2b9</size>
         <input_file_ref idref="fl-f8"/>
      </object_component>
      <object_component id="oc-223">
         <name>.debug_info</name>
         <load_address>0x1b5b5</load_address>
         <run_address>0x1b5b5</run_address>
         <size>0x17c</size>
         <input_file_ref idref="fl-f8"/>
      </object_component>
      <object_component id="oc-26c">
         <name>.debug_info</name>
         <load_address>0x1b731</load_address>
         <run_address>0x1b731</run_address>
         <size>0xf9</size>
         <input_file_ref idref="fl-f9"/>
      </object_component>
      <object_component id="oc-17d">
         <name>.debug_info</name>
         <load_address>0x1b82a</load_address>
         <run_address>0x1b82a</run_address>
         <size>0x105</size>
         <input_file_ref idref="fl-f9"/>
      </object_component>
      <object_component id="oc-2f3">
         <name>.debug_info</name>
         <load_address>0x1b92f</load_address>
         <run_address>0x1b92f</run_address>
         <size>0x2a7</size>
         <input_file_ref idref="fl-fa"/>
      </object_component>
      <object_component id="oc-24a">
         <name>.debug_info</name>
         <load_address>0x1bbd6</load_address>
         <run_address>0x1bbd6</run_address>
         <size>0x1b8</size>
         <input_file_ref idref="fl-fa"/>
      </object_component>
      <object_component id="oc-359">
         <name>.debug_info</name>
         <load_address>0x1bd8e</load_address>
         <run_address>0x1bd8e</run_address>
         <size>0x29a</size>
         <input_file_ref idref="fl-fb"/>
      </object_component>
      <object_component id="oc-2ed">
         <name>.debug_info</name>
         <load_address>0x1c028</load_address>
         <run_address>0x1c028</run_address>
         <size>0x262</size>
         <input_file_ref idref="fl-fb"/>
      </object_component>
      <object_component id="oc-296">
         <name>.debug_info</name>
         <load_address>0x1c28a</load_address>
         <run_address>0x1c28a</run_address>
         <size>0x28f</size>
         <input_file_ref idref="fl-fc"/>
      </object_component>
      <object_component id="oc-21b">
         <name>.debug_info</name>
         <load_address>0x1c519</load_address>
         <run_address>0x1c519</run_address>
         <size>0x245</size>
         <input_file_ref idref="fl-fc"/>
      </object_component>
      <object_component id="oc-2fa">
         <name>.debug_info</name>
         <load_address>0x1c75e</load_address>
         <run_address>0x1c75e</run_address>
         <size>0x28f</size>
         <input_file_ref idref="fl-fd"/>
      </object_component>
      <object_component id="oc-251">
         <name>.debug_info</name>
         <load_address>0x1c9ed</load_address>
         <run_address>0x1c9ed</run_address>
         <size>0x15a</size>
         <input_file_ref idref="fl-fd"/>
      </object_component>
      <object_component id="oc-35c">
         <name>.debug_info</name>
         <load_address>0x1cb47</load_address>
         <run_address>0x1cb47</run_address>
         <size>0x46</size>
         <input_file_ref idref="fl-fd"/>
      </object_component>
      <object_component id="oc-2f5">
         <name>.debug_info</name>
         <load_address>0x1cb8d</load_address>
         <run_address>0x1cb8d</run_address>
         <size>0x39</size>
         <input_file_ref idref="fl-fd"/>
      </object_component>
      <object_component id="oc-34a">
         <name>.debug_info</name>
         <load_address>0x1cbc6</load_address>
         <run_address>0x1cbc6</run_address>
         <size>0x295</size>
         <input_file_ref idref="fl-fe"/>
      </object_component>
      <object_component id="oc-2e0">
         <name>.debug_info</name>
         <load_address>0x1ce5b</load_address>
         <run_address>0x1ce5b</run_address>
         <size>0x195</size>
         <input_file_ref idref="fl-fe"/>
      </object_component>
      <object_component id="oc-37c">
         <name>.debug_info</name>
         <load_address>0x1cff0</load_address>
         <run_address>0x1cff0</run_address>
         <size>0x39</size>
         <input_file_ref idref="fl-fe"/>
      </object_component>
      <object_component id="oc-34b">
         <name>.debug_info</name>
         <load_address>0x1d029</load_address>
         <run_address>0x1d029</run_address>
         <size>0x2c</size>
         <input_file_ref idref="fl-fe"/>
      </object_component>
      <object_component id="oc-357">
         <name>.debug_info</name>
         <load_address>0x1d055</load_address>
         <run_address>0x1d055</run_address>
         <size>0x2f8</size>
         <input_file_ref idref="fl-ff"/>
      </object_component>
      <object_component id="oc-2e7">
         <name>.debug_info</name>
         <load_address>0x1d34d</load_address>
         <run_address>0x1d34d</run_address>
         <size>0x225</size>
         <input_file_ref idref="fl-ff"/>
      </object_component>
      <object_component id="oc-339">
         <name>.debug_info</name>
         <load_address>0x1d572</load_address>
         <run_address>0x1d572</run_address>
         <size>0x115</size>
         <input_file_ref idref="fl-100"/>
      </object_component>
      <object_component id="oc-353">
         <name>.debug_info</name>
         <load_address>0x1d687</load_address>
         <run_address>0x1d687</run_address>
         <size>0x161</size>
         <input_file_ref idref="fl-101"/>
      </object_component>
      <object_component id="oc-3b6">
         <name>.debug_info</name>
         <load_address>0x1d7e8</load_address>
         <run_address>0x1d7e8</run_address>
         <size>0xb1</size>
      </object_component>
      <object_component id="oc-153">
         <name>.debug_line</name>
         <load_address>0x0</load_address>
         <run_address>0x0</run_address>
         <size>0x183</size>
         <input_file_ref idref="fl-2"/>
      </object_component>
      <object_component id="oc-15c">
         <name>.debug_line</name>
         <load_address>0x183</load_address>
         <run_address>0x183</run_address>
         <size>0x2d</size>
         <input_file_ref idref="fl-2"/>
      </object_component>
      <object_component id="oc-15a">
         <name>.debug_line</name>
         <load_address>0x1b0</load_address>
         <run_address>0x1b0</run_address>
         <size>0x2d</size>
         <input_file_ref idref="fl-2"/>
      </object_component>
      <object_component id="oc-31">
         <name>.debug_line</name>
         <load_address>0x1dd</load_address>
         <run_address>0x1dd</run_address>
         <size>0x5b6</size>
         <input_file_ref idref="fl-2"/>
      </object_component>
      <object_component id="oc-ca">
         <name>.debug_line</name>
         <load_address>0x793</load_address>
         <run_address>0x793</run_address>
         <size>0x36</size>
         <input_file_ref idref="fl-2"/>
      </object_component>
      <object_component id="oc-18c">
         <name>.debug_line</name>
         <load_address>0x7c9</load_address>
         <run_address>0x7c9</run_address>
         <size>0x38</size>
         <input_file_ref idref="fl-2"/>
      </object_component>
      <object_component id="oc-157">
         <name>.debug_line</name>
         <load_address>0x801</load_address>
         <run_address>0x801</run_address>
         <size>0x2d</size>
         <input_file_ref idref="fl-2"/>
      </object_component>
      <object_component id="oc-d1">
         <name>.debug_line</name>
         <load_address>0x82e</load_address>
         <run_address>0x82e</run_address>
         <size>0x6f</size>
         <input_file_ref idref="fl-2"/>
      </object_component>
      <object_component id="oc-c0">
         <name>.debug_line</name>
         <load_address>0x89d</load_address>
         <run_address>0x89d</run_address>
         <size>0x20</size>
         <input_file_ref idref="fl-2"/>
      </object_component>
      <object_component id="oc-191">
         <name>.debug_line</name>
         <load_address>0x8bd</load_address>
         <run_address>0x8bd</run_address>
         <size>0x73</size>
         <input_file_ref idref="fl-2"/>
      </object_component>
      <object_component id="oc-116">
         <name>.debug_line</name>
         <load_address>0x930</load_address>
         <run_address>0x930</run_address>
         <size>0x6f</size>
         <input_file_ref idref="fl-2"/>
      </object_component>
      <object_component id="oc-c5">
         <name>.debug_line</name>
         <load_address>0x99f</load_address>
         <run_address>0x99f</run_address>
         <size>0x70</size>
         <input_file_ref idref="fl-2"/>
      </object_component>
      <object_component id="oc-174">
         <name>.debug_line</name>
         <load_address>0xa0f</load_address>
         <run_address>0xa0f</run_address>
         <size>0x6b</size>
         <input_file_ref idref="fl-2"/>
      </object_component>
      <object_component id="oc-cd">
         <name>.debug_line</name>
         <load_address>0xa7a</load_address>
         <run_address>0xa7a</run_address>
         <size>0x41</size>
         <input_file_ref idref="fl-3"/>
      </object_component>
      <object_component id="oc-34">
         <name>.debug_line</name>
         <load_address>0xabb</load_address>
         <run_address>0xabb</run_address>
         <size>0x41</size>
         <input_file_ref idref="fl-3"/>
      </object_component>
      <object_component id="oc-28">
         <name>.debug_line</name>
         <load_address>0xafc</load_address>
         <run_address>0xafc</run_address>
         <size>0xa1</size>
         <input_file_ref idref="fl-3"/>
      </object_component>
      <object_component id="oc-3f">
         <name>.debug_line</name>
         <load_address>0xb9d</load_address>
         <run_address>0xb9d</run_address>
         <size>0x20</size>
         <input_file_ref idref="fl-3"/>
      </object_component>
      <object_component id="oc-213">
         <name>.debug_line</name>
[...]
         <value>0x1291</value>
         <object_component_ref idref="oc-74"/>
      </symbol>
      <symbol id="sm-62e">
         <name>SysCtlClockGet</name>
         <value>0x1cc9</value>
         <object_component_ref idref="oc-74"/>
      </symbol>
      <symbol id="sm-62f">
         <name>SysCtlPeripheralDisable</name>
         <value>0x14a9</value>
         <object_component_ref idref="oc-74"/>
      </symbol>
      <symbol id="sm-630">
         <name>SysCtlPWMClockSet</name>
         <value>0x1ee9</value>
         <object_component_ref idref="oc-74"/>
      </symbol>
      <symbol id="sm-631">
         <name>SysCtlUSBPLLEnable</name>
         <value>0x1f8d</value>
         <object_component_ref idref="oc-74"/>
      </symbol>
      <symbol id="sm-632">
         <name>SysCtlPeripheralSleepEnable</name>
         <value>0x14ed</value>
         <object_component_ref idref="oc-74"/>
      </symbol>
      <symbol id="sm-633">
         <name>SysCtlIntUnregister</name>
         <value>0x1671</value>
         <object_component_ref idref="oc-74"/>
      </symbol>
      <symbol id="sm-634">
         <name>SysCtlUSBPLLDisable</name>
         <value>0x1f99</value>
         <object_component_ref idref="oc-74"/>
      </symbol>
      <symbol id="sm-635">
         <name>SysCtlPeripheralReady</name>
         <value>0x132d</value>
         <object_component_ref idref="oc-74"/>
      </symbol>
      <symbol id="sm-636">
         <name>SysCtlPIOSCCalibrate</name>
         <value>0x1735</value>
         <object_component_ref idref="oc-74"/>
      </symbol>
      <symbol id="sm-637">
         <name>SysCtlResetCauseClear</name>
         <value>0x170b</value>
         <object_component_ref idref="oc-74"/>
      </symbol>
      <symbol id="sm-638">
         <name>SysCtlClockFreqSet</name>
         <value>0x17d9</value>
         <object_component_ref idref="oc-74"/>
      </symbol>
      <symbol id="sm-639">
         <name>SysCtlPeripheralReset</name>
         <value>0x13e5</value>
         <object_component_ref idref="oc-74"/>
      </symbol>
      <symbol id="sm-653">
         <name>SysTickIntDisable</name>
         <value>0x632d</value>
         <object_component_ref idref="oc-81"/>
      </symbol>
      <symbol id="sm-654">
         <name>SysTickEnable</name>
         <value>0x62dd</value>
         <object_component_ref idref="oc-81"/>
      </symbol>
      <symbol id="sm-655">
         <name>SysTickPeriodGet</name>
         <value>0x634b</value>
         <object_component_ref idref="oc-81"/>
      </symbol>
      <symbol id="sm-656">
         <name>SysTickIntRegister</name>
         <value>0x62f5</value>
         <object_component_ref idref="oc-81"/>
      </symbol>
      <symbol id="sm-657">
         <name>SysTickIntEnable</name>
         <value>0x6321</value>
         <object_component_ref idref="oc-81"/>
      </symbol>
      <symbol id="sm-658">
         <name>SysTickValueGet</name>
         <value>0x6353</value>
         <object_component_ref idref="oc-81"/>
      </symbol>
      <symbol id="sm-659">
         <name>SysTickIntUnregister</name>
         <value>0x630d</value>
         <object_component_ref idref="oc-81"/>
      </symbol>
      <symbol id="sm-65a">
         <name>SysTickPeriodSet</name>
         <value>0x6339</value>
         <object_component_ref idref="oc-81"/>
      </symbol>
      <symbol id="sm-65b">
         <name>SysTickDisable</name>
         <value>0x62e9</value>
         <object_component_ref idref="oc-81"/>
      </symbol>
      <symbol id="sm-6ce">
         <name>UARTClockSourceGet</name>
         <value>0x4c97</value>
         <object_component_ref idref="oc-99"/>
      </symbol>
      <symbol id="sm-6cf">
         <name>UARTCharPutNonBlocking</name>
         <value>0x4b09</value>
         <object_component_ref idref="oc-99"/>
      </symbol>
      <symbol id="sm-6d0">
         <name>UARTDMAEnable</name>
         <value>0x4c31</value>
         <object_component_ref idref="oc-99"/>
      </symbol>
      <symbol id="sm-6d1">
         <name>UARTTxIntModeSet</name>
         <value>0x4a6d</value>
         <object_component_ref idref="oc-99"/>
      </symbol>
      <symbol id="sm-6d2">
         <name>UARTFIFODisable</name>
         <value>0x491b</value>
         <object_component_ref idref="oc-99"/>
      </symbol>
      <symbol id="sm-6d3">
         <name>UARTIntUnregister</name>
         <value>0x4bb1</value>
         <object_component_ref idref="oc-99"/>
      </symbol>
      <symbol id="sm-6d4">
         <name>UARTRxErrorClear</name>
         <value>0x4c73</value>
         <object_component_ref idref="oc-99"/>
      </symbol>
      <symbol id="sm-6d5">
         <name>UARTModemControlSet</name>
         <value>0x49bd</value>
         <object_component_ref idref="oc-99"/>
      </symbol>
      <symbol id="sm-6d6">
         <name>UARTFlowControlSet</name>
         <value>0x4a3f</value>
         <object_component_ref idref="oc-99"/>
      </symbol>
      <symbol id="sm-6d7">
         <name>UARTConfigSetExpClk</name>
         <value>0x47f5</value>
         <object_component_ref idref="oc-99"/>
      </symbol>
      <symbol id="sm-6d8">
         <name>UARTSmartCardDisable</name>
         <value>0x49a7</value>
         <object_component_ref idref="oc-99"/>
      </symbol>
      <symbol id="sm-6d9">
         <name>UARTDisable</name>
         <value>0x48db</value>
         <object_component_ref idref="oc-99"/>
      </symbol>
      <symbol id="sm-6da">
         <name>UART9BitDisable</name>
         <value>0x4cbd</value>
         <object_component_ref idref="oc-99"/>
      </symbol>
      <symbol id="sm-6db">
         <name>UARTFIFOLevelGet</name>
         <value>0x47cd</value>
         <object_component_ref idref="oc-99"/>
      </symbol>
      <symbol id="sm-6dc">
         <name>UARTBusy</name>
         <value>0x4b75</value>
         <object_component_ref idref="oc-99"/>
      </symbol>
      <symbol id="sm-6dd">
         <name>UARTDisableSIR</name>
         <value>0x495f</value>
         <object_component_ref idref="oc-99"/>
      </symbol>
      <symbol id="sm-6de">
         <name>UARTIntEnable</name>
         <value>0x4bd1</value>
         <object_component_ref idref="oc-99"/>
      </symbol>
      <symbol id="sm-6df">
         <name>UARTCharsAvail</name>
         <value>0x4a9b</value>
         <object_component_ref idref="oc-99"/>
      </symbol>
      <symbol id="sm-6e0">
         <name>UARTCharGetNonBlocking</name>
         <value>0x4ad7</value>
         <object_component_ref idref="oc-99"/>
      </symbol>
      <symbol id="sm-6e1">
         <name>UARTClockSourceSet</name>
         <value>0x4c83</value>
         <object_component_ref idref="oc-99"/>
      </symbol>
      <symbol id="sm-6e2">
         <name>UARTTxIntModeGet</name>
         <value>0x4a89</value>
         <object_component_ref idref="oc-99"/>
      </symbol>
      <symbol id="sm-6e3">
         <name>UARTModemStatusGet</name>
         <value>0x4a2b</value>
         <object_component_ref idref="oc-99"/>
      </symbol>
      <symbol id="sm-6e4">
         <name>UARTIntDisable</name>
         <value>0x4be9</value>
         <object_component_ref idref="oc-99"/>
      </symbol>
      <symbol id="sm-6e5">
         <name>UARTCharPut</name>
         <value>0x4b2d</value>
         <object_component_ref idref="oc-99"/>
      </symbol>
      <symbol id="sm-6e6">
         <name>UARTParityModeSet</name>
         <value>0x4787</value>
         <object_component_ref idref="oc-99"/>
      </symbol>
      <symbol id="sm-6e7">
         <name>UARTRxErrorGet</name>
         <value>0x4c61</value>
         <object_component_ref idref="oc-99"/>
      </symbol>
      <symbol id="sm-6e8">
         <name>UARTConfigGetExpClk</name>
         <value>0x486b</value>
         <object_component_ref idref="oc-99"/>
      </symbol>
      <symbol id="sm-6e9">
         <name>UARTEnableSIR</name>
         <value>0x4931</value>
         <object_component_ref idref="oc-99"/>
      </symbol>
      <symbol id="sm-6ea">
         <name>UARTEnable</name>
         <value>0x48b7</value>
         <object_component_ref idref="oc-99"/>
      </symbol>
      <symbol id="sm-6eb">
         <name>UART9BitAddrSend</name>
         <value>0x4cf9</value>
         <object_component_ref idref="oc-99"/>
      </symbol>
      <symbol id="sm-6ec">
         <name>UARTModemControlGet</name>
         <value>0x4a19</value>
         <object_component_ref idref="oc-99"/>
      </symbol>
      <symbol id="sm-6ed">
         <name>UARTSmartCardEnable</name>
         <value>0x4975</value>
         <object_component_ref idref="oc-99"/>
      </symbol>
      <symbol id="sm-6ee">
         <name>UARTFlowControlGet</name>
         <value>0x4a5b</value>
         <object_component_ref idref="oc-99"/>
      </symbol>
      <symbol id="sm-6ef">
         <name>UARTFIFOEnable</name>
         <value>0x4905</value>
         <object_component_ref idref="oc-99"/>
      </symbol>
      <symbol id="sm-6f0">
         <name>UARTIntClear</name>
         <value>0x4c1f</value>
         <object_component_ref idref="oc-99"/>
      </symbol>
      <symbol id="sm-6f1">
         <name>UARTIntStatus</name>
         <value>0x4c01</value>
         <object_component_ref idref="oc-99"/>
      </symbol>
      <symbol id="sm-6f2">
         <name>UARTDMADisable</name>
         <value>0x4c49</value>
         <object_component_ref idref="oc-99"/>
      </symbol>
      <symbol id="sm-6f3">
         <name>UART9BitEnable</name>
         <value>0x4ca7</value>
         <object_component_ref idref="oc-99"/>
      </symbol>
      <symbol id="sm-6f4">
         <name>UARTSpaceAvail</name>
         <value>0x4ab9</value>
         <object_component_ref idref="oc-99"/>
      </symbol>
      <symbol id="sm-6f5">
         <name>UARTCharGet</name>
         <value>0x4af3</value>
         <object_component_ref idref="oc-99"/>
      </symbol>
      <symbol id="sm-6f6">
         <name>UARTFIFOLevelSet</name>
         <value>0x47b5</value>
         <object_component_ref idref="oc-99"/>
      </symbol>
      <symbol id="sm-6f7">
         <name>UARTModemControlClear</name>
         <value>0x49f5</value>
         <object_component_ref idref="oc-99"/>
      </symbol>
      <symbol id="sm-6f8">
         <name>UARTParityModeGet</name>
         <value>0x47a3</value>
         <object_component_ref idref="oc-99"/>
      </symbol>
      <symbol id="sm-6f9">
         <name>UARTIntRegister</name>
         <value>0x4b93</value>
         <object_component_ref idref="oc-99"/>
      </symbol>
      <symbol id="sm-6fa">
         <name>UARTBreakCtl</name>
         <value>0x4b4b</value>
         <object_component_ref idref="oc-99"/>
      </symbol>
      <symbol id="sm-6fb">
         <name>UART9BitAddrSet</name>
         <value>0x4cd3</value>
         <object_component_ref idref="oc-99"/>
      </symbol>
      <symbol id="sm-725">
         <name>sprintf</name>
         <value>0x67f9</value>
         <object_component_ref idref="oc-a8"/>
      </symbol>
      <symbol id="sm-740">
         <name>memcpy</name>
         <value>0x61ab</value>
         <object_component_ref idref="oc-41"/>
      </symbol>
      <symbol id="sm-741">
         <name>__aeabi_memcpy</name>
         <value>0x61ab</value>
         <object_component_ref idref="oc-41"/>
      </symbol>
      <symbol id="sm-742">
         <name>__aeabi_memcpy8</name>
         <value>0x61ab</value>
         <object_component_ref idref="oc-41"/>
      </symbol>
      <symbol id="sm-743">
         <name>__aeabi_memcpy4</name>
         <value>0x61ab</value>
         <object_component_ref idref="oc-41"/>
      </symbol>
      <symbol id="sm-75a">
         <name>__TI_zero_init</name>
         <value>0x69af</value>
         <object_component_ref idref="oc-53"/>
      </symbol>
      <symbol id="sm-771">
         <name>__TI_decompress_none</name>
         <value>0x69a1</value>
         <object_component_ref idref="oc-1b"/>
      </symbol>
      <symbol id="sm-794">
         <name>__TI_decompress_lzss</name>
         <value>0x6559</value>
         <object_component_ref idref="oc-15"/>
      </symbol>
      <symbol id="sm-7b4">
         <name>strtoul</name>
         <value>0x5eed</value>
         <object_component_ref idref="oc-b0"/>
      </symbol>
      <symbol id="sm-7c7">
         <name>__stack</name>
         <value>0x20000270</value>
         <object_component_ref idref="oc-24"/>
      </symbol>
      <symbol id="sm-7c8">
         <name>_c_int00_noargs</name>
         <value>0x68b5</value>
         <object_component_ref idref="oc-5f"/>
      </symbol>
      <symbol id="sm-7de">
         <name>__aeabi_errno_addr</name>
         <value>0x69d1</value>
         <object_component_ref idref="oc-176"/>
      </symbol>
      <symbol id="sm-7df">
         <name>errno</name>
         <value>0x20000ff0</value>
         <object_component_ref idref="oc-265"/>
      </symbol>
      <symbol id="sm-944">
         <name>__TI_printfi</name>
         <value>0x2c15</value>
         <object_component_ref idref="oc-15d"/>
      </symbol>
      <symbol id="sm-95b">
         <name>__aeabi_dsub</name>
         <value>0x588d</value>
         <object_component_ref idref="oc-2bf"/>
      </symbol>
      <symbol id="sm-95c">
         <name>__aeabi_dadd</name>
         <value>0x5897</value>
         <object_component_ref idref="oc-2bf"/>
      </symbol>
      <symbol id="sm-97e">
         <name>__aeabi_cdcmpeq</name>
         <value>0x6365</value>
         <object_component_ref idref="oc-22c"/>
      </symbol>
      <symbol id="sm-97f">
         <name>__aeabi_cdcmple</name>
         <value>0x6365</value>
         <object_component_ref idref="oc-22c"/>
      </symbol>
      <symbol id="sm-980">
         <name>__aeabi_cdrcmple</name>
         <value>0x63eb</value>
         <object_component_ref idref="oc-2aa"/>
      </symbol>
      <symbol id="sm-994">
         <name>__aeabi_ddiv</name>
         <value>0x5b81</value>
         <object_component_ref idref="oc-2a5"/>
      </symbol>
      <symbol id="sm-99f">
         <name>__aeabi_dmul</name>
         <value>0x5ffd</value>
         <object_component_ref idref="oc-2a0"/>
      </symbol>
      <symbol id="sm-9a9">
         <name>__aeabi_d2iz</name>
         <value>0x676d</value>
         <object_component_ref idref="oc-2af"/>
      </symbol>
      <symbol id="sm-9b3">
         <name>__aeabi_i2d</name>
         <value>0x68e9</value>
         <object_component_ref idref="oc-2ba"/>
      </symbol>
      <symbol id="sm-9c2">
         <name>__aeabi_memset</name>
         <value>0x6473</value>
         <object_component_ref idref="oc-e8"/>
      </symbol>
      <symbol id="sm-9c3">
         <name>memset</name>
         <value>0x6479</value>
         <object_component_ref idref="oc-e8"/>
      </symbol>
      <symbol id="sm-9c4">
         <name>__aeabi_memset8</name>
         <value>0x6473</value>
         <object_component_ref idref="oc-e8"/>
      </symbol>
      <symbol id="sm-9c5">
         <name>__aeabi_memset4</name>
         <value>0x6473</value>
         <object_component_ref idref="oc-e8"/>
      </symbol>
      <symbol id="sm-9c6">
         <name>__aeabi_memclr8</name>
         <value>0x6471</value>
         <object_component_ref idref="oc-e8"/>
      </symbol>
      <symbol id="sm-9c7">
         <name>__aeabi_memclr4</name>
         <value>0x6471</value>
         <object_component_ref idref="oc-e8"/>
      </symbol>
      <symbol id="sm-9c8">
         <name>__aeabi_memclr</name>
         <value>0x6471</value>
         <object_component_ref idref="oc-e8"/>
      </symbol>
      <symbol id="sm-9d5">
         <name>__aeabi_uldivmod</name>
         <value>0x6247</value>
         <object_component_ref idref="oc-299"/>
      </symbol>
      <symbol id="sm-9fd">
         <name>__TI_auto_init_nobinit_nopinit</name>
         <value>0x67b5</value>
         <object_component_ref idref="oc-1af"/>
      </symbol>
      <symbol id="sm-a07">
         <name>_system_pre_init</name>
         <value>0x69df</value>
         <object_component_ref idref="oc-ee"/>
      </symbol>
      <symbol id="sm-a13">
         <name>C$$EXIT</name>
         <value>0x69e3</value>
         <object_component_ref idref="oc-1a3"/>
      </symbol>
      <symbol id="sm-a14">
         <name>abort</name>
         <value>0x69e3</value>
         <object_component_ref idref="oc-1a3"/>
      </symbol>
      <symbol id="sm-a24">
         <name>__TI_ltoa</name>
         <value>0x667b</value>
         <object_component_ref idref="oc-2b4"/>
      </symbol>
      <symbol id="sm-a3b">
         <name>atoi</name>
         <value>0x6721</value>
         <object_component_ref idref="oc-220"/>
      </symbol>
      <symbol id="sm-a46">
         <name>_ctypes_</name>
         <value>0x6b08</value>
         <object_component_ref idref="oc-17c"/>
      </symbol>
      <symbol id="sm-a56">
         <name>memccpy</name>
         <value>0x6917</value>
         <object_component_ref idref="oc-249"/>
      </symbol>
      <symbol id="sm-a66">
         <name>strchr</name>
         <value>0x6965</value>
         <object_component_ref idref="oc-2eb"/>
      </symbol>
      <symbol id="sm-a74">
         <name>strlen</name>
         <value>0x697b</value>
         <object_component_ref idref="oc-21a"/>
      </symbol>
      <symbol id="sm-a8d">
         <name>wcslen</name>
         <value>0x698f</value>
         <object_component_ref idref="oc-24f"/>
      </symbol>
      <symbol id="sm-aad">
         <name>frexpl</name>
         <value>0x65c1</value>
         <object_component_ref idref="oc-2df"/>
      </symbol>
      <symbol id="sm-aae">
         <name>frexp</name>
         <value>0x65c1</value>
         <object_component_ref idref="oc-2df"/>
      </symbol>
      <symbol id="sm-acb">
         <name>scalbn</name>
         <value>0x5ddd</value>
         <object_component_ref idref="oc-2e5"/>
      </symbol>
      <symbol id="sm-acc">
         <name>scalbnl</name>
         <value>0x5ddd</value>
         <object_component_ref idref="oc-2e5"/>
      </symbol>
      <symbol id="sm-acd">
         <name>ldexpl</name>
         <value>0x5ddd</value>
         <object_component_ref idref="oc-2e5"/>
      </symbol>
      <symbol id="sm-ace">
         <name>ldexp</name>
         <value>0x5ddd</value>
         <object_component_ref idref="oc-2e5"/>
      </symbol>
      <symbol id="sm-ad8">
         <name>__aeabi_idiv0</name>
         <value>0x3663</value>
         <object_component_ref idref="oc-337"/>
      </symbol>
      <symbol id="sm-ad9">
         <name>__aeabi_ldiv0</name>
         <value>0x3663</value>
         <object_component_ref idref="oc-337"/>
      </symbol>
      <symbol id="sm-ae3">
         <name>copysign</name>
         <value>0x6933</value>
         <object_component_ref idref="oc-350"/>
      </symbol>
      <symbol id="sm-ae4">
         <name>copysignl</name>
         <value>0x6933</value>
         <object_component_ref idref="oc-350"/>
      </symbol>
      <symbol id="sm-ae5">
         <name>__TI_static_base__</name>
         <value>0x0</value>
      </symbol>
      <symbol id="sm-ae8">
         <name>__mpu_init</name>
         <value>0x0</value>
      </symbol>
      <symbol id="sm-ae9">
         <name>_system_post_cinit</name>
         <value>0x0</value>
      </symbol>
   </symbol_table>
   <title>Link successful</title>
</link_info>
