******************************************************************************
                  TI ARM Linker PC v20.2.7                     
******************************************************************************
>> Linked Tue Sep 17 14:37:53 2024

OUTPUT FILE NAME:   <Inkley_MasterTester.out>
ENTRY POINT SYMBOL: "_c_int00_noargs"  address: 000062fd


MEMORY CONFIGURATION

         name            origin    length      used     unused   attr    fill
----------------------  --------  ---------  --------  --------  ----  --------
  FLASH                 00000000   00020000  00006b82  0001947e  R  X
  SRAM                  20000000   00008000  00000fe8  00007018  RW X


SEGMENT ALLOCATION MAP

run origin  load origin   length   init length attrs members
----------  ----------- ---------- ----------- ----- -------
00000000    00000000    00006b88   00006b88    r-x
  00000000    00000000    0000026c   0000026c    r-- .intvecs
  0000026c    0000026c    000061c2   000061c2    r-x .text
  00006430    00006430    0000070c   0000070c    r-- .const
  00006b40    00006b40    00000048   00000048    r-- .cinit
20000000    20000000    00000fec   00000000    rw-
  20000000    20000000    0000026c   00000000    rw- .vtable
  20000270    20000270    00000800   00000000    rw- .stack
  20000a70    20000a70    0000055c   00000000    rw- .bss
  20000fcc    20000fcc    00000020   00000000    rw- .data


SECTION ALLOCATION MAP

 output                                  attributes/
section   page    origin      length       input sections
--------  ----  ----------  ----------   ----------------
.intvecs   0    00000000    0000026c     
                  00000000    0000026c     tm4c123ge6pm_startup_ccs.obj (.intvecs)

.text      0    0000026c    000061c2     
                  0000026c    00000e98     sysctl.obj (.text)
                  00001104    00000cf8     main.obj (.text)
                  00001dfc    00000bac     gpio.obj (.text)
                  000029a8    00000a4e     rtsv7M4_T_le_v4SPD16_eabi.lib : _printfi.c.obj (.text:__TI_printfi)
                  000033f6    00000002                                   : div0.asm.obj (.text)
                  000033f8    00000a28     can.obj (.text)
                  00003e20    0000069c     i2c.obj (.text)
                  000044bc    00000618     uart.obj (.text)
                  00004ad4    000003c0     interrupt.obj (.text)
                  00004e94    00000270     rtsv7M4_T_le_v4SPD16_eabi.lib : _printfi.c.obj (.text:_pconv_a)
                  00005104    000001d0                                   : _printfi.c.obj (.text:_pconv_g)
                  000052d4    000001b6                                   : fd_add_t2.asm.obj (.text)
                  0000548a    00000002     --HOLE-- [fill = 0]
                  0000548c    0000013c                                   : _printfi.c.obj (.text:_pconv_e)
                  000055c8    00000136                                   : fd_div_t2.asm.obj (.text)
                  000056fe    00000002     --HOLE-- [fill = 0]
                  00005700    00000124                                   : _printfi.c.obj (.text:fcvt)
                  00005824    00000110                                   : s_scalbn.c.obj (.text:scalbn)
                  00005934    00000110                                   : strtoul.c.obj (.text:strtoul)
                  00005a44    000000fc                                   : fd_mul_t2.asm.obj (.text)
                  00005b40    000000b1                                   : _printfi.c.obj (.text:_ltostr)
                  00005bf1    00000001     --HOLE-- [fill = 0]
                  00005bf2    0000009c                                   : memcpy_t2.asm.obj (.text)
                  00005c8e    00000096                                   : ull_div_t2.asm.obj (.text)
                  00005d24    00000088     systick.obj (.text)
                  00005dac    00000086     rtsv7M4_T_le_v4SPD16_eabi.lib : fd_cmp_t2.asm.obj (.text:__aeabi_cdcmple)
                  00005e32    00000086                                   : fd_cmp_t2.asm.obj (.text:__aeabi_cdrcmple)
                  00005eb8    0000007a                                   : memset_t2.asm.obj (.text)
                  00005f32    0000006e                                   : _printfi.c.obj (.text:_mcpy)
                  00005fa0    00000068                                   : copy_decompress_lzss.c.obj (.text:decompress:lzss:__TI_decompress_lzss)
                  00006008    00000064                                   : s_frexp.c.obj (.text:frexp)
                  0000606c    00000056                                   : _printfi.c.obj (.text:_pconv_f)
                  000060c2    00000054                                   : _ltoa.c.obj (.text:__TI_ltoa)
                  00006116    00000052                                   : _printfi.c.obj (.text:_ecpy)
                  00006168    0000004c                                   : atoi.c.obj (.text:atoi)
                  000061b4    00000048                                   : fd_toi_t2.asm.obj (.text)
                  000061fc    00000044                                   : autoinit.c.obj (.text:__TI_auto_init_nobinit_nopinit:__TI_auto_init_nobinit_nopinit)
                  00006240    00000040                                   : sprintf.c.obj (.text:sprintf)
                  00006280    0000003e                                   : _printfi.c.obj (.text:_fcpy)
                  000062be    0000003e     cpu.obj (.text)
                  000062fc    00000034     rtsv7M4_T_le_v4SPD16_eabi.lib : boot_cortex_m.c.obj (.text:_c_int00_noargs:_c_int00_noargs)
                  00006330    0000002e                                   : i_tofd_t2.asm.obj (.text)
                  0000635e    0000001c                                   : memccpy.c.obj (.text:memccpy)
                  0000637a    0000001a                                   : s_copysign.c.obj (.text:copysign)
                  00006394    00000018                                   : sprintf.c.obj (.text:_outs)
                  000063ac    00000016                                   : strchr.c.obj (.text:strchr)
                  000063c2    00000014                                   : strlen.c.obj (.text:strlen)
                  000063d6    00000012                                   : wcslen.c.obj (.text:wcslen)
                  000063e8    0000000e                                   : copy_decompress_none.c.obj (.text:decompress:none:__TI_decompress_none)
                  000063f6    0000000c                                   : copy_zero_init.c.obj (.text:decompress:ZI:__TI_zero_init)
                  00006402    0000000c     tm4c123ge6pm_startup_ccs.obj (.text)
                  0000640e    0000000a     rtsv7M4_T_le_v4SPD16_eabi.lib : sprintf.c.obj (.text:_outc)
                  00006418    00000008                                   : errno.c.obj (.text:__aeabi_errno_addr)
                  00006420    00000006     sysctl.obj (.text:SysCtlDelay)
                  00006426    00000004     rtsv7M4_T_le_v4SPD16_eabi.lib : pre_init.c.obj (.text:_system_pre_init)
                  0000642a    00000004                                   : exit.c.obj (.text:abort:abort)

.const     0    00006430    0000070c     
                  00006430    00000120     sysctl.obj (.const:g_pppui32XTALtoVCO)
                  00006550    00000101     rtsv7M4_T_le_v4SPD16_eabi.lib : ctype.c.obj (.const:.string:_ctypes_)
                  00006651    00000003     --HOLE-- [fill = 0]
                  00006654    000000c0     gpio.obj (.const:g_ppui32GPIOIntMapBlizzard)
                  00006714    000000c0     gpio.obj (.const:g_ppui32GPIOIntMapSnowflake)
                  000067d4    0000009c     interrupt.obj (.const:g_pui32Regs)
                  00006870    00000090     gpio.obj (.const:g_pui32GPIOBaseAddrs)
                  00006900    0000006c     sysctl.obj (.const:g_pui32Xtals)
                  0000696c    00000050     i2c.obj (.const:g_ppui32I2CIntMapSnowflake)
                  000069bc    00000040     uart.obj (.const:g_ppui32UARTIntMap)
                  000069fc    00000040     uart.obj (.const:g_ppui32UARTIntMapSnowflake)
                  00006a3c    00000038     sysctl.obj (.const:g_sXTALtoMEMTIM)
                  00006a74    00000030     i2c.obj (.const:g_ppui32I2CIntMap)
                  00006aa4    00000020     interrupt.obj (.const:g_pui32Priority)
                  00006ac4    00000020     can.obj (.const:g_ui16CANBitValues)
                  00006ae4    00000014     interrupt.obj (.const:g_pui32Dii16Regs)
                  00006af8    00000014     interrupt.obj (.const:g_pui32EnRegs)
                  00006b0c    00000014     interrupt.obj (.const:g_pui32PendRegs)
                  00006b20    00000014     interrupt.obj (.const:g_pui32UnpendRegs)
                  00006b34    00000008     sysctl.obj (.const:g_pui32VCOFrequencies)

.cinit     0    00006b40    00000048     
                  00006b40    00000011     (.cinit..data.load) [load image, compression = lzss]
                  00006b51    00000003     --HOLE-- [fill = 0]
                  00006b54    0000000c     (__TI_handler_table)
                  00006b60    00000008     (.cinit..bss.load) [load image, compression = zero_init]
                  00006b68    00000008     (.cinit..vtable.load) [load image, compression = zero_init]
                  00006b70    00000018     (__TI_cinit_table)

.init_array 
*          0    00000000    00000000     UNINITIALIZED

.vtable    0    20000000    0000026c     UNINITIALIZED
                  20000000    0000026c     interrupt.obj (.vtable)

.bss       0    20000a70    0000055c     UNINITIALIZED
                  20000a70    00000400     (.common:RcvString)
                  20000e70    00000100     (.common:PrintMsg)
                  20000f70    00000050     main.obj (.bss:CAN_MODULES)
                  20000fc0    0000000c     (.common:CAN_RECV)

.data      0    20000fcc    00000020     UNINITIALIZED
                  20000fcc    00000019     main.obj (.data)
                  20000fe5    00000003     --HOLE--
                  20000fe8    00000004     rtsv7M4_T_le_v4SPD16_eabi.lib : errno.c.obj (.data)

.stack     0    20000270    00000800     UNINITIALIZED
                  20000270    00000004     rtsv7M4_T_le_v4SPD16_eabi.lib : boot_cortex_m.c.obj (.stack)
                  20000274    000007fc     --HOLE--

__llvm_prf_cnts 
*          0    20000000    00000000     UNINITIALIZED

MODULE SUMMARY

       Module                         code    ro data   rw data
       ------                         ----    -------   -------
    .\
       main.obj                       3320    0         1397   
       tm4c123ge6pm_startup_ccs.obj   12      620       0      
    +--+------------------------------+-------+---------+---------+
       Total:                         3332    620       1397   
                                                               
    .\driverlib\
       sysctl.obj                     3742    460       0      
       gpio.obj                       2988    528       0      
       can.obj                        2600    32        0      
       interrupt.obj                  960     268       620    
       i2c.obj                        1692    128       0      
       uart.obj                       1560    128       0      
       systick.obj                    136     0         0      
       cpu.obj                        62      0         0      
    +--+------------------------------+-------+---------+---------+
       Total:                         13740   1544      620    
                                                               
    D:\ti\ccs1260\ccs\tools\compiler\ti-cgt-arm_20.2.7.LTS\lib\rtsv7M4_T_le_v4SPD16_eabi.lib
       _printfi.c.obj                 4851    0         0      
       fd_add_t2.asm.obj              438     0         0      
       fd_div_t2.asm.obj              310     0         0      
       s_scalbn.c.obj                 272     0         0      
       strtoul.c.obj                  272     0         0      
       fd_cmp_t2.asm.obj              268     0         0      
       ctype.c.obj                    0       257       0      
       fd_mul_t2.asm.obj              252     0         0      
       memcpy_t2.asm.obj              156     0         0      
       ull_div_t2.asm.obj             150     0         0      
       memset_t2.asm.obj              122     0         0      
       copy_decompress_lzss.c.obj     104     0         0      
       s_frexp.c.obj                  100     0         0      
       sprintf.c.obj                  98      0         0      
       _ltoa.c.obj                    84      0         0      
       atoi.c.obj                     76      0         0      
       fd_toi_t2.asm.obj              72      0         0      
       autoinit.c.obj                 68      0         0      
       boot_cortex_m.c.obj            52      0         0      
       i_tofd_t2.asm.obj              46      0         0      
       memccpy.c.obj                  28      0         0      
       s_copysign.c.obj               26      0         0      
       strchr.c.obj                   22      0         0      
       strlen.c.obj                   20      0         0      
       wcslen.c.obj                   18      0         0      
       copy_decompress_none.c.obj     14      0         0      
       copy_zero_init.c.obj           12      0         0      
       errno.c.obj                    8       0         4      
       exit.c.obj                     4       0         0      
       pre_init.c.obj                 4       0         0      
       div0.asm.obj                   2       0         0      
    +--+------------------------------+-------+---------+---------+
       Total:                         7949    257       4      
                                                               
       Stack:                         0       0         2048   
       Linker Generated:              0       69        0      
    +--+------------------------------+-------+---------+---------+
       Grand Total:                   25021   2490      4069   


LINKER GENERATED COPY TABLES

__TI_cinit_table @ 00006b70 records: 3, size/record: 8, table size: 24
	.data: load addr=00006b40, load size=00000011 bytes, run addr=20000fcc, run size=00000020 bytes, compression=lzss
	.bss: load addr=00006b60, load size=00000008 bytes, run addr=20000a70, run size=0000055c bytes, compression=zero_init
	.vtable: load addr=00006b68, load size=00000008 bytes, run addr=20000000, run size=0000026c bytes, compression=zero_init


LINKER GENERATED HANDLER TABLE

__TI_handler_table @ 00006b54 records: 3, size/record: 4, table size: 12
	index: 0, handler: __TI_zero_init
	index: 1, handler: __TI_decompress_lzss
	index: 2, handler: __TI_decompress_none


GLOBAL SYMBOLS: SORTED ALPHABETICALLY BY Name 

address   name                            
-------   ----                            
0000642b  C$$EXIT                         
00003609  CANBitRateSet                   
000035a1  CANBitTimingGet                 
000036d5  CANBitTimingSet                 
0000358d  CANDisable                      
00003579  CANEnable                       
0000391f  CANErrCntrGet                   
000034fd  CANInit                         
00003811  CANIntClear                     
000037b1  CANIntDisable                   
0000379b  CANIntEnable                    
00003763  CANIntRegister                  
000037c7  CANIntStatus                    
00003781  CANIntUnregister                
20000fcc  CANLastDetected                 
00001403  CANListnerEX                    
00003df1  CANMessageClear                 
00003be7  CANMessageGet                   
00003955  CANMessageSet                   
000012c3  CANPollCheck                    
0000387d  CANRetryGet                     
0000384b  CANRetrySet                     
000011f5  CANSendINT                      
0000125b  CANSendMSG                      
00003899  CANStatusGet                    
20000fc0  CAN_RECV                        
000062f3  CPUbasepriGet                   
000062e5  CPUbasepriSet                   
000062bf  CPUcpsid                        
000062d5  CPUcpsie                        
000062cb  CPUprimask                      
000062e1  CPUwfi                          
00001105  DelayMS                         
00002983  GPIOADCTriggerDisable           
00002965  GPIOADCTriggerEnable            
00002947  GPIODMATriggerDisable           
00002929  GPIODMATriggerEnable            
00001eb7  GPIODirModeGet                  
00001e5b  GPIODirModeSet                  
0000241f  GPIOIntClear                    
000023e3  GPIOIntDisable                  
000023c9  GPIOIntEnable                   
00002433  GPIOIntRegister                 
000023fd  GPIOIntStatus                   
00001fa7  GPIOIntTypeGet                  
00001f03  GPIOIntTypeSet                  
00002451  GPIOIntUnregister               
00002277  GPIOPadConfigGet                
0000203d  GPIOPadConfigSet                
000028cb  GPIOPinConfigure                
0000246b  GPIOPinRead                     
000024a3  GPIOPinTypeADC                  
000024c7  GPIOPinTypeCAN                  
00002897  GPIOPinTypeCIR                  
000024eb  GPIOPinTypeComparator           
0000250f  GPIOPinTypeEPI                  
00002533  GPIOPinTypeEthernetLED          
00002557  GPIOPinTypeEthernetMII          
0000257b  GPIOPinTypeFan                  
0000259f  GPIOPinTypeGPIOInput            
000025c3  GPIOPinTypeGPIOOutput           
000025e7  GPIOPinTypeGPIOOutputOD         
0000260b  GPIOPinTypeI2C                  
0000262f  GPIOPinTypeI2CSCL               
0000284f  GPIOPinTypeKBColumn             
0000282b  GPIOPinTypeKBRow                
00002653  GPIOPinTypeLCD                  
00002873  GPIOPinTypeLEDSeq               
00002677  GPIOPinTypeLPC                  
0000269b  GPIOPinTypePECIRx               
000026bf  GPIOPinTypePECITx               
000026e3  GPIOPinTypePWM                  
00002707  GPIOPinTypeQEI                  
0000272b  GPIOPinTypeSSI                  
0000274f  GPIOPinTypeTimer                
00002773  GPIOPinTypeUART                 
00002797  GPIOPinTypeUSBAnalog            
000027bb  GPIOPinTypeUSBDigital           
000027df  GPIOPinTypeWakeHigh             
00002805  GPIOPinTypeWakeLow              
000028bb  GPIOPinWakeStatus               
00002483  GPIOPinWrite                    
00001181  I2C0SlaveIntHandler             
00004417  I2CFIFODataGet                  
00004431  I2CFIFODataGetNonBlocking       
000043cd  I2CFIFODataPut                  
000043ef  I2CFIFODataPutNonBlocking       
000043bd  I2CFIFOStatus                   
00003fb1  I2CIntRegister                  
00003fcf  I2CIntUnregister                
0000446d  I2CMasterBurstCountGet          
00004457  I2CMasterBurstLengthSet         
00004215  I2CMasterBusBusy                
000041fd  I2CMasterBusy                   
0000422d  I2CMasterControl                
00004281  I2CMasterDataGet                
0000426b  I2CMasterDataPut                
00003f7d  I2CMasterDisable                
00003f49  I2CMasterEnable                 
0000423f  I2CMasterErr                    
0000447b  I2CMasterGlitchFilterConfigSet  
00003e7f  I2CMasterInitExpClk             
00004177  I2CMasterIntClear               
00004195  I2CMasterIntClearEx             
00004043  I2CMasterIntDisable             
00004053  I2CMasterIntDisableEx           
00003fe9  I2CMasterIntEnable              
00003ff9  I2CMasterIntEnableEx            
0000409d  I2CMasterIntStatus              
000040e1  I2CMasterIntStatusEx            
000041ef  I2CMasterLineStateGet           
000041cd  I2CMasterSlaveAddrSet           
0000428f  I2CMasterTimeoutSet             
0000437d  I2CRxFIFOConfigSet              
000043a5  I2CRxFIFOFlush                  
000042a1  I2CSlaveACKOverride             
000042d3  I2CSlaveACKValueSet             
00003f0b  I2CSlaveAddressSet              
0000432d  I2CSlaveDataGet                 
00004315  I2CSlaveDataPut                 
00003f93  I2CSlaveDisable                 
00003f5f  I2CSlaveEnable                  
000044ab  I2CSlaveFIFODisable             
00004493  I2CSlaveFIFOEnable              
00003ef1  I2CSlaveInit                    
000041a7  I2CSlaveIntClear                
000041b9  I2CSlaveIntClearEx              
0000406b  I2CSlaveIntDisable              
00004083  I2CSlaveIntDisableEx            
00004011  I2CSlaveIntEnable               
00004029  I2CSlaveIntEnableEx             
0000410d  I2CSlaveIntStatus               
00004155  I2CSlaveIntStatusEx             
00004305  I2CSlaveStatus                  
0000433d  I2CTxFIFOConfigSet              
00004365  I2CTxFIFOFlush                  
20000fdc  I2C_RcvCommand                  
20000fe0  I2C_RcvCommandParam             
20000fe4  I2C_RcvNewCommand               
000014ed  I2C_SendData                    
20000fd8  I2C_TimeOutClock                
0000147d  Init_CAN                        
000011a7  Init_I2C                        
0000118b  Init_Systick                    
00001431  Init_UART                       
00001319  IntCAN0Handler                  
00004c95  IntDisable                      
00004c23  IntEnable                       
00004d07  IntIsEnabled                    
00004ae7  IntMasterDisable                
00004ad7  IntMasterEnable                 
00004dfd  IntPendClear                    
00004d8d  IntPendSet                      
00004bff  IntPriorityGet                  
00004b77  IntPriorityGroupingGet          
00004b5d  IntPriorityGroupingSet          
00004e57  IntPriorityMaskGet              
00004e4b  IntPriorityMaskSet              
00004baf  IntPrioritySet                  
00004af7  IntRegister                     
00004e5f  IntTrigger                      
00004b49  IntUnregister                   
20000e70  PrintMsg                        
20000a70  RcvString                       
00006403  ResetISR                        
00001655  SendMenu                        
00000fe3  SysCtlADCSpeedGet               
00000fb9  SysCtlADCSpeedSet               
000010b1  SysCtlAltClkConfig              
00000875  SysCtlClockFreqSet              
00000d65  SysCtlClockGet                  
00001095  SysCtlClockOutConfig            
00000b95  SysCtlClockSet                  
00000785  SysCtlDeepSleep                 
00000ecd  SysCtlDeepSleepClockConfigSet   
00000eb1  SysCtlDeepSleepClockSet         
00006421  SysCtlDelay                     
00000363  SysCtlFlashSectorSizeGet        
00000337  SysCtlFlashSizeGet              
0000100d  SysCtlGPIOAHBDisable            
00000ff1  SysCtlGPIOAHBEnable             
00000749  SysCtlIntClear                  
00000731  SysCtlIntDisable                
0000071d  SysCtlIntEnable                 
000006f5  SysCtlIntRegister               
00000759  SysCtlIntStatus                 
0000070d  SysCtlIntUnregister             
000007c1  SysCtlMOSCConfigSet             
00001081  SysCtlNMIClear                  
00001075  SysCtlNMIStatus                 
000007d1  SysCtlPIOSCCalibrate            
00000f9f  SysCtlPWMClockGet               
00000f85  SysCtlPWMClockSet               
000006a1  SysCtlPeripheralClockGating     
00000659  SysCtlPeripheralDeepSleepDisable
00000609  SysCtlPeripheralDeepSleepEnable 
00000545  SysCtlPeripheralDisable         
00000509  SysCtlPeripheralEnable          
00000445  SysCtlPeripheralPowerOff        
00000409  SysCtlPeripheralPowerOn         
00000389  SysCtlPeripheralPresent         
000003c9  SysCtlPeripheralReady           
00000481  SysCtlPeripheralReset           
000005cd  SysCtlPeripheralSleepDisable    
00000589  SysCtlPeripheralSleepEnable     
00000775  SysCtlReset                     
00000831  SysCtlResetBehaviorGet          
00000821  SysCtlResetBehaviorSet          
000007a7  SysCtlResetCauseClear           
000007a1  SysCtlResetCauseGet             
0000032d  SysCtlSRAMSizeGet               
0000077d  SysCtlSleep                     
00001035  SysCtlUSBPLLDisable             
00001029  SysCtlUSBPLLEnable              
0000105d  SysCtlVoltageEventClear         
00001041  SysCtlVoltageEventConfig        
00001051  SysCtlVoltageEventStatus        
00005d31  SysTickDisable                  
00005d25  SysTickEnable                   
00005d75  SysTickIntDisable               
00005d69  SysTickIntEnable                
0000117f  SysTickIntHandler               
00005d3d  SysTickIntRegister              
00005d55  SysTickIntUnregister            
00005d93  SysTickPeriodGet                
00005d81  SysTickPeriodSet                
00005d9b  SysTickValueGet                 
20000fd0  SystemClockSpeed                
20000fd4  TimeOutClock                    
00004a8d  UART9BitAddrSend                
00004a67  UART9BitAddrSet                 
00004a51  UART9BitDisable                 
00004a3b  UART9BitEnable                  
000048df  UARTBreakCtl                    
00004909  UARTBusy                        
00004887  UARTCharGet                     
0000486b  UARTCharGetNonBlocking          
000048c1  UARTCharPut                     
0000489d  UARTCharPutNonBlocking          
0000482f  UARTCharsAvail                  
000016f1  UARTClearScreen                 
00004a2b  UARTClockSourceGet              
00004a17  UARTClockSourceSet              
000045ff  UARTConfigGetExpClk             
00004589  UARTConfigSetExpClk             
000049dd  UARTDMADisable                  
000049c5  UARTDMAEnable                   
0000466f  UARTDisable                     
000046f3  UARTDisableSIR                  
0000464b  UARTEnable                      
000046c5  UARTEnableSIR                   
000046af  UARTFIFODisable                 
00004699  UARTFIFOEnable                  
00004561  UARTFIFOLevelGet                
00004549  UARTFIFOLevelSet                
000047ef  UARTFlowControlGet              
000047d3  UARTFlowControlSet              
000015e5  UARTHasData                     
000049b3  UARTIntClear                    
0000497d  UARTIntDisable                  
00004965  UARTIntEnable                   
00004927  UARTIntRegister                 
00004995  UARTIntStatus                   
00004945  UARTIntUnregister               
00004789  UARTModemControlClear           
000047ad  UARTModemControlGet             
00004751  UARTModemControlSet             
000047bf  UARTModemStatusGet              
00004537  UARTParityModeGet               
0000451b  UARTParityModeSet               
00004a07  UARTRxErrorClear                
000049f5  UARTRxErrorGet                  
0000473b  UARTSmartCardDisable            
00004709  UARTSmartCardEnable             
0000484d  UARTSpaceAvail                  
000015ef  UARTStrGet                      
000015bd  UARTStrPut                      
0000481d  UARTTxIntModeGet                
00004801  UARTTxIntModeSet                
20000a70  __STACK_END                     
00000800  __STACK_SIZE                    
20000a70  __STACK_TOP                     
00006b70  __TI_CINIT_Base                 
00006b88  __TI_CINIT_Limit                
00006b54  __TI_Handler_Table_Base         
00006b60  __TI_Handler_Table_Limit        
000061fd  __TI_auto_init_nobinit_nopinit  
00005fa1  __TI_decompress_lzss            
000063e9  __TI_decompress_none            
000060c3  __TI_ltoa                       
ffffffff  __TI_pprof_out_hndl             
000029a9  __TI_printfi                    
ffffffff  __TI_prof_data_size             
ffffffff  __TI_prof_data_start            
00000000  __TI_static_base__              
000063f7  __TI_zero_init                  
00005dad  __aeabi_cdcmpeq                 
00005dad  __aeabi_cdcmple                 
00005e33  __aeabi_cdrcmple                
000061b5  __aeabi_d2iz                    
000052df  __aeabi_dadd                    
000055c9  __aeabi_ddiv                    
00005a45  __aeabi_dmul                    
000052d5  __aeabi_dsub                    
00006419  __aeabi_errno_addr              
00006331  __aeabi_i2d                     
000033f7  __aeabi_idiv0                   
000033f7  __aeabi_ldiv0                   
00005eb9  __aeabi_memclr                  
00005eb9  __aeabi_memclr4                 
00005eb9  __aeabi_memclr8                 
00005bf3  __aeabi_memcpy                  
00005bf3  __aeabi_memcpy4                 
00005bf3  __aeabi_memcpy8                 
00005ebb  __aeabi_memset                  
00005ebb  __aeabi_memset4                 
00005ebb  __aeabi_memset8                 
00005c8f  __aeabi_uldivmod                
ffffffff  __binit__                       
ffffffff  __c_args__                      
UNDEFED   __mpu_init                      
20000270  __stack                         
20000000  __start___llvm_prf_cnts         
20000000  __stop___llvm_prf_cnts          
000062fd  _c_int00_noargs                 
00006550  _ctypes_                        
UNDEFED   _system_post_cinit              
00006427  _system_pre_init                
0000642b  abort                           
00006169  atoi                            
ffffffff  binit                           
00001163  bit_check                       
00001121  bit_clear                       
0000114d  bit_set                         
00001137  bit_toogle                      
0000637b  copysign                        
0000637b  copysignl                       
20000fe8  errno                           
00006009  frexp                           
00006009  frexpl                          
20000000  g_pfnRAMVectors                 
00000000  g_pfnVectors                    
00005825  ldexp                           
00005825  ldexpl                          
000018a9  main                            
0000635f  memccpy                         
00005bf3  memcpy                          
00005ec1  memset                          
00005825  scalbn                          
00005825  scalbnl                         
00006241  sprintf                         
000063ad  strchr                          
000063c3  strlen                          
00005935  strtoul                         
000063d7  wcslen                          


GLOBAL SYMBOLS: SORTED BY Symbol Address 

address   name                            
-------   ----                            
00000000  __TI_static_base__              
00000000  g_pfnVectors                    
0000032d  SysCtlSRAMSizeGet               
00000337  SysCtlFlashSizeGet              
00000363  SysCtlFlashSectorSizeGet        
00000389  SysCtlPeripheralPresent         
000003c9  SysCtlPeripheralReady           
00000409  SysCtlPeripheralPowerOn         
00000445  SysCtlPeripheralPowerOff        
00000481  SysCtlPeripheralReset           
00000509  SysCtlPeripheralEnable          
00000545  SysCtlPeripheralDisable         
00000589  SysCtlPeripheralSleepEnable     
000005cd  SysCtlPeripheralSleepDisable    
00000609  SysCtlPeripheralDeepSleepEnable 
00000659  SysCtlPeripheralDeepSleepDisable
000006a1  SysCtlPeripheralClockGating     
000006f5  SysCtlIntRegister               
0000070d  SysCtlIntUnregister             
0000071d  SysCtlIntEnable                 
00000731  SysCtlIntDisable                
00000749  SysCtlIntClear                  
00000759  SysCtlIntStatus                 
00000775  SysCtlReset                     
0000077d  SysCtlSleep                     
00000785  SysCtlDeepSleep                 
000007a1  SysCtlResetCauseGet             
000007a7  SysCtlResetCauseClear           
000007c1  SysCtlMOSCConfigSet             
000007d1  SysCtlPIOSCCalibrate            
00000800  __STACK_SIZE                    
00000821  SysCtlResetBehaviorSet          
00000831  SysCtlResetBehaviorGet          
00000875  SysCtlClockFreqSet              
00000b95  SysCtlClockSet                  
00000d65  SysCtlClockGet                  
00000eb1  SysCtlDeepSleepClockSet         
00000ecd  SysCtlDeepSleepClockConfigSet   
00000f85  SysCtlPWMClockSet               
00000f9f  SysCtlPWMClockGet               
00000fb9  SysCtlADCSpeedSet               
00000fe3  SysCtlADCSpeedGet               
00000ff1  SysCtlGPIOAHBEnable             
0000100d  SysCtlGPIOAHBDisable            
00001029  SysCtlUSBPLLEnable              
00001035  SysCtlUSBPLLDisable             
00001041  SysCtlVoltageEventConfig        
00001051  SysCtlVoltageEventStatus        
0000105d  SysCtlVoltageEventClear         
00001075  SysCtlNMIStatus                 
00001081  SysCtlNMIClear                  
00001095  SysCtlClockOutConfig            
000010b1  SysCtlAltClkConfig              
00001105  DelayMS                         
00001121  bit_clear                       
00001137  bit_toogle                      
0000114d  bit_set                         
00001163  bit_check                       
0000117f  SysTickIntHandler               
00001181  I2C0SlaveIntHandler             
0000118b  Init_Systick                    
000011a7  Init_I2C                        
000011f5  CANSendINT                      
0000125b  CANSendMSG                      
000012c3  CANPollCheck                    
00001319  IntCAN0Handler                  
00001403  CANListnerEX                    
00001431  Init_UART                       
0000147d  Init_CAN                        
000014ed  I2C_SendData                    
000015bd  UARTStrPut                      
000015e5  UARTHasData                     
000015ef  UARTStrGet                      
00001655  SendMenu                        
000016f1  UARTClearScreen                 
000018a9  main                            
00001e5b  GPIODirModeSet                  
00001eb7  GPIODirModeGet                  
00001f03  GPIOIntTypeSet                  
00001fa7  GPIOIntTypeGet                  
0000203d  GPIOPadConfigSet                
00002277  GPIOPadConfigGet                
000023c9  GPIOIntEnable                   
000023e3  GPIOIntDisable                  
000023fd  GPIOIntStatus                   
0000241f  GPIOIntClear                    
00002433  GPIOIntRegister                 
00002451  GPIOIntUnregister               
0000246b  GPIOPinRead                     
00002483  GPIOPinWrite                    
000024a3  GPIOPinTypeADC                  
000024c7  GPIOPinTypeCAN                  
000024eb  GPIOPinTypeComparator           
0000250f  GPIOPinTypeEPI                  
00002533  GPIOPinTypeEthernetLED          
00002557  GPIOPinTypeEthernetMII          
0000257b  GPIOPinTypeFan                  
0000259f  GPIOPinTypeGPIOInput            
000025c3  GPIOPinTypeGPIOOutput           
000025e7  GPIOPinTypeGPIOOutputOD         
0000260b  GPIOPinTypeI2C                  
0000262f  GPIOPinTypeI2CSCL               
00002653  GPIOPinTypeLCD                  
00002677  GPIOPinTypeLPC                  
0000269b  GPIOPinTypePECIRx               
000026bf  GPIOPinTypePECITx               
000026e3  GPIOPinTypePWM                  
00002707  GPIOPinTypeQEI                  
0000272b  GPIOPinTypeSSI                  
0000274f  GPIOPinTypeTimer                
00002773  GPIOPinTypeUART                 
00002797  GPIOPinTypeUSBAnalog            
000027bb  GPIOPinTypeUSBDigital           
000027df  GPIOPinTypeWakeHigh             
00002805  GPIOPinTypeWakeLow              
0000282b  GPIOPinTypeKBRow                
0000284f  GPIOPinTypeKBColumn             
00002873  GPIOPinTypeLEDSeq               
00002897  GPIOPinTypeCIR                  
000028bb  GPIOPinWakeStatus               
000028cb  GPIOPinConfigure                
00002929  GPIODMATriggerEnable            
00002947  GPIODMATriggerDisable           
00002965  GPIOADCTriggerEnable            
00002983  GPIOADCTriggerDisable           
000029a9  __TI_printfi                    
000033f7  __aeabi_idiv0                   
000033f7  __aeabi_ldiv0                   
000034fd  CANInit                         
00003579  CANEnable                       
0000358d  CANDisable                      
000035a1  CANBitTimingGet                 
00003609  CANBitRateSet                   
000036d5  CANBitTimingSet                 
00003763  CANIntRegister                  
00003781  CANIntUnregister                
0000379b  CANIntEnable                    
000037b1  CANIntDisable                   
000037c7  CANIntStatus                    
00003811  CANIntClear                     
0000384b  CANRetrySet                     
0000387d  CANRetryGet                     
00003899  CANStatusGet                    
0000391f  CANErrCntrGet                   
00003955  CANMessageSet                   
00003be7  CANMessageGet                   
00003df1  CANMessageClear                 
00003e7f  I2CMasterInitExpClk             
00003ef1  I2CSlaveInit                    
00003f0b  I2CSlaveAddressSet              
00003f49  I2CMasterEnable                 
00003f5f  I2CSlaveEnable                  
00003f7d  I2CMasterDisable                
00003f93  I2CSlaveDisable                 
00003fb1  I2CIntRegister                  
00003fcf  I2CIntUnregister                
00003fe9  I2CMasterIntEnable              
00003ff9  I2CMasterIntEnableEx            
00004011  I2CSlaveIntEnable               
00004029  I2CSlaveIntEnableEx             
00004043  I2CMasterIntDisable             
00004053  I2CMasterIntDisableEx           
0000406b  I2CSlaveIntDisable              
00004083  I2CSlaveIntDisableEx            
0000409d  I2CMasterIntStatus              
000040e1  I2CMasterIntStatusEx            
0000410d  I2CSlaveIntStatus               
00004155  I2CSlaveIntStatusEx             
00004177  I2CMasterIntClear               
00004195  I2CMasterIntClearEx             
000041a7  I2CSlaveIntClear                
000041b9  I2CSlaveIntClearEx              
000041cd  I2CMasterSlaveAddrSet           
000041ef  I2CMasterLineStateGet           
000041fd  I2CMasterBusy                   
00004215  I2CMasterBusBusy                
0000422d  I2CMasterControl                
0000423f  I2CMasterErr                    
0000426b  I2CMasterDataPut                
00004281  I2CMasterDataGet                
0000428f  I2CMasterTimeoutSet             
000042a1  I2CSlaveACKOverride             
000042d3  I2CSlaveACKValueSet             
00004305  I2CSlaveStatus                  
00004315  I2CSlaveDataPut                 
0000432d  I2CSlaveDataGet                 
0000433d  I2CTxFIFOConfigSet              
00004365  I2CTxFIFOFlush                  
0000437d  I2CRxFIFOConfigSet              
000043a5  I2CRxFIFOFlush                  
000043bd  I2CFIFOStatus                   
000043cd  I2CFIFODataPut                  
000043ef  I2CFIFODataPutNonBlocking       
00004417  I2CFIFODataGet                  
00004431  I2CFIFODataGetNonBlocking       
00004457  I2CMasterBurstLengthSet         
0000446d  I2CMasterBurstCountGet          
0000447b  I2CMasterGlitchFilterConfigSet  
00004493  I2CSlaveFIFOEnable              
000044ab  I2CSlaveFIFODisable             
0000451b  UARTParityModeSet               
00004537  UARTParityModeGet               
00004549  UARTFIFOLevelSet                
00004561  UARTFIFOLevelGet                
00004589  UARTConfigSetExpClk             
000045ff  UARTConfigGetExpClk             
0000464b  UARTEnable                      
0000466f  UARTDisable                     
00004699  UARTFIFOEnable                  
000046af  UARTFIFODisable                 
000046c5  UARTEnableSIR                   
000046f3  UARTDisableSIR                  
00004709  UARTSmartCardEnable             
0000473b  UARTSmartCardDisable            
00004751  UARTModemControlSet             
00004789  UARTModemControlClear           
000047ad  UARTModemControlGet             
000047bf  UARTModemStatusGet              
000047d3  UARTFlowControlSet              
000047ef  UARTFlowControlGet              
00004801  UARTTxIntModeSet                
0000481d  UARTTxIntModeGet                
0000482f  UARTCharsAvail                  
0000484d  UARTSpaceAvail                  
0000486b  UARTCharGetNonBlocking          
00004887  UARTCharGet                     
0000489d  UARTCharPutNonBlocking          
000048c1  UARTCharPut                     
000048df  UARTBreakCtl                    
00004909  UARTBusy                        
00004927  UARTIntRegister                 
00004945  UARTIntUnregister               
00004965  UARTIntEnable                   
0000497d  UARTIntDisable                  
00004995  UARTIntStatus                   
000049b3  UARTIntClear                    
000049c5  UARTDMAEnable                   
000049dd  UARTDMADisable                  
000049f5  UARTRxErrorGet                  
00004a07  UARTRxErrorClear                
00004a17  UARTClockSourceSet              
00004a2b  UARTClockSourceGet              
00004a3b  UART9BitEnable                  
00004a51  UART9BitDisable                 
00004a67  UART9BitAddrSet                 
00004a8d  UART9BitAddrSend                
00004ad7  IntMasterEnable                 
00004ae7  IntMasterDisable                
00004af7  IntRegister                     
00004b49  IntUnregister                   
00004b5d  IntPriorityGroupingSet          
00004b77  IntPriorityGroupingGet          
00004baf  IntPrioritySet                  
00004bff  IntPriorityGet                  
00004c23  IntEnable                       
00004c95  IntDisable                      
00004d07  IntIsEnabled                    
00004d8d  IntPendSet                      
00004dfd  IntPendClear                    
00004e4b  IntPriorityMaskSet              
00004e57  IntPriorityMaskGet              
00004e5f  IntTrigger                      
000052d5  __aeabi_dsub                    
000052df  __aeabi_dadd                    
000055c9  __aeabi_ddiv                    
00005825  ldexp                           
00005825  ldexpl                          
00005825  scalbn                          
00005825  scalbnl                         
00005935  strtoul                         
00005a45  __aeabi_dmul                    
00005bf3  __aeabi_memcpy                  
00005bf3  __aeabi_memcpy4                 
00005bf3  __aeabi_memcpy8                 
00005bf3  memcpy                          
00005c8f  __aeabi_uldivmod                
00005d25  SysTickEnable                   
00005d31  SysTickDisable                  
00005d3d  SysTickIntRegister              
00005d55  SysTickIntUnregister            
00005d69  SysTickIntEnable                
00005d75  SysTickIntDisable               
00005d81  SysTickPeriodSet                
00005d93  SysTickPeriodGet                
00005d9b  SysTickValueGet                 
00005dad  __aeabi_cdcmpeq                 
00005dad  __aeabi_cdcmple                 
00005e33  __aeabi_cdrcmple                
00005eb9  __aeabi_memclr                  
00005eb9  __aeabi_memclr4                 
00005eb9  __aeabi_memclr8                 
00005ebb  __aeabi_memset                  
00005ebb  __aeabi_memset4                 
00005ebb  __aeabi_memset8                 
00005ec1  memset                          
00005fa1  __TI_decompress_lzss            
00006009  frexp                           
00006009  frexpl                          
000060c3  __TI_ltoa                       
00006169  atoi                            
000061b5  __aeabi_d2iz                    
000061fd  __TI_auto_init_nobinit_nopinit  
00006241  sprintf                         
000062bf  CPUcpsid                        
000062cb  CPUprimask                      
000062d5  CPUcpsie                        
000062e1  CPUwfi                          
000062e5  CPUbasepriSet                   
000062f3  CPUbasepriGet                   
000062fd  _c_int00_noargs                 
00006331  __aeabi_i2d                     
0000635f  memccpy                         
0000637b  copysign                        
0000637b  copysignl                       
000063ad  strchr                          
000063c3  strlen                          
000063d7  wcslen                          
000063e9  __TI_decompress_none            
000063f7  __TI_zero_init                  
00006403  ResetISR                        
00006419  __aeabi_errno_addr              
00006421  SysCtlDelay                     
00006427  _system_pre_init                
0000642b  C$$EXIT                         
0000642b  abort                           
00006550  _ctypes_                        
00006b54  __TI_Handler_Table_Base         
00006b60  __TI_Handler_Table_Limit        
00006b70  __TI_CINIT_Base                 
00006b88  __TI_CINIT_Limit                
20000000  __start___llvm_prf_cnts         
20000000  __stop___llvm_prf_cnts          
20000000  g_pfnRAMVectors                 
20000270  __stack                         
20000a70  RcvString                       
20000a70  __STACK_END                     
20000a70  __STACK_TOP                     
20000e70  PrintMsg                        
20000fc0  CAN_RECV                        
20000fcc  CANLastDetected                 
20000fd0  SystemClockSpeed                
20000fd4  TimeOutClock                    
20000fd8  I2C_TimeOutClock                
20000fdc  I2C_RcvCommand                  
20000fe0  I2C_RcvCommandParam             
20000fe4  I2C_RcvNewCommand               
20000fe8  errno                           
ffffffff  __TI_pprof_out_hndl             
ffffffff  __TI_prof_data_size             
ffffffff  __TI_prof_data_start            
ffffffff  __binit__                       
ffffffff  __c_args__                      
ffffffff  binit                           
UNDEFED   __mpu_init                      
UNDEFED   _system_post_cinit              

[355 symbols]
