<?xml version="1.0" encoding="ISO-8859-1" ?>
<link_info>
   <banner>TI ARM Linker Unix v20.2.7.LTS</banner>
   <copyright>Copyright (c) 1996-2018 Texas Instruments Incorporated</copyright>
   <link_time>0x673e51ad</link_time>
   <link_errors>0x0</link_errors>
   <output_file>Inkley_MasterTester.out</output_file>
   <entry_point>
      <name>_c_int00_noargs</name>
      <address>0x4cf9</address>
   </entry_point>
   <input_file_list>
      <input_file id="fl-2">
         <path>./</path>
         <kind>object</kind>
         <file>main.obj</file>
         <name>main.obj</name>
      </input_file>
      <input_file id="fl-3">
         <path>./</path>
         <kind>object</kind>
         <file>tm4c123ge6pm_startup_ccs.obj</file>
         <name>tm4c123ge6pm_startup_ccs.obj</name>
      </input_file>
      <input_file id="fl-4">
         <path>./driverlib/</path>
         <kind>object</kind>
         <file>adc.obj</file>
         <name>adc.obj</name>
      </input_file>
      <input_file id="fl-5">
         <path>./driverlib/</path>
         <kind>object</kind>
         <file>aes.obj</file>
         <name>aes.obj</name>
      </input_file>
      <input_file id="fl-6">
         <path>./driverlib/</path>
         <kind>object</kind>
         <file>can.obj</file>
         <name>can.obj</name>
      </input_file>
      <input_file id="fl-7">
         <path>./driverlib/</path>
         <kind>object</kind>
         <file>comp.obj</file>
         <name>comp.obj</name>
      </input_file>
      <input_file id="fl-8">
         <path>./driverlib/</path>
         <kind>object</kind>
         <file>cpu.obj</file>
         <name>cpu.obj</name>
      </input_file>
      <input_file id="fl-9">
         <path>./driverlib/</path>
         <kind>object</kind>
         <file>crc.obj</file>
         <name>crc.obj</name>
      </input_file>
      <input_file id="fl-a">
         <path>./driverlib/</path>
         <kind>object</kind>
         <file>des.obj</file>
         <name>des.obj</name>
      </input_file>
      <input_file id="fl-b">
         <path>./driverlib/</path>
         <kind>object</kind>
         <file>eeprom.obj</file>
         <name>eeprom.obj</name>
      </input_file>
      <input_file id="fl-c">
         <path>./driverlib/</path>
         <kind>object</kind>
         <file>emac.obj</file>
         <name>emac.obj</name>
      </input_file>
      <input_file id="fl-d">
         <path>./driverlib/</path>
         <kind>object</kind>
         <file>epi.obj</file>
         <name>epi.obj</name>
      </input_file>
      <input_file id="fl-e">
         <path>./driverlib/</path>
         <kind>object</kind>
         <file>flash.obj</file>
         <name>flash.obj</name>
      </input_file>
      <input_file id="fl-f">
         <path>./driverlib/</path>
         <kind>object</kind>
         <file>fpu.obj</file>
         <name>fpu.obj</name>
      </input_file>
      <input_file id="fl-10">
         <path>./driverlib/</path>
         <kind>object</kind>
         <file>gpio.obj</file>
         <name>gpio.obj</name>
      </input_file>
      <input_file id="fl-11">
         <path>./driverlib/</path>
         <kind>object</kind>
         <file>hibernate.obj</file>
         <name>hibernate.obj</name>
      </input_file>
      <input_file id="fl-12">
         <path>./driverlib/</path>
         <kind>object</kind>
         <file>i2c.obj</file>
         <name>i2c.obj</name>
      </input_file>
      <input_file id="fl-13">
         <path>./driverlib/</path>
         <kind>object</kind>
         <file>interrupt.obj</file>
         <name>interrupt.obj</name>
      </input_file>
      <input_file id="fl-14">
         <path>./driverlib/</path>
         <kind>object</kind>
         <file>lcd.obj</file>
         <name>lcd.obj</name>
      </input_file>
      <input_file id="fl-15">
         <path>./driverlib/</path>
         <kind>object</kind>
         <file>mpu.obj</file>
         <name>mpu.obj</name>
      </input_file>
      <input_file id="fl-16">
         <path>./driverlib/</path>
         <kind>object</kind>
         <file>pwm.obj</file>
         <name>pwm.obj</name>
      </input_file>
      <input_file id="fl-17">
         <path>./driverlib/</path>
         <kind>object</kind>
         <file>qei.obj</file>
         <name>qei.obj</name>
      </input_file>
      <input_file id="fl-18">
         <path>./driverlib/</path>
         <kind>object</kind>
         <file>shamd5.obj</file>
         <name>shamd5.obj</name>
      </input_file>
      <input_file id="fl-19">
         <path>./driverlib/</path>
         <kind>object</kind>
         <file>ssi.obj</file>
         <name>ssi.obj</name>
      </input_file>
      <input_file id="fl-1a">
         <path>./driverlib/</path>
         <kind>object</kind>
         <file>sw_crc.obj</file>
         <name>sw_crc.obj</name>
      </input_file>
      <input_file id="fl-1b">
         <path>./driverlib/</path>
         <kind>object</kind>
         <file>sysctl.obj</file>
         <name>sysctl.obj</name>
      </input_file>
      <input_file id="fl-1c">
         <path>./driverlib/</path>
         <kind>object</kind>
         <file>sysexc.obj</file>
         <name>sysexc.obj</name>
      </input_file>
      <input_file id="fl-1d">
         <path>./driverlib/</path>
         <kind>object</kind>
         <file>systick.obj</file>
         <name>systick.obj</name>
      </input_file>
      <input_file id="fl-1e">
         <path>./driverlib/</path>
         <kind>object</kind>
         <file>timer.obj</file>
         <name>timer.obj</name>
      </input_file>
      <input_file id="fl-1f">
         <path>./driverlib/</path>
         <kind>object</kind>
         <file>uart.obj</file>
         <name>uart.obj</name>
      </input_file>
      <input_file id="fl-20">
         <path>./driverlib/</path>
         <kind>object</kind>
         <file>udma.obj</file>
         <name>udma.obj</name>
      </input_file>
      <input_file id="fl-21">
         <path>./driverlib/</path>
         <kind>object</kind>
         <file>usb.obj</file>
         <name>usb.obj</name>
      </input_file>
      <input_file id="fl-22">
         <path>./driverlib/</path>
         <kind>object</kind>
         <file>watchdog.obj</file>
         <name>watchdog.obj</name>
      </input_file>
      <input_file id="fl-23">
         <path>./utils/</path>
         <kind>object</kind>
         <file>cmdline.obj</file>
         <name>cmdline.obj</name>
      </input_file>
      <input_file id="fl-24">
         <path>./utils/</path>
         <kind>object</kind>
         <file>cpu_usage.obj</file>
         <name>cpu_usage.obj</name>
      </input_file>
      <input_file id="fl-25">
         <path>./utils/</path>
         <kind>object</kind>
         <file>flash_pb.obj</file>
         <name>flash_pb.obj</name>
      </input_file>
      <input_file id="fl-26">
         <path>./utils/</path>
         <kind>object</kind>
         <file>isqrt.obj</file>
         <name>isqrt.obj</name>
      </input_file>
      <input_file id="fl-27">
         <path>./utils/</path>
         <kind>object</kind>
         <file>random.obj</file>
         <name>random.obj</name>
      </input_file>
      <input_file id="fl-28">
         <path>./utils/</path>
         <kind>object</kind>
         <file>ringbuf.obj</file>
         <name>ringbuf.obj</name>
      </input_file>
      <input_file id="fl-29">
         <path>./utils/</path>
         <kind>object</kind>
         <file>scheduler.obj</file>
         <name>scheduler.obj</name>
      </input_file>
      <input_file id="fl-2a">
         <path>./utils/</path>
         <kind>object</kind>
         <file>sine.obj</file>
         <name>sine.obj</name>
      </input_file>
      <input_file id="fl-2b">
         <path>./utils/</path>
         <kind>object</kind>
         <file>smbus.obj</file>
         <name>smbus.obj</name>
      </input_file>
      <input_file id="fl-2c">
         <path>./utils/</path>
         <kind>object</kind>
         <file>softi2c.obj</file>
         <name>softi2c.obj</name>
      </input_file>
      <input_file id="fl-2d">
         <path>./utils/</path>
         <kind>object</kind>
         <file>softssi.obj</file>
         <name>softssi.obj</name>
      </input_file>
      <input_file id="fl-2e">
         <path>./utils/</path>
         <kind>object</kind>
         <file>softuart.obj</file>
         <name>softuart.obj</name>
      </input_file>
      <input_file id="fl-2f">
         <path>./utils/</path>
         <kind>object</kind>
         <file>spi_flash.obj</file>
         <name>spi_flash.obj</name>
      </input_file>
      <input_file id="fl-30">
         <path>./utils/</path>
         <kind>object</kind>
         <file>uartstdio.obj</file>
         <name>uartstdio.obj</name>
      </input_file>
      <input_file id="fl-31">
         <path>./utils/</path>
         <kind>object</kind>
         <file>ustdlib.obj</file>
         <name>ustdlib.obj</name>
      </input_file>
      <input_file id="fl-39">
         <kind>object</kind>
         <file>&lt;internal&gt;</file>
         <name>&lt;internal&gt;</name>
      </input_file>
      <input_file id="fl-ef">
         <path>/Applications/ti/ccs1240/ccs/tools/compiler/ti-cgt-arm_20.2.7.LTS/lib/</path>
         <kind>archive</kind>
         <file>rtsv7M4_T_le_v4SPD16_eabi.lib</file>
         <name>sprintf.c.obj</name>
      </input_file>
      <input_file id="fl-f0">
         <path>/Applications/ti/ccs1240/ccs/tools/compiler/ti-cgt-arm_20.2.7.LTS/lib/</path>
         <kind>archive</kind>
         <file>rtsv7M4_T_le_v4SPD16_eabi.lib</file>
         <name>memcpy_t2.asm.obj</name>
      </input_file>
      <input_file id="fl-f1">
         <path>/Applications/ti/ccs1240/ccs/tools/compiler/ti-cgt-arm_20.2.7.LTS/lib/</path>
         <kind>archive</kind>
         <file>rtsv7M4_T_le_v4SPD16_eabi.lib</file>
         <name>memset_t2.asm.obj</name>
      </input_file>
      <input_file id="fl-f2">
         <path>/Applications/ti/ccs1240/ccs/tools/compiler/ti-cgt-arm_20.2.7.LTS/lib/</path>
         <kind>archive</kind>
         <file>rtsv7M4_T_le_v4SPD16_eabi.lib</file>
         <name>u_divt2.asm.obj</name>
      </input_file>
      <input_file id="fl-f3">
         <path>/Applications/ti/ccs1240/ccs/tools/compiler/ti-cgt-arm_20.2.7.LTS/lib/</path>
         <kind>archive</kind>
         <file>rtsv7M4_T_le_v4SPD16_eabi.lib</file>
         <name>copy_zero_init.c.obj</name>
      </input_file>
      <input_file id="fl-f4">
         <path>/Applications/ti/ccs1240/ccs/tools/compiler/ti-cgt-arm_20.2.7.LTS/lib/</path>
         <kind>archive</kind>
         <file>rtsv7M4_T_le_v4SPD16_eabi.lib</file>
         <name>copy_decompress_none.c.obj</name>
      </input_file>
      <input_file id="fl-f5">
         <path>/Applications/ti/ccs1240/ccs/tools/compiler/ti-cgt-arm_20.2.7.LTS/lib/</path>
         <kind>archive</kind>
         <file>rtsv7M4_T_le_v4SPD16_eabi.lib</file>
         <name>copy_decompress_lzss.c.obj</name>
      </input_file>
      <input_file id="fl-f6">
         <path>/Applications/ti/ccs1240/ccs/tools/compiler/ti-cgt-arm_20.2.7.LTS/lib/</path>
         <kind>archive</kind>
         <file>rtsv7M4_T_le_v4SPD16_eabi.lib</file>
         <name>strcmp.c.obj</name>
      </input_file>
      <input_file id="fl-f7">
         <path>/Applications/ti/ccs1240/ccs/tools/compiler/ti-cgt-arm_20.2.7.LTS/lib/</path>
         <kind>archive</kind>
         <file>rtsv7M4_T_le_v4SPD16_eabi.lib</file>
         <name>strtoul.c.obj</name>
      </input_file>
      <input_file id="fl-f8">
         <path>/Applications/ti/ccs1240/ccs/tools/compiler/ti-cgt-arm_20.2.7.LTS/lib/</path>
         <kind>archive</kind>
         <file>rtsv7M4_T_le_v4SPD16_eabi.lib</file>
         <name>boot_cortex_m.c.obj</name>
      </input_file>
      <input_file id="fl-f9">
         <path>/Applications/ti/ccs1240/ccs/tools/compiler/ti-cgt-arm_20.2.7.LTS/lib/</path>
         <kind>archive</kind>
         <file>rtsv7M4_T_le_v4SPD16_eabi.lib</file>
         <name>errno.c.obj</name>
      </input_file>
      <input_file id="fl-fa">
         <path>/Applications/ti/ccs1240/ccs/tools/compiler/ti-cgt-arm_20.2.7.LTS/lib/</path>
         <kind>archive</kind>
         <file>rtsv7M4_T_le_v4SPD16_eabi.lib</file>
         <name>_printfi.c.obj</name>
      </input_file>
      <input_file id="fl-fb">
         <path>/Applications/ti/ccs1240/ccs/tools/compiler/ti-cgt-arm_20.2.7.LTS/lib/</path>
         <kind>archive</kind>
         <file>rtsv7M4_T_le_v4SPD16_eabi.lib</file>
         <name>div0.asm.obj</name>
      </input_file>
      <input_file id="fl-fc">
         <path>/Applications/ti/ccs1240/ccs/tools/compiler/ti-cgt-arm_20.2.7.LTS/lib/</path>
         <kind>archive</kind>
         <file>rtsv7M4_T_le_v4SPD16_eabi.lib</file>
         <name>fd_add_t2.asm.obj</name>
      </input_file>
      <input_file id="fl-fd">
         <path>/Applications/ti/ccs1240/ccs/tools/compiler/ti-cgt-arm_20.2.7.LTS/lib/</path>
         <kind>archive</kind>
         <file>rtsv7M4_T_le_v4SPD16_eabi.lib</file>
         <name>fd_cmp_t2.asm.obj</name>
      </input_file>
      <input_file id="fl-fe">
         <path>/Applications/ti/ccs1240/ccs/tools/compiler/ti-cgt-arm_20.2.7.LTS/lib/</path>
         <kind>archive</kind>
         <file>rtsv7M4_T_le_v4SPD16_eabi.lib</file>
         <name>fd_div_t2.asm.obj</name>
      </input_file>
      <input_file id="fl-ff">
         <path>/Applications/ti/ccs1240/ccs/tools/compiler/ti-cgt-arm_20.2.7.LTS/lib/</path>
         <kind>archive</kind>
         <file>rtsv7M4_T_le_v4SPD16_eabi.lib</file>
         <name>fd_mul_t2.asm.obj</name>
      </input_file>
      <input_file id="fl-100">
         <path>/Applications/ti/ccs1240/ccs/tools/compiler/ti-cgt-arm_20.2.7.LTS/lib/</path>
         <kind>archive</kind>
         <file>rtsv7M4_T_le_v4SPD16_eabi.lib</file>
         <name>fd_toi_t2.asm.obj</name>
      </input_file>
      <input_file id="fl-101">
         <path>/Applications/ti/ccs1240/ccs/tools/compiler/ti-cgt-arm_20.2.7.LTS/lib/</path>
         <kind>archive</kind>
         <file>rtsv7M4_T_le_v4SPD16_eabi.lib</file>
         <name>i_tofd_t2.asm.obj</name>
      </input_file>
      <input_file id="fl-102">
         <path>/Applications/ti/ccs1240/ccs/tools/compiler/ti-cgt-arm_20.2.7.LTS/lib/</path>
         <kind>archive</kind>
         <file>rtsv7M4_T_le_v4SPD16_eabi.lib</file>
         <name>ull_div_t2.asm.obj</name>
      </input_file>
      <input_file id="fl-103">
         <path>/Applications/ti/ccs1240/ccs/tools/compiler/ti-cgt-arm_20.2.7.LTS/lib/</path>
         <kind>archive</kind>
         <file>rtsv7M4_T_le_v4SPD16_eabi.lib</file>
         <name>autoinit.c.obj</name>
      </input_file>
      <input_file id="fl-104">
         <path>/Applications/ti/ccs1240/ccs/tools/compiler/ti-cgt-arm_20.2.7.LTS/lib/</path>
         <kind>archive</kind>
         <file>rtsv7M4_T_le_v4SPD16_eabi.lib</file>
         <name>pre_init.c.obj</name>
      </input_file>
      <input_file id="fl-105">
         <path>/Applications/ti/ccs1240/ccs/tools/compiler/ti-cgt-arm_20.2.7.LTS/lib/</path>
         <kind>archive</kind>
         <file>rtsv7M4_T_le_v4SPD16_eabi.lib</file>
         <name>cpy_tbl.c.obj</name>
      </input_file>
      <input_file id="fl-106">
         <path>/Applications/ti/ccs1240/ccs/tools/compiler/ti-cgt-arm_20.2.7.LTS/lib/</path>
         <kind>archive</kind>
         <file>rtsv7M4_T_le_v4SPD16_eabi.lib</file>
         <name>exit.c.obj</name>
      </input_file>
      <input_file id="fl-107">
         <path>/Applications/ti/ccs1240/ccs/tools/compiler/ti-cgt-arm_20.2.7.LTS/lib/</path>
         <kind>archive</kind>
         <file>rtsv7M4_T_le_v4SPD16_eabi.lib</file>
         <name>_lock.c.obj</name>
      </input_file>
      <input_file id="fl-108">
         <path>/Applications/ti/ccs1240/ccs/tools/compiler/ti-cgt-arm_20.2.7.LTS/lib/</path>
         <kind>archive</kind>
         <file>rtsv7M4_T_le_v4SPD16_eabi.lib</file>
         <name>_ltoa.c.obj</name>
      </input_file>
      <input_file id="fl-109">
         <path>/Applications/ti/ccs1240/ccs/tools/compiler/ti-cgt-arm_20.2.7.LTS/lib/</path>
         <kind>archive</kind>
         <file>rtsv7M4_T_le_v4SPD16_eabi.lib</file>
         <name>args_main.c.obj</name>
      </input_file>
      <input_file id="fl-10a">
         <path>/Applications/ti/ccs1240/ccs/tools/compiler/ti-cgt-arm_20.2.7.LTS/lib/</path>
         <kind>archive</kind>
         <file>rtsv7M4_T_le_v4SPD16_eabi.lib</file>
         <name>atoi.c.obj</name>
      </input_file>
      <input_file id="fl-10b">
         <path>/Applications/ti/ccs1240/ccs/tools/compiler/ti-cgt-arm_20.2.7.LTS/lib/</path>
         <kind>archive</kind>
         <file>rtsv7M4_T_le_v4SPD16_eabi.lib</file>
         <name>ctype.c.obj</name>
      </input_file>
      <input_file id="fl-10c">
         <path>/Applications/ti/ccs1240/ccs/tools/compiler/ti-cgt-arm_20.2.7.LTS/lib/</path>
         <kind>archive</kind>
         <file>rtsv7M4_T_le_v4SPD16_eabi.lib</file>
         <name>memccpy.c.obj</name>
      </input_file>
      <input_file id="fl-10d">
         <path>/Applications/ti/ccs1240/ccs/tools/compiler/ti-cgt-arm_20.2.7.LTS/lib/</path>
         <kind>archive</kind>
         <file>rtsv7M4_T_le_v4SPD16_eabi.lib</file>
         <name>strchr.c.obj</name>
      </input_file>
      <input_file id="fl-10e">
         <path>/Applications/ti/ccs1240/ccs/tools/compiler/ti-cgt-arm_20.2.7.LTS/lib/</path>
         <kind>archive</kind>
         <file>rtsv7M4_T_le_v4SPD16_eabi.lib</file>
         <name>strlen.c.obj</name>
      </input_file>
      <input_file id="fl-10f">
         <path>/Applications/ti/ccs1240/ccs/tools/compiler/ti-cgt-arm_20.2.7.LTS/lib/</path>
         <kind>archive</kind>
         <file>rtsv7M4_T_le_v4SPD16_eabi.lib</file>
         <name>wcslen.c.obj</name>
      </input_file>
      <input_file id="fl-110">
         <path>/Applications/ti/ccs1240/ccs/tools/compiler/ti-cgt-arm_20.2.7.LTS/lib/</path>
         <kind>archive</kind>
         <file>rtsv7M4_T_le_v4SPD16_eabi.lib</file>
         <name>s_frexp.c.obj</name>
      </input_file>
      <input_file id="fl-111">
         <path>/Applications/ti/ccs1240/ccs/tools/compiler/ti-cgt-arm_20.2.7.LTS/lib/</path>
         <kind>archive</kind>
         <file>rtsv7M4_T_le_v4SPD16_eabi.lib</file>
         <name>s_scalbn.c.obj</name>
      </input_file>
      <input_file id="fl-112">
         <path>/Applications/ti/ccs1240/ccs/tools/compiler/ti-cgt-arm_20.2.7.LTS/lib/</path>
         <kind>archive</kind>
         <file>rtsv7M4_T_le_v4SPD16_eabi.lib</file>
         <name>s_copysign.c.obj</name>
      </input_file>
   </input_file_list>
   <object_component_list>
      <object_component id="oc-12">
         <name>.intvecs</name>
         <load_address>0x0</load_address>
         <run_address>0x0</run_address>
         <size>0x26c</size>
         <input_file_ref idref="fl-3"/>
      </object_component>
      <object_component id="oc-2d">
         <name>.text</name>
         <load_address>0x26c</load_address>
         <run_address>0x26c</run_address>
         <size>0xc90</size>
         <input_file_ref idref="fl-2"/>
      </object_component>
      <object_component id="oc-152">
         <name>.text:__TI_printfi</name>
         <load_address>0xefc</load_address>
         <run_address>0xefc</run_address>
         <size>0xa4e</size>
         <input_file_ref idref="fl-fa"/>
      </object_component>
      <object_component id="oc-337">
         <name>.text</name>
         <load_address>0x194a</load_address>
         <run_address>0x194a</run_address>
         <size>0x2</size>
         <input_file_ref idref="fl-fb"/>
      </object_component>
      <object_component id="oc-74">
         <name>.text</name>
         <load_address>0x194c</load_address>
         <run_address>0x194c</run_address>
         <size>0x950</size>
         <input_file_ref idref="fl-1b"/>
      </object_component>
      <object_component id="oc-80">
         <name>.text</name>
         <load_address>0x229c</load_address>
         <run_address>0x229c</run_address>
         <size>0x670</size>
         <input_file_ref idref="fl-10"/>
      </object_component>
      <object_component id="oc-99">
         <name>.text</name>
         <load_address>0x290c</load_address>
         <run_address>0x290c</run_address>
         <size>0x53c</size>
         <input_file_ref idref="fl-6"/>
      </object_component>
      <object_component id="oc-92">
         <name>.text</name>
         <load_address>0x2e48</load_address>
         <run_address>0x2e48</run_address>
         <size>0x2fc</size>
         <input_file_ref idref="fl-12"/>
      </object_component>
      <object_component id="oc-86">
         <name>.text</name>
         <load_address>0x3144</load_address>
         <run_address>0x3144</run_address>
         <size>0x2dc</size>
         <input_file_ref idref="fl-1f"/>
      </object_component>
      <object_component id="oc-8c">
         <name>.text</name>
         <load_address>0x3420</load_address>
         <run_address>0x3420</run_address>
         <size>0x2a4</size>
         <input_file_ref idref="fl-13"/>
      </object_component>
      <object_component id="oc-243">
         <name>.text:_pconv_a</name>
         <load_address>0x36c4</load_address>
         <run_address>0x36c4</run_address>
         <size>0x270</size>
         <input_file_ref idref="fl-fa"/>
      </object_component>
      <object_component id="oc-b6">
         <name>.text</name>
         <load_address>0x3934</load_address>
         <run_address>0x3934</run_address>
         <size>0x1dc</size>
         <input_file_ref idref="fl-e"/>
      </object_component>
      <object_component id="oc-231">
         <name>.text:_pconv_g</name>
         <load_address>0x3b10</load_address>
         <run_address>0x3b10</run_address>
         <size>0x1d0</size>
         <input_file_ref idref="fl-fa"/>
      </object_component>
      <object_component id="oc-2bf">
         <name>.text</name>
         <load_address>0x3ce0</load_address>
         <run_address>0x3ce0</run_address>
         <size>0x1b6</size>
         <input_file_ref idref="fl-fc"/>
      </object_component>
      <object_component id="oc-23d">
         <name>.text:_pconv_e</name>
         <load_address>0x3e98</load_address>
         <run_address>0x3e98</run_address>
         <size>0x13c</size>
         <input_file_ref idref="fl-fa"/>
      </object_component>
      <object_component id="oc-2a5">
         <name>.text</name>
         <load_address>0x3fd4</load_address>
         <run_address>0x3fd4</run_address>
         <size>0x136</size>
         <input_file_ref idref="fl-fe"/>
      </object_component>
      <object_component id="oc-2d1">
         <name>.text:fcvt</name>
         <load_address>0x410c</load_address>
         <run_address>0x410c</run_address>
         <size>0x124</size>
         <input_file_ref idref="fl-fa"/>
      </object_component>
      <object_component id="oc-2e5">
         <name>.text:scalbn</name>
         <load_address>0x4230</load_address>
         <run_address>0x4230</run_address>
         <size>0x110</size>
         <input_file_ref idref="fl-111"/>
      </object_component>
      <object_component id="oc-af">
         <name>.text:strtoul</name>
         <load_address>0x4340</load_address>
         <run_address>0x4340</run_address>
         <size>0x110</size>
         <input_file_ref idref="fl-f7"/>
      </object_component>
      <object_component id="oc-2a0">
         <name>.text</name>
         <load_address>0x4450</load_address>
         <run_address>0x4450</run_address>
         <size>0xfc</size>
         <input_file_ref idref="fl-ff"/>
      </object_component>
      <object_component id="oc-226">
         <name>.text:_ltostr</name>
         <load_address>0x454c</load_address>
         <run_address>0x454c</run_address>
         <size>0xb1</size>
         <input_file_ref idref="fl-fa"/>
      </object_component>
      <object_component id="oc-41">
         <name>.text</name>
         <load_address>0x45fe</load_address>
         <run_address>0x45fe</run_address>
         <size>0x9c</size>
         <input_file_ref idref="fl-f0"/>
      </object_component>
      <object_component id="oc-299">
         <name>.text</name>
         <load_address>0x469a</load_address>
         <run_address>0x469a</run_address>
         <size>0x96</size>
         <input_file_ref idref="fl-102"/>
      </object_component>
      <object_component id="oc-22c">
         <name>.text:__aeabi_cdcmple</name>
         <load_address>0x4730</load_address>
         <run_address>0x4730</run_address>
         <size>0x86</size>
         <input_file_ref idref="fl-fd"/>
      </object_component>
      <object_component id="oc-2aa">
         <name>.text:__aeabi_cdrcmple</name>
         <load_address>0x47b6</load_address>
         <run_address>0x47b6</run_address>
         <size>0x86</size>
         <input_file_ref idref="fl-fd"/>
      </object_component>
      <object_component id="oc-7a">
         <name>.text</name>
         <load_address>0x483c</load_address>
         <run_address>0x483c</run_address>
         <size>0x80</size>
         <input_file_ref idref="fl-1d"/>
      </object_component>
      <object_component id="oc-e8">
         <name>.text</name>
         <load_address>0x48bc</load_address>
         <run_address>0x48bc</run_address>
         <size>0x7a</size>
         <input_file_ref idref="fl-f1"/>
      </object_component>
      <object_component id="oc-2ca">
         <name>.text:_mcpy</name>
         <load_address>0x4936</load_address>
         <run_address>0x4936</run_address>
         <size>0x6e</size>
         <input_file_ref idref="fl-fa"/>
      </object_component>
      <object_component id="oc-15">
         <name>.text:decompress:lzss:__TI_decompress_lzss</name>
         <load_address>0x49a4</load_address>
         <run_address>0x49a4</run_address>
         <size>0x68</size>
         <input_file_ref idref="fl-f5"/>
      </object_component>
      <object_component id="oc-2df">
         <name>.text:frexp</name>
         <load_address>0x4a0c</load_address>
         <run_address>0x4a0c</run_address>
         <size>0x64</size>
         <input_file_ref idref="fl-110"/>
      </object_component>
      <object_component id="oc-237">
         <name>.text:_pconv_f</name>
         <load_address>0x4a70</load_address>
         <run_address>0x4a70</run_address>
         <size>0x56</size>
         <input_file_ref idref="fl-fa"/>
      </object_component>
      <object_component id="oc-2b4">
         <name>.text:__TI_ltoa</name>
         <load_address>0x4ac6</load_address>
         <run_address>0x4ac6</run_address>
         <size>0x54</size>
         <input_file_ref idref="fl-108"/>
      </object_component>
      <object_component id="oc-2c4">
         <name>.text:_ecpy</name>
         <load_address>0x4b1a</load_address>
         <run_address>0x4b1a</run_address>
         <size>0x52</size>
         <input_file_ref idref="fl-fa"/>
      </object_component>
      <object_component id="oc-220">
         <name>.text:atoi</name>
         <load_address>0x4b6c</load_address>
         <run_address>0x4b6c</run_address>
         <size>0x4c</size>
         <input_file_ref idref="fl-10a"/>
      </object_component>
      <object_component id="oc-2af">
         <name>.text</name>
         <load_address>0x4bb8</load_address>
         <run_address>0x4bb8</run_address>
         <size>0x48</size>
         <input_file_ref idref="fl-100"/>
      </object_component>
      <object_component id="oc-1af">
         <name>.text:__TI_auto_init_nobinit_nopinit:__TI_auto_init_nobinit_nopinit</name>
         <load_address>0x4c00</load_address>
         <run_address>0x4c00</run_address>
         <size>0x44</size>
         <input_file_ref idref="fl-103"/>
      </object_component>
      <object_component id="oc-9f">
         <name>.text:sprintf</name>
         <load_address>0x4c44</load_address>
         <run_address>0x4c44</run_address>
         <size>0x40</size>
         <input_file_ref idref="fl-ef"/>
      </object_component>
      <object_component id="oc-2d7">
         <name>.text:_fcpy</name>
         <load_address>0x4c84</load_address>
         <run_address>0x4c84</run_address>
         <size>0x3e</size>
         <input_file_ref idref="fl-fa"/>
      </object_component>
      <object_component id="oc-100">
         <name>.text</name>
         <load_address>0x4cc2</load_address>
         <run_address>0x4cc2</run_address>
         <size>0x36</size>
         <input_file_ref idref="fl-8"/>
      </object_component>
      <object_component id="oc-5f">
         <name>.text:_c_int00_noargs:_c_int00_noargs</name>
         <load_address>0x4cf8</load_address>
         <run_address>0x4cf8</run_address>
         <size>0x34</size>
         <input_file_ref idref="fl-f8"/>
      </object_component>
      <object_component id="oc-2ba">
         <name>.text</name>
         <load_address>0x4d2c</load_address>
         <run_address>0x4d2c</run_address>
         <size>0x2e</size>
         <input_file_ref idref="fl-101"/>
      </object_component>
      <object_component id="oc-249">
         <name>.text:memccpy</name>
         <load_address>0x4d5a</load_address>
         <run_address>0x4d5a</run_address>
         <size>0x1c</size>
         <input_file_ref idref="fl-10c"/>
      </object_component>
      <object_component id="oc-350">
         <name>.text:copysign</name>
         <load_address>0x4d76</load_address>
         <run_address>0x4d76</run_address>
         <size>0x1a</size>
         <input_file_ref idref="fl-112"/>
      </object_component>
      <object_component id="oc-158">
         <name>.text:_outs</name>
         <load_address>0x4d90</load_address>
         <run_address>0x4d90</run_address>
         <size>0x18</size>
         <input_file_ref idref="fl-ef"/>
      </object_component>
      <object_component id="oc-2eb">
         <name>.text:strchr</name>
         <load_address>0x4da8</load_address>
         <run_address>0x4da8</run_address>
         <size>0x16</size>
         <input_file_ref idref="fl-10d"/>
      </object_component>
      <object_component id="oc-21a">
         <name>.text:strlen</name>
         <load_address>0x4dbe</load_address>
         <run_address>0x4dbe</run_address>
         <size>0x14</size>
         <input_file_ref idref="fl-10e"/>
      </object_component>
      <object_component id="oc-24f">
         <name>.text:wcslen</name>
         <load_address>0x4dd2</load_address>
         <run_address>0x4dd2</run_address>
         <size>0x12</size>
         <input_file_ref idref="fl-10f"/>
      </object_component>
      <object_component id="oc-1b">
         <name>.text:decompress:none:__TI_decompress_none</name>
         <load_address>0x4de4</load_address>
         <run_address>0x4de4</run_address>
         <size>0xe</size>
         <input_file_ref idref="fl-f4"/>
      </object_component>
      <object_component id="oc-53">
         <name>.text:decompress:ZI:__TI_zero_init</name>
         <load_address>0x4df2</load_address>
         <run_address>0x4df2</run_address>
         <size>0xc</size>
         <input_file_ref idref="fl-f3"/>
      </object_component>
      <object_component id="oc-27">
         <name>.text</name>
         <load_address>0x4dfe</load_address>
         <run_address>0x4dfe</run_address>
         <size>0xc</size>
         <input_file_ref idref="fl-3"/>
      </object_component>
      <object_component id="oc-15e">
         <name>.text:_outc</name>
         <load_address>0x4e0a</load_address>
         <run_address>0x4e0a</run_address>
         <size>0xa</size>
         <input_file_ref idref="fl-ef"/>
      </object_component>
      <object_component id="oc-176">
         <name>.text:__aeabi_errno_addr</name>
         <load_address>0x4e14</load_address>
         <run_address>0x4e14</run_address>
         <size>0x8</size>
         <input_file_ref idref="fl-f9"/>
      </object_component>
      <object_component id="oc-98">
         <name>.text:SysCtlDelay</name>
         <load_address>0x4e1c</load_address>
         <run_address>0x4e1c</run_address>
         <size>0x6</size>
         <input_file_ref idref="fl-1b"/>
      </object_component>
      <object_component id="oc-ee">
         <name>.text:_system_pre_init</name>
         <load_address>0x4e22</load_address>
         <run_address>0x4e22</run_address>
         <size>0x4</size>
         <input_file_ref idref="fl-104"/>
      </object_component>
      <object_component id="oc-1a3">
         <name>.text:abort:abort</name>
         <load_address>0x4e26</load_address>
         <run_address>0x4e26</run_address>
         <size>0x4</size>
         <input_file_ref idref="fl-106"/>
      </object_component>
      <object_component id="oc-10c">
         <name>.const:g_pppui32XTALtoVCO</name>
         <load_address>0x4e2c</load_address>
         <run_address>0x4e2c</run_address>
         <size>0x120</size>
         <input_file_ref idref="fl-1b"/>
      </object_component>
      <object_component id="oc-17c">
         <name>.const:.string:_ctypes_</name>
         <load_address>0x4f4c</load_address>
         <run_address>0x4f4c</run_address>
         <size>0x101</size>
         <input_file_ref idref="fl-10b"/>
      </object_component>
      <object_component id="oc-11e">
         <name>.const:g_ppui32GPIOIntMapBlizzard</name>
         <load_address>0x5050</load_address>
         <run_address>0x5050</run_address>
         <size>0xc0</size>
         <input_file_ref idref="fl-10"/>
      </object_component>
      <object_component id="oc-121">
         <name>.const:g_ppui32GPIOIntMapSnowflake</name>
         <load_address>0x5110</load_address>
         <run_address>0x5110</run_address>
         <size>0xc0</size>
         <input_file_ref idref="fl-10"/>
      </object_component>
      <object_component id="oc-131">
         <name>.const:g_pui32Regs</name>
         <load_address>0x51d0</load_address>
         <run_address>0x51d0</run_address>
         <size>0x9c</size>
         <input_file_ref idref="fl-13"/>
      </object_component>
      <object_component id="oc-11b">
         <name>.const:g_pui32GPIOBaseAddrs</name>
         <load_address>0x526c</load_address>
         <run_address>0x526c</run_address>
         <size>0x90</size>
         <input_file_ref idref="fl-10"/>
      </object_component>
      <object_component id="oc-109">
         <name>.const:g_pui32Xtals</name>
         <load_address>0x52fc</load_address>
         <run_address>0x52fc</run_address>
         <size>0x6c</size>
         <input_file_ref idref="fl-1b"/>
      </object_component>
      <object_component id="oc-148">
         <name>.const:g_ppui32I2CIntMapSnowflake</name>
         <load_address>0x5368</load_address>
         <run_address>0x5368</run_address>
         <size>0x50</size>
         <input_file_ref idref="fl-12"/>
      </object_component>
      <object_component id="oc-126">
         <name>.const:g_ppui32UARTIntMap</name>
         <load_address>0x53b8</load_address>
         <run_address>0x53b8</run_address>
         <size>0x40</size>
         <input_file_ref idref="fl-1f"/>
      </object_component>
      <object_component id="oc-129">
         <name>.const:g_ppui32UARTIntMapSnowflake</name>
         <load_address>0x53f8</load_address>
         <run_address>0x53f8</run_address>
         <size>0x40</size>
         <input_file_ref idref="fl-1f"/>
      </object_component>
      <object_component id="oc-184">
         <name>.const:g_pui32FMPPERegs</name>
         <load_address>0x5438</load_address>
         <run_address>0x5438</run_address>
         <size>0x40</size>
         <input_file_ref idref="fl-e"/>
      </object_component>
      <object_component id="oc-181">
         <name>.const:g_pui32FMPRERegs</name>
         <load_address>0x5478</load_address>
         <run_address>0x5478</run_address>
         <size>0x40</size>
         <input_file_ref idref="fl-e"/>
      </object_component>
      <object_component id="oc-106">
         <name>.const:g_sXTALtoMEMTIM</name>
         <load_address>0x54b8</load_address>
         <run_address>0x54b8</run_address>
         <size>0x38</size>
         <input_file_ref idref="fl-1b"/>
      </object_component>
      <object_component id="oc-145">
         <name>.const:g_ppui32I2CIntMap</name>
         <load_address>0x54f0</load_address>
         <run_address>0x54f0</run_address>
         <size>0x30</size>
         <input_file_ref idref="fl-12"/>
      </object_component>
      <object_component id="oc-134">
         <name>.const:g_pui32Priority</name>
         <load_address>0x5520</load_address>
         <run_address>0x5520</run_address>
         <size>0x20</size>
         <input_file_ref idref="fl-13"/>
      </object_component>
      <object_component id="oc-14d">
         <name>.const:g_ui16CANBitValues</name>
         <load_address>0x5540</load_address>
         <run_address>0x5540</run_address>
         <size>0x20</size>
         <input_file_ref idref="fl-6"/>
      </object_component>
      <object_component id="oc-140">
         <name>.const:g_pui32Dii16Regs</name>
         <load_address>0x5560</load_address>
         <run_address>0x5560</run_address>
         <size>0x14</size>
         <input_file_ref idref="fl-13"/>
      </object_component>
      <object_component id="oc-13d">
         <name>.const:g_pui32EnRegs</name>
         <load_address>0x5574</load_address>
         <run_address>0x5574</run_address>
         <size>0x14</size>
         <input_file_ref idref="fl-13"/>
      </object_component>
      <object_component id="oc-137">
         <name>.const:g_pui32PendRegs</name>
         <load_address>0x5588</load_address>
         <run_address>0x5588</run_address>
         <size>0x14</size>
         <input_file_ref idref="fl-13"/>
      </object_component>
      <object_component id="oc-13a">
         <name>.const:g_pui32UnpendRegs</name>
         <load_address>0x559c</load_address>
         <run_address>0x559c</run_address>
         <size>0x14</size>
         <input_file_ref idref="fl-13"/>
      </object_component>
      <object_component id="oc-10f">
         <name>.const:g_pui32VCOFrequencies</name>
         <load_address>0x55b0</load_address>
         <run_address>0x55b0</run_address>
         <size>0x8</size>
         <input_file_ref idref="fl-1b"/>
      </object_component>
      <object_component id="oc-3b2">
         <name>.cinit..data.load</name>
         <load_address>0x55b8</load_address>
         <run_address>0x55b8</run_address>
         <size>0x15</size>
      </object_component>
      <object_component id="oc-3af">
         <name>__TI_handler_table</name>
         <load_address>0x55d0</load_address>
         <run_address>0x55d0</run_address>
         <size>0xc</size>
      </object_component>
      <object_component id="oc-3b3">
         <name>.cinit..bss.load</name>
         <load_address>0x55e0</load_address>
         <run_address>0x55e0</run_address>
         <size>0x8</size>
      </object_component>
      <object_component id="oc-3b1">
         <name>.cinit..vtable.load</name>
         <load_address>0x55e8</load_address>
         <run_address>0x55e8</run_address>
         <size>0x8</size>
      </object_component>
      <object_component id="oc-3b0">
         <name>__TI_cinit_table</name>
         <load_address>0x55f0</load_address>
         <run_address>0x55f0</run_address>
         <size>0x18</size>
      </object_component>
      <object_component id="oc-12e">
         <name>.vtable</name>
         <uninitialized>true</uninitialized>
         <run_address>0x20000000</run_address>
         <size>0x26c</size>
         <input_file_ref idref="fl-13"/>
      </object_component>
      <object_component id="oc-a8">
         <name>.data</name>
         <load_address>0x200009c8</load_address>
         <run_address>0x200009c8</run_address>
         <size>0x21</size>
         <input_file_ref idref="fl-2"/>
      </object_component>
      <object_component id="oc-265">
         <name>.data</name>
         <load_address>0x200009ec</load_address>
         <run_address>0x200009ec</run_address>
         <size>0x4</size>
         <input_file_ref idref="fl-f9"/>
      </object_component>
      <object_component id="oc-ab">
         <name>.bss:CAN_MODULES</name>
         <uninitialized>true</uninitialized>
         <run_address>0x2000076c</run_address>
         <size>0x50</size>
         <input_file_ref idref="fl-2"/>
      </object_component>
      <object_component id="oc-ae">
         <name>.common:RcvString</name>
         <uninitialized>true</uninitialized>
         <run_address>0x2000026c</run_address>
         <size>0x400</size>
      </object_component>
      <object_component id="oc-b5">
         <name>.common:CAN_RECV</name>
         <uninitialized>true</uninitialized>
         <run_address>0x200007bc</run_address>
         <size>0xc</size>
      </object_component>
      <object_component id="oc-a5">
         <name>.common:PrintMsg</name>
         <uninitialized>true</uninitialized>
         <run_address>0x2000066c</run_address>
         <size>0x100</size>
      </object_component>
      <object_component id="oc-24">
         <name>.stack</name>
         <uninitialized>true</uninitialized>
         <run_address>0x200007c8</run_address>
         <size>0x4</size>
         <input_file_ref idref="fl-f8"/>
      </object_component>
      <object_component id="oc-3b5">
         <name>.stack</name>
         <uninitialized>true</uninitialized>
         <run_address>0x200007c8</run_address>
         <size>0x0</size>
      </object_component>
      <object_component id="oc-a6">
         <name>.debug_info</name>
         <load_address>0x0</load_address>
         <run_address>0x0</run_address>
         <size>0xb1b</size>
         <input_file_ref idref="fl-2"/>
      </object_component>
      <object_component id="oc-a9">
         <name>.debug_info</name>
         <load_address>0xb1b</load_address>
         <run_address>0xb1b</run_address>
         <size>0x25e</size>
         <input_file_ref idref="fl-2"/>
      </object_component>
      <object_component id="oc-ac">
         <name>.debug_info</name>
         <load_address>0xd79</load_address>
         <run_address>0xd79</run_address>
         <size>0xdd</size>
         <input_file_ref idref="fl-2"/>
      </object_component>
      <object_component id="oc-2e">
         <name>.debug_info</name>
         <load_address>0xe56</load_address>
         <run_address>0xe56</run_address>
         <size>0x1744</size>
         <input_file_ref idref="fl-2"/>
      </object_component>
      <object_component id="oc-c7">
         <name>.debug_info</name>
         <load_address>0x259a</load_address>
         <run_address>0x259a</run_address>
         <size>0x1b3</size>
         <input_file_ref idref="fl-2"/>
      </object_component>
      <object_component id="oc-189">
         <name>.debug_info</name>
         <load_address>0x274d</load_address>
         <run_address>0x274d</run_address>
         <size>0x51</size>
         <input_file_ref idref="fl-2"/>
      </object_component>
      <object_component id="oc-16d">
         <name>.debug_info</name>
         <load_address>0x279e</load_address>
         <run_address>0x279e</run_address>
         <size>0x10c</size>
         <input_file_ref idref="fl-2"/>
      </object_component>
      <object_component id="oc-ce">
         <name>.debug_info</name>
         <load_address>0x28aa</load_address>
         <run_address>0x28aa</run_address>
         <size>0x26b</size>
         <input_file_ref idref="fl-2"/>
      </object_component>
      <object_component id="oc-bd">
         <name>.debug_info</name>
         <load_address>0x2b15</load_address>
         <run_address>0x2b15</run_address>
         <size>0x8b</size>
         <input_file_ref idref="fl-2"/>
      </object_component>
      <object_component id="oc-18e">
         <name>.debug_info</name>
         <load_address>0x2ba0</load_address>
         <run_address>0x2ba0</run_address>
         <size>0x2a4</size>
         <input_file_ref idref="fl-2"/>
      </object_component>
      <object_component id="oc-114">
         <name>.debug_info</name>
         <load_address>0x2e44</load_address>
         <run_address>0x2e44</run_address>
         <size>0xef</size>
         <input_file_ref idref="fl-2"/>
      </object_component>
      <object_component id="oc-c2">
         <name>.debug_info</name>
         <load_address>0x2f33</load_address>
         <run_address>0x2f33</run_address>
         <size>0xbb</size>
         <input_file_ref idref="fl-2"/>
      </object_component>
      <object_component id="oc-166">
         <name>.debug_info</name>
         <load_address>0x2fee</load_address>
         <run_address>0x2fee</run_address>
         <size>0x2c</size>
         <input_file_ref idref="fl-2"/>
      </object_component>
      <object_component id="oc-35">
         <name>.debug_info</name>
         <load_address>0x301a</load_address>
         <run_address>0x301a</run_address>
         <size>0x331</size>
         <input_file_ref idref="fl-3"/>
      </object_component>
      <object_component id="oc-13">
         <name>.debug_info</name>
         <load_address>0x334b</load_address>
         <run_address>0x334b</run_address>
         <size>0xf4</size>
         <input_file_ref idref="fl-3"/>
      </object_component>
      <object_component id="oc-28">
         <name>.debug_info</name>
         <load_address>0x343f</load_address>
         <run_address>0x343f</run_address>
         <size>0x270</size>
         <input_file_ref idref="fl-3"/>
      </object_component>
      <object_component id="oc-3c">
         <name>.debug_info</name>
         <load_address>0x36af</load_address>
         <run_address>0x36af</run_address>
         <size>0x84</size>
         <input_file_ref idref="fl-3"/>
      </object_component>
      <object_component id="oc-151">
         <name>.debug_info</name>
         <load_address>0x3733</load_address>
         <run_address>0x3733</run_address>
         <size>0x365</size>
         <input_file_ref idref="fl-6"/>
      </object_component>
      <object_component id="oc-14e">
         <name>.debug_info</name>
         <load_address>0x3a98</load_address>
         <run_address>0x3a98</run_address>
         <size>0xf4</size>
         <input_file_ref idref="fl-6"/>
      </object_component>
      <object_component id="oc-9a">
         <name>.debug_info</name>
         <load_address>0x3b8c</load_address>
         <run_address>0x3b8c</run_address>
         <size>0x175a</size>
         <input_file_ref idref="fl-6"/>
      </object_component>
      <object_component id="oc-101">
         <name>.debug_info</name>
         <load_address>0x52e6</load_address>
         <run_address>0x52e6</run_address>
         <size>0x31b</size>
         <input_file_ref idref="fl-8"/>
      </object_component>
      <object_component id="oc-188">
         <name>.debug_info</name>
         <load_address>0x5601</load_address>
         <run_address>0x5601</run_address>
         <size>0x341</size>
         <input_file_ref idref="fl-e"/>
      </object_component>
      <object_component id="oc-185">
         <name>.debug_info</name>
         <load_address>0x5942</load_address>
         <run_address>0x5942</run_address>
         <size>0xf2</size>
         <input_file_ref idref="fl-e"/>
      </object_component>
      <object_component id="oc-182">
         <name>.debug_info</name>
         <load_address>0x5a34</load_address>
         <run_address>0x5a34</run_address>
         <size>0xf2</size>
         <input_file_ref idref="fl-e"/>
      </object_component>
      <object_component id="oc-b7">
         <name>.debug_info</name>
         <load_address>0x5b26</load_address>
         <run_address>0x5b26</run_address>
         <size>0xb10</size>
         <input_file_ref idref="fl-e"/>
      </object_component>
      <object_component id="oc-125">
         <name>.debug_info</name>
         <load_address>0x6636</load_address>
         <run_address>0x6636</run_address>
         <size>0x369</size>
         <input_file_ref idref="fl-10"/>
      </object_component>
      <object_component id="oc-11f">
         <name>.debug_info</name>
         <load_address>0x699f</load_address>
         <run_address>0x699f</run_address>
         <size>0x105</size>
         <input_file_ref idref="fl-10"/>
      </object_component>
      <object_component id="oc-122">
         <name>.debug_info</name>
         <load_address>0x6aa4</load_address>
         <run_address>0x6aa4</run_address>
         <size>0x107</size>
         <input_file_ref idref="fl-10"/>
      </object_component>
      <object_component id="oc-11c">
         <name>.debug_info</name>
         <load_address>0x6bab</load_address>
         <run_address>0x6bab</run_address>
         <size>0xf9</size>
         <input_file_ref idref="fl-10"/>
      </object_component>
      <object_component id="oc-81">
         <name>.debug_info</name>
         <load_address>0x6ca4</load_address>
         <run_address>0x6ca4</run_address>
         <size>0x2dba</size>
         <input_file_ref idref="fl-10"/>
      </object_component>
      <object_component id="oc-14c">
         <name>.debug_info</name>
         <load_address>0x9a5e</load_address>
         <run_address>0x9a5e</run_address>
         <size>0x36a</size>
         <input_file_ref idref="fl-12"/>
      </object_component>
      <object_component id="oc-146">
         <name>.debug_info</name>
         <load_address>0x9dc8</load_address>
         <run_address>0x9dc8</run_address>
         <size>0xf2</size>
         <input_file_ref idref="fl-12"/>
      </object_component>
      <object_component id="oc-149">
         <name>.debug_info</name>
         <load_address>0x9eba</load_address>
         <run_address>0x9eba</run_address>
         <size>0x104</size>
         <input_file_ref idref="fl-12"/>
      </object_component>
      <object_component id="oc-96">
         <name>.debug_info</name>
         <load_address>0x9fbe</load_address>
         <run_address>0x9fbe</run_address>
         <size>0x29f6</size>
         <input_file_ref idref="fl-12"/>
      </object_component>
      <object_component id="oc-144">
         <name>.debug_info</name>
         <load_address>0xc9b4</load_address>
         <run_address>0xc9b4</run_address>
         <size>0x34c</size>
         <input_file_ref idref="fl-13"/>
      </object_component>
      <object_component id="oc-135">
         <name>.debug_info</name>
         <load_address>0xcd00</load_address>
         <run_address>0xcd00</run_address>
         <size>0xf4</size>
         <input_file_ref idref="fl-13"/>
      </object_component>
      <object_component id="oc-132">
         <name>.debug_info</name>
         <load_address>0xcdf4</load_address>
         <run_address>0xcdf4</run_address>
         <size>0xec</size>
         <input_file_ref idref="fl-13"/>
      </object_component>
      <object_component id="oc-13e">
         <name>.debug_info</name>
         <load_address>0xcee0</load_address>
         <run_address>0xcee0</run_address>
         <size>0xf0</size>
         <input_file_ref idref="fl-13"/>
      </object_component>
      <object_component id="oc-141">
         <name>.debug_info</name>
         <load_address>0xcfd0</load_address>
         <run_address>0xcfd0</run_address>
         <size>0xf6</size>
         <input_file_ref idref="fl-13"/>
      </object_component>
      <object_component id="oc-138">
         <name>.debug_info</name>
         <load_address>0xd0c6</load_address>
         <run_address>0xd0c6</run_address>
         <size>0xf4</size>
         <input_file_ref idref="fl-13"/>
      </object_component>
      <object_component id="oc-13b">
         <name>.debug_info</name>
         <load_address>0xd1ba</load_address>
         <run_address>0xd1ba</run_address>
         <size>0xf8</size>
         <input_file_ref idref="fl-13"/>
      </object_component>
      <object_component id="oc-12f">
         <name>.debug_info</name>
         <load_address>0xd2b2</load_address>
         <run_address>0xd2b2</run_address>
         <size>0xf5</size>
         <input_file_ref idref="fl-13"/>
      </object_component>
      <object_component id="oc-8d">
         <name>.debug_info</name>
         <load_address>0xd3a7</load_address>
         <run_address>0xd3a7</run_address>
         <size>0xb74</size>
         <input_file_ref idref="fl-13"/>
      </object_component>
      <object_component id="oc-113">
         <name>.debug_info</name>
         <load_address>0xdf1b</load_address>
         <run_address>0xdf1b</run_address>
         <size>0x3bd</size>
         <input_file_ref idref="fl-1b"/>
      </object_component>
      <object_component id="oc-10a">
         <name>.debug_info</name>
         <load_address>0xe2d8</load_address>
         <run_address>0xe2d8</run_address>
         <size>0xeb</size>
         <input_file_ref idref="fl-1b"/>
      </object_component>
      <object_component id="oc-10d">
         <name>.debug_info</name>
         <load_address>0xe3c3</load_address>
         <run_address>0xe3c3</run_address>
         <size>0xf7</size>
         <input_file_ref idref="fl-1b"/>
      </object_component>
      <object_component id="oc-107">
         <name>.debug_info</name>
         <load_address>0xe4ba</load_address>
         <run_address>0xe4ba</run_address>
         <size>0xf1</size>
         <input_file_ref idref="fl-1b"/>
      </object_component>
      <object_component id="oc-110">
         <name>.debug_info</name>
         <load_address>0xe5ab</load_address>
         <run_address>0xe5ab</run_address>
         <size>0xfe</size>
         <input_file_ref idref="fl-1b"/>
      </object_component>
      <object_component id="oc-75">
         <name>.debug_info</name>
         <load_address>0xe6a9</load_address>
         <run_address>0xe6a9</run_address>
         <size>0x2648</size>
         <input_file_ref idref="fl-1b"/>
      </object_component>
      <object_component id="oc-1ec">
         <name>.debug_info</name>
         <load_address>0x10cf1</load_address>
         <run_address>0x10cf1</run_address>
         <size>0x51</size>
         <input_file_ref idref="fl-1b"/>
      </object_component>
      <object_component id="oc-11a">
         <name>.debug_info</name>
         <load_address>0x10d42</load_address>
         <run_address>0x10d42</run_address>
         <size>0x2db</size>
         <input_file_ref idref="fl-1d"/>
      </object_component>
      <object_component id="oc-7b">
         <name>.debug_info</name>
         <load_address>0x1101d</load_address>
         <run_address>0x1101d</run_address>
         <size>0x543</size>
         <input_file_ref idref="fl-1d"/>
      </object_component>
      <object_component id="oc-12d">
         <name>.debug_info</name>
         <load_address>0x11560</load_address>
         <run_address>0x11560</run_address>
         <size>0x360</size>
         <input_file_ref idref="fl-1f"/>
      </object_component>
      <object_component id="oc-127">
         <name>.debug_info</name>
         <load_address>0x118c0</load_address>
         <run_address>0x118c0</run_address>
         <size>0xf5</size>
         <input_file_ref idref="fl-1f"/>
      </object_component>
      <object_component id="oc-12a">
         <name>.debug_info</name>
         <load_address>0x119b5</load_address>
         <run_address>0x119b5</run_address>
         <size>0x107</size>
         <input_file_ref idref="fl-1f"/>
      </object_component>
      <object_component id="oc-87">
         <name>.debug_info</name>
         <load_address>0x11abc</load_address>
         <run_address>0x11abc</run_address>
         <size>0x2597</size>
         <input_file_ref idref="fl-1f"/>
      </object_component>
      <object_component id="oc-19a">
         <name>.debug_info</name>
         <load_address>0x14053</load_address>
         <run_address>0x14053</run_address>
         <size>0x2c</size>
         <input_file_ref idref="fl-23"/>
      </object_component>
      <object_component id="oc-165">
         <name>.debug_info</name>
         <load_address>0x1407f</load_address>
         <run_address>0x1407f</run_address>
         <size>0x333</size>
         <input_file_ref idref="fl-ef"/>
      </object_component>
      <object_component id="oc-a1">
         <name>.debug_info</name>
         <load_address>0x143b2</load_address>
         <run_address>0x143b2</run_address>
         <size>0x1d1</size>
         <input_file_ref idref="fl-ef"/>
      </object_component>
      <object_component id="oc-15b">
         <name>.debug_info</name>
         <load_address>0x14583</load_address>
         <run_address>0x14583</run_address>
         <size>0x18d</size>
         <input_file_ref idref="fl-ef"/>
      </object_component>
      <object_component id="oc-161">
         <name>.debug_info</name>
         <load_address>0x14710</load_address>
         <run_address>0x14710</run_address>
         <size>0x16d</size>
         <input_file_ref idref="fl-ef"/>
      </object_component>
      <object_component id="oc-2fd">
         <name>.debug_info</name>
         <load_address>0x1487d</load_address>
         <run_address>0x1487d</run_address>
         <size>0x2c</size>
         <input_file_ref idref="fl-ef"/>
      </object_component>
      <object_component id="oc-42">
         <name>.debug_info</name>
         <load_address>0x148a9</load_address>
         <run_address>0x148a9</run_address>
         <size>0x119</size>
         <input_file_ref idref="fl-f0"/>
      </object_component>
      <object_component id="oc-e9">
         <name>.debug_info</name>
         <load_address>0x149c2</load_address>
         <run_address>0x149c2</run_address>
         <size>0x147</size>
         <input_file_ref idref="fl-f1"/>
      </object_component>
      <object_component id="oc-e7">
         <name>.debug_info</name>
         <load_address>0x14b09</load_address>
         <run_address>0x14b09</run_address>
         <size>0x2d4</size>
         <input_file_ref idref="fl-f3"/>
      </object_component>
      <object_component id="oc-57">
         <name>.debug_info</name>
         <load_address>0x14ddd</load_address>
         <run_address>0x14ddd</run_address>
         <size>0x1b5</size>
         <input_file_ref idref="fl-f3"/>
      </object_component>
      <object_component id="oc-e2">
         <name>.debug_info</name>
         <load_address>0x14f92</load_address>
         <run_address>0x14f92</run_address>
         <size>0x46</size>
         <input_file_ref idref="fl-f3"/>
      </object_component>
      <object_component id="oc-4c">
         <name>.debug_info</name>
         <load_address>0x14fd8</load_address>
         <run_address>0x14fd8</run_address>
         <size>0x2a8</size>
         <input_file_ref idref="fl-f4"/>
      </object_component>
      <object_component id="oc-1f">
         <name>.debug_info</name>
         <load_address>0x15280</load_address>
         <run_address>0x15280</run_address>
         <size>0x1ea</size>
         <input_file_ref idref="fl-f4"/>
      </object_component>
      <object_component id="oc-47">
         <name>.debug_info</name>
         <load_address>0x1546a</load_address>
         <run_address>0x1546a</run_address>
         <size>0x46</size>
         <input_file_ref idref="fl-f4"/>
      </object_component>
      <object_component id="oc-da">
         <name>.debug_info</name>
         <load_address>0x154b0</load_address>
         <run_address>0x154b0</run_address>
         <size>0x2c</size>
         <input_file_ref idref="fl-f4"/>
      </object_component>
      <object_component id="oc-d8">
         <name>.debug_info</name>
         <load_address>0x154dc</load_address>
         <run_address>0x154dc</run_address>
         <size>0x29e</size>
         <input_file_ref idref="fl-f5"/>
      </object_component>
      <object_component id="oc-16">
         <name>.debug_info</name>
         <load_address>0x1577a</load_address>
         <run_address>0x1577a</run_address>
         <size>0x250</size>
         <input_file_ref idref="fl-f5"/>
      </object_component>
      <object_component id="oc-37">
         <name>.debug_info</name>
         <load_address>0x159ca</load_address>
         <run_address>0x159ca</run_address>
         <size>0x60</size>
         <input_file_ref idref="fl-f5"/>
      </object_component>
      <object_component id="oc-193">
         <name>.debug_info</name>
         <load_address>0x15a2a</load_address>
         <run_address>0x15a2a</run_address>
         <size>0x46</size>
         <input_file_ref idref="fl-f5"/>
      </object_component>
      <object_component id="oc-d3">
         <name>.debug_info</name>
         <load_address>0x15a70</load_address>
         <run_address>0x15a70</run_address>
         <size>0x39</size>
         <input_file_ref idref="fl-f5"/>
      </object_component>
      <object_component id="oc-180">
         <name>.debug_info</name>
         <load_address>0x15aa9</load_address>
         <run_address>0x15aa9</run_address>
         <size>0x322</size>
         <input_file_ref idref="fl-f7"/>
      </object_component>
      <object_component id="oc-b0">
         <name>.debug_info</name>
         <load_address>0x15dcb</load_address>
         <run_address>0x15dcb</run_address>
         <size>0x231</size>
         <input_file_ref idref="fl-f7"/>
      </object_component>
      <object_component id="oc-25">
         <name>.debug_info</name>
         <load_address>0x15ffc</load_address>
         <run_address>0x15ffc</run_address>
         <size>0x10b</size>
         <input_file_ref idref="fl-f8"/>
      </object_component>
      <object_component id="oc-63">
         <name>.debug_info</name>
         <load_address>0x16107</load_address>
         <run_address>0x16107</run_address>
         <size>0x1a9</size>
         <input_file_ref idref="fl-f8"/>
      </object_component>
      <object_component id="oc-269">
         <name>.debug_info</name>
         <load_address>0x162b0</load_address>
         <run_address>0x162b0</run_address>
         <size>0x289</size>
         <input_file_ref idref="fl-f9"/>
      </object_component>
      <object_component id="oc-266">
         <name>.debug_info</name>
         <load_address>0x16539</load_address>
         <run_address>0x16539</run_address>
         <size>0x10e</size>
         <input_file_ref idref="fl-f9"/>
      </object_component>
      <object_component id="oc-17a">
         <name>.debug_info</name>
         <load_address>0x16647</load_address>
         <run_address>0x16647</run_address>
         <size>0x14e</size>
         <input_file_ref idref="fl-f9"/>
      </object_component>
      <object_component id="oc-256">
         <name>.debug_info</name>
         <load_address>0x16795</load_address>
         <run_address>0x16795</run_address>
         <size>0x590</size>
         <input_file_ref idref="fl-fa"/>
      </object_component>
      <object_component id="oc-229">
         <name>.debug_info</name>
         <load_address>0x16d25</load_address>
         <run_address>0x16d25</run_address>
         <size>0x21e</size>
         <input_file_ref idref="fl-fa"/>
      </object_component>
      <object_component id="oc-2c7">
         <name>.debug_info</name>
         <load_address>0x16f43</load_address>
         <run_address>0x16f43</run_address>
         <size>0x1b3</size>
         <input_file_ref idref="fl-fa"/>
      </object_component>
      <object_component id="oc-2cd">
         <name>.debug_info</name>
         <load_address>0x170f6</load_address>
         <run_address>0x170f6</run_address>
         <size>0x21b</size>
         <input_file_ref idref="fl-fa"/>
      </object_component>
      <object_component id="oc-234">
         <name>.debug_info</name>
         <load_address>0x17311</load_address>
         <run_address>0x17311</run_address>
         <size>0x3c0</size>
         <input_file_ref idref="fl-fa"/>
      </object_component>
      <object_component id="oc-2d4">
         <name>.debug_info</name>
         <load_address>0x176d1</load_address>
         <run_address>0x176d1</run_address>
         <size>0x30a</size>
         <input_file_ref idref="fl-fa"/>
      </object_component>
      <object_component id="oc-2da">
         <name>.debug_info</name>
         <load_address>0x179db</load_address>
         <run_address>0x179db</run_address>
         <size>0x215</size>
         <input_file_ref idref="fl-fa"/>
      </object_component>
      <object_component id="oc-23b">
         <name>.debug_info</name>
         <load_address>0x17bf0</load_address>
         <run_address>0x17bf0</run_address>
         <size>0x215</size>
         <input_file_ref idref="fl-fa"/>
      </object_component>
      <object_component id="oc-241">
         <name>.debug_info</name>
         <load_address>0x17e05</load_address>
         <run_address>0x17e05</run_address>
         <size>0x304</size>
         <input_file_ref idref="fl-fa"/>
      </object_component>
      <object_component id="oc-247">
         <name>.debug_info</name>
         <load_address>0x18109</load_address>
         <run_address>0x18109</run_address>
         <size>0x4b5</size>
         <input_file_ref idref="fl-fa"/>
      </object_component>
      <object_component id="oc-156">
         <name>.debug_info</name>
         <load_address>0x185be</load_address>
         <run_address>0x185be</run_address>
         <size>0x5f4</size>
         <input_file_ref idref="fl-fa"/>
      </object_component>
      <object_component id="oc-257">
         <name>.debug_info</name>
         <load_address>0x18bb2</load_address>
         <run_address>0x18bb2</run_address>
         <size>0x86</size>
         <input_file_ref idref="fl-fa"/>
      </object_component>
      <object_component id="oc-302">
         <name>.debug_info</name>
         <load_address>0x18c38</load_address>
         <run_address>0x18c38</run_address>
         <size>0x39</size>
         <input_file_ref idref="fl-fa"/>
      </object_component>
      <object_component id="oc-363">
         <name>.debug_info</name>
         <load_address>0x18c71</load_address>
         <run_address>0x18c71</run_address>
         <size>0xb6</size>
         <input_file_ref idref="fl-fa"/>
      </object_component>
      <object_component id="oc-307">
         <name>.debug_info</name>
         <load_address>0x18d27</load_address>
         <run_address>0x18d27</run_address>
         <size>0x46</size>
         <input_file_ref idref="fl-fa"/>
      </object_component>
      <object_component id="oc-25c">
         <name>.debug_info</name>
         <load_address>0x18d6d</load_address>
         <run_address>0x18d6d</run_address>
         <size>0x46</size>
         <input_file_ref idref="fl-fa"/>
      </object_component>
      <object_component id="oc-339">
         <name>.debug_info</name>
         <load_address>0x18db3</load_address>
         <run_address>0x18db3</run_address>
         <size>0x115</size>
         <input_file_ref idref="fl-fb"/>
      </object_component>
      <object_component id="oc-2c2">
         <name>.debug_info</name>
         <load_address>0x18ec8</load_address>
         <run_address>0x18ec8</run_address>
         <size>0x14c</size>
         <input_file_ref idref="fl-fc"/>
      </object_component>
      <object_component id="oc-22f">
         <name>.debug_info</name>
         <load_address>0x19014</load_address>
         <run_address>0x19014</run_address>
         <size>0x128</size>
         <input_file_ref idref="fl-fd"/>
      </object_component>
      <object_component id="oc-2ad">
         <name>.debug_info</name>
         <load_address>0x1913c</load_address>
         <run_address>0x1913c</run_address>
         <size>0x12a</size>
         <input_file_ref idref="fl-fd"/>
      </object_component>
      <object_component id="oc-2a7">
         <name>.debug_info</name>
         <load_address>0x19266</load_address>
         <run_address>0x19266</run_address>
         <size>0x13a</size>
         <input_file_ref idref="fl-fe"/>
      </object_component>
      <object_component id="oc-2a1">
         <name>.debug_info</name>
         <load_address>0x193a0</load_address>
         <run_address>0x193a0</run_address>
         <size>0x13a</size>
         <input_file_ref idref="fl-ff"/>
      </object_component>
      <object_component id="oc-2b0">
         <name>.debug_info</name>
         <load_address>0x194da</load_address>
         <run_address>0x194da</run_address>
         <size>0x12e</size>
         <input_file_ref idref="fl-100"/>
      </object_component>
      <object_component id="oc-2bb">
         <name>.debug_info</name>
         <load_address>0x19608</load_address>
         <run_address>0x19608</run_address>
         <size>0x12c</size>
         <input_file_ref idref="fl-101"/>
      </object_component>
      <object_component id="oc-29b">
         <name>.debug_info</name>
         <load_address>0x19734</load_address>
         <run_address>0x19734</run_address>
         <size>0x134</size>
         <input_file_ref idref="fl-102"/>
      </object_component>
      <object_component id="oc-280">
         <name>.debug_info</name>
         <load_address>0x19868</load_address>
         <run_address>0x19868</run_address>
         <size>0x4b3</size>
         <input_file_ref idref="fl-103"/>
      </object_component>
      <object_component id="oc-1b1">
         <name>.debug_info</name>
         <load_address>0x19d1b</load_address>
         <run_address>0x19d1b</run_address>
         <size>0x1a6</size>
         <input_file_ref idref="fl-103"/>
      </object_component>
      <object_component id="oc-322">
         <name>.debug_info</name>
         <load_address>0x19ec1</load_address>
         <run_address>0x19ec1</run_address>
         <size>0x39</size>
         <input_file_ref idref="fl-103"/>
      </object_component>
      <object_component id="oc-36b">
         <name>.debug_info</name>
         <load_address>0x19efa</load_address>
         <run_address>0x19efa</run_address>
         <size>0x39</size>
         <input_file_ref idref="fl-103"/>
      </object_component>
      <object_component id="oc-327">
         <name>.debug_info</name>
         <load_address>0x19f33</load_address>
         <run_address>0x19f33</run_address>
         <size>0x39</size>
         <input_file_ref idref="fl-103"/>
      </object_component>
      <object_component id="oc-32c">
         <name>.debug_info</name>
         <load_address>0x19f6c</load_address>
         <run_address>0x19f6c</run_address>
         <size>0xcd</size>
         <input_file_ref idref="fl-103"/>
      </object_component>
      <object_component id="oc-f2">
         <name>.debug_info</name>
         <load_address>0x1a039</load_address>
         <run_address>0x1a039</run_address>
         <size>0x153</size>
         <input_file_ref idref="fl-104"/>
      </object_component>
      <object_component id="oc-1a4">
         <name>.debug_info</name>
         <load_address>0x1a18c</load_address>
         <run_address>0x1a18c</run_address>
         <size>0x122</size>
         <input_file_ref idref="fl-106"/>
      </object_component>
      <object_component id="oc-342">
         <name>.debug_info</name>
         <load_address>0x1a2ae</load_address>
         <run_address>0x1a2ae</run_address>
         <size>0x29c</size>
         <input_file_ref idref="fl-108"/>
      </object_component>
      <object_component id="oc-2b6">
         <name>.debug_info</name>
         <load_address>0x1a54a</load_address>
         <run_address>0x1a54a</run_address>
         <size>0x1da</size>
         <input_file_ref idref="fl-108"/>
      </object_component>
      <object_component id="oc-298">
         <name>.debug_info</name>
         <load_address>0x1a724</load_address>
         <run_address>0x1a724</run_address>
         <size>0x2b9</size>
         <input_file_ref idref="fl-10a"/>
      </object_component>
      <object_component id="oc-222">
         <name>.debug_info</name>
         <load_address>0x1a9dd</load_address>
         <run_address>0x1a9dd</run_address>
         <size>0x17c</size>
         <input_file_ref idref="fl-10a"/>
      </object_component>
      <object_component id="oc-26c">
         <name>.debug_info</name>
         <load_address>0x1ab59</load_address>
         <run_address>0x1ab59</run_address>
         <size>0xf9</size>
         <input_file_ref idref="fl-10b"/>
      </object_component>
      <object_component id="oc-17d">
         <name>.debug_info</name>
         <load_address>0x1ac52</load_address>
         <run_address>0x1ac52</run_address>
         <size>0x105</size>
         <input_file_ref idref="fl-10b"/>
      </object_component>
      <object_component id="oc-2f3">
         <name>.debug_info</name>
         <load_address>0x1ad57</load_address>
         <run_address>0x1ad57</run_address>
         <size>0x2a7</size>
         <input_file_ref idref="fl-10c"/>
      </object_component>
      <object_component id="oc-24d">
         <name>.debug_info</name>
         <load_address>0x1affe</load_address>
         <run_address>0x1affe</run_address>
         <size>0x1b8</size>
         <input_file_ref idref="fl-10c"/>
      </object_component>
      <object_component id="oc-359">
         <name>.debug_info</name>
         <load_address>0x1b1b6</load_address>
         <run_address>0x1b1b6</run_address>
         <size>0x29a</size>
         <input_file_ref idref="fl-10d"/>
      </object_component>
      <object_component id="oc-2ee">
         <name>.debug_info</name>
         <load_address>0x1b450</load_address>
         <run_address>0x1b450</run_address>
         <size>0x262</size>
         <input_file_ref idref="fl-10d"/>
      </object_component>
      <object_component id="oc-296">
         <name>.debug_info</name>
         <load_address>0x1b6b2</load_address>
         <run_address>0x1b6b2</run_address>
         <size>0x28f</size>
         <input_file_ref idref="fl-10e"/>
      </object_component>
      <object_component id="oc-21e">
         <name>.debug_info</name>
         <load_address>0x1b941</load_address>
         <run_address>0x1b941</run_address>
         <size>0x245</size>
         <input_file_ref idref="fl-10e"/>
      </object_component>
      <object_component id="oc-2fa">
         <name>.debug_info</name>
         <load_address>0x1bb86</load_address>
         <run_address>0x1bb86</run_address>
         <size>0x28f</size>
         <input_file_ref idref="fl-10f"/>
      </object_component>
      <object_component id="oc-252">
         <name>.debug_info</name>
         <load_address>0x1be15</load_address>
         <run_address>0x1be15</run_address>
         <size>0x15a</size>
         <input_file_ref idref="fl-10f"/>
      </object_component>
      <object_component id="oc-35c">
         <name>.debug_info</name>
         <load_address>0x1bf6f</load_address>
         <run_address>0x1bf6f</run_address>
         <size>0x46</size>
         <input_file_ref idref="fl-10f"/>
      </object_component>
      <object_component id="oc-2f5">
         <name>.debug_info</name>
         <load_address>0x1bfb5</load_address>
         <run_address>0x1bfb5</run_address>
         <size>0x39</size>
         <input_file_ref idref="fl-10f"/>
      </object_component>
      <object_component id="oc-34a">
         <name>.debug_info</name>
         <load_address>0x1bfee</load_address>
         <run_address>0x1bfee</run_address>
         <size>0x295</size>
         <input_file_ref idref="fl-110"/>
      </object_component>
      <object_component id="oc-2e3">
         <name>.debug_info</name>
         <load_address>0x1c283</load_address>
         <run_address>0x1c283</run_address>
         <size>0x195</size>
         <input_file_ref idref="fl-110"/>
      </object_component>
      <object_component id="oc-37c">
         <name>.debug_info</name>
         <load_address>0x1c418</load_address>
         <run_address>0x1c418</run_address>
         <size>0x39</size>
         <input_file_ref idref="fl-110"/>
      </object_component>
      <object_component id="oc-34b">
         <name>.debug_info</name>
         <load_address>0x1c451</load_address>
         <run_address>0x1c451</run_address>
         <size>0x2c</size>
         <input_file_ref idref="fl-110"/>
      </object_component>
      <object_component id="oc-357">
         <name>.debug_info</name>
         <load_address>0x1c47d</load_address>
         <run_address>0x1c47d</run_address>
         <size>0x2f8</size>
         <input_file_ref idref="fl-111"/>
      </object_component>
      <object_component id="oc-2e7">
         <name>.debug_info</name>
         <load_address>0x1c775</load_address>
         <run_address>0x1c775</run_address>
         <size>0x225</size>
         <input_file_ref idref="fl-111"/>
      </object_component>
      <object_component id="oc-351">
         <name>.debug_info</name>
         <load_address>0x1c99a</load_address>
         <run_address>0x1c99a</run_address>
         <size>0x161</size>
         <input_file_ref idref="fl-112"/>
      </object_component>
      <object_component id="oc-3b6">
         <name>.debug_info</name>
         <load_address>0x1cafb</load_address>
         <run_address>0x1cafb</run_address>
         <size>0xa7</size>
      </object_component>
      <object_component id="oc-16c">
         <name>.debug_line</name>
         <load_address>0x0</load_address>
         <run_address>0x0</run_address>
         <size>0x199</size>
         <input_file_ref idref="fl-2"/>
      </object_component>
      <object_component id="oc-173">
         <name>.debug_line</name>
         <load_address>0x199</load_address>
         <run_address>0x199</run_address>
         <size>0x2d</size>
         <input_file_ref idref="fl-2"/>
      </object_component>
      <object_component id="oc-175">
         <name>.debug_line</name>
         <load_address>0x1c6</load_address>
         <run_address>0x1c6</run_address>
         <size>0x2d</size>
         <input_file_ref idref="fl-2"/>
      </object_component>
      <object_component id="oc-31">
         <name>.debug_line</name>
         <load_address>0x1f3</load_address>
         <run_address>0x1f3</run_address>
         <size>0x5ab</size>
         <input_file_ref idref="fl-2"/>
      </object_component>
      <object_component id="oc-ca">
         <name>.debug_line</name>
         <load_address>0x79e</load_address>
         <run_address>0x79e</run_address>
         <size>0x36</size>
         <input_file_ref idref="fl-2"/>
      </object_component>
      <object_component id="oc-18c">
         <name>.debug_line</name>
         <load_address>0x7d4</load_address>
         <run_address>0x7d4</run_address>
         <size>0x38</size>
         <input_file_ref idref="fl-2"/>
      </object_component>
      <object_component id="oc-170">
         <name>.debug_line</name>
         <load_address>0x80c</load_address>
         <run_address>0x80c</run_address>
         <size>0x2d</size>
         <input_file_ref idref="fl-2"/>
      </object_component>
      <object_component id="oc-d1">
         <name>.debug_line</name>
         <load_address>0x839</load_address>
         <run_address>0x839</run_address>
         <size>0x7a</size>
         <input_file_ref idref="fl-2"/>
      </object_component>
      <object_component id="oc-c0">
         <name>.debug_line</name>
         <load_address>0x8b3</load_address>
         <run_address>0x8b3</run_address>
         <size>0x20</size>
         <input_file_ref idref="fl-2"/>
      </object_component>
      <object_component id="oc-191">
         <name>.debug_line</name>
         <load_address>0x8d3</load_address>
         <run_address>0x8d3</run_address>
         <size>0x7e</size>
         <input_file_ref idref="fl-2"/>
      </object_component>
      <object_component id="oc-117">
         <name>.debug_line</name>
         <load_address>0x951</load_address>
         <run_address>0x951</run_address>
         <size>0x7a</size>
         <input_file_ref idref="fl-2"/>
      </object_component>
      <object_component id="oc-c5">
         <name>.debug_line</name>
         <load_address>0x9cb</load_address>
[...]
         <object_component_ref idref="oc-74"/>
      </symbol>
      <symbol id="sm-509">
         <name>SysCtlADCSpeedSet</name>
         <value>0x2249</value>
         <object_component_ref idref="oc-74"/>
      </symbol>
      <symbol id="sm-50a">
         <name>SysCtlSRAMSizeGet</name>
         <value>0x1981</value>
         <object_component_ref idref="oc-74"/>
      </symbol>
      <symbol id="sm-50b">
         <name>SysCtlClockGet</name>
         <value>0x1f41</value>
         <object_component_ref idref="oc-74"/>
      </symbol>
      <symbol id="sm-50c">
         <name>SysCtlPeripheralDisable</name>
         <value>0x1b4f</value>
         <object_component_ref idref="oc-74"/>
      </symbol>
      <symbol id="sm-50d">
         <name>SysCtlPWMClockSet</name>
         <value>0x1c13</value>
         <object_component_ref idref="oc-74"/>
      </symbol>
      <symbol id="sm-50e">
         <name>SysCtlUSBPLLEnable</name>
         <value>0x1965</value>
         <object_component_ref idref="oc-74"/>
      </symbol>
      <symbol id="sm-50f">
         <name>SysCtlPeripheralSleepEnable</name>
         <value>0x19b9</value>
         <object_component_ref idref="oc-74"/>
      </symbol>
      <symbol id="sm-510">
         <name>SysCtlIntUnregister</name>
         <value>0x1c89</value>
         <object_component_ref idref="oc-74"/>
      </symbol>
      <symbol id="sm-511">
         <name>SysCtlUSBPLLDisable</name>
         <value>0x1973</value>
         <object_component_ref idref="oc-74"/>
      </symbol>
      <symbol id="sm-512">
         <name>SysCtlPeripheralReady</name>
         <value>0x1a61</value>
         <object_component_ref idref="oc-74"/>
      </symbol>
      <symbol id="sm-513">
         <name>SysCtlPIOSCCalibrate</name>
         <value>0x1c33</value>
         <object_component_ref idref="oc-74"/>
      </symbol>
      <symbol id="sm-514">
         <name>SysCtlResetCauseClear</name>
         <value>0x1997</value>
         <object_component_ref idref="oc-74"/>
      </symbol>
      <symbol id="sm-515">
         <name>SysCtlClockFreqSet</name>
         <value>0x2069</value>
         <object_component_ref idref="oc-74"/>
      </symbol>
      <symbol id="sm-516">
         <name>SysCtlPeripheralReset</name>
         <value>0x1a15</value>
         <object_component_ref idref="oc-74"/>
      </symbol>
      <symbol id="sm-52e">
         <name>SysTickIntDisable</name>
         <value>0x488f</value>
         <object_component_ref idref="oc-7a"/>
      </symbol>
      <symbol id="sm-52f">
         <name>SysTickEnable</name>
         <value>0x489d</value>
         <object_component_ref idref="oc-7a"/>
      </symbol>
      <symbol id="sm-530">
         <name>SysTickPeriodGet</name>
         <value>0x484d</value>
         <object_component_ref idref="oc-7a"/>
      </symbol>
      <symbol id="sm-531">
         <name>SysTickIntRegister</name>
         <value>0x4869</value>
         <object_component_ref idref="oc-7a"/>
      </symbol>
      <symbol id="sm-532">
         <name>SysTickIntEnable</name>
         <value>0x4881</value>
         <object_component_ref idref="oc-7a"/>
      </symbol>
      <symbol id="sm-533">
         <name>SysTickValueGet</name>
         <value>0x483d</value>
         <object_component_ref idref="oc-7a"/>
      </symbol>
      <symbol id="sm-534">
         <name>SysTickIntUnregister</name>
         <value>0x4857</value>
         <object_component_ref idref="oc-7a"/>
      </symbol>
      <symbol id="sm-535">
         <name>SysTickPeriodSet</name>
         <value>0x4843</value>
         <object_component_ref idref="oc-7a"/>
      </symbol>
      <symbol id="sm-536">
         <name>SysTickDisable</name>
         <value>0x48ab</value>
         <object_component_ref idref="oc-7a"/>
      </symbol>
      <symbol id="sm-590">
         <name>UARTClockSourceGet</name>
         <value>0x335d</value>
         <object_component_ref idref="oc-86"/>
      </symbol>
      <symbol id="sm-591">
         <name>UARTCharPutNonBlocking</name>
         <value>0x3371</value>
         <object_component_ref idref="oc-86"/>
      </symbol>
      <symbol id="sm-592">
         <name>UARTDMAEnable</name>
         <value>0x32d9</value>
         <object_component_ref idref="oc-86"/>
      </symbol>
      <symbol id="sm-593">
         <name>UARTTxIntModeSet</name>
         <value>0x3145</value>
         <object_component_ref idref="oc-86"/>
      </symbol>
      <symbol id="sm-594">
         <name>UARTFIFODisable</name>
         <value>0x3283</value>
         <object_component_ref idref="oc-86"/>
      </symbol>
      <symbol id="sm-595">
         <name>UARTIntUnregister</name>
         <value>0x3203</value>
         <object_component_ref idref="oc-86"/>
      </symbol>
      <symbol id="sm-596">
         <name>UARTModemControlSet</name>
         <value>0x31b3</value>
         <object_component_ref idref="oc-86"/>
      </symbol>
      <symbol id="sm-597">
         <name>UARTRxErrorClear</name>
         <value>0x318f</value>
         <object_component_ref idref="oc-86"/>
      </symbol>
      <symbol id="sm-598">
         <name>UARTFlowControlSet</name>
         <value>0x324f</value>
         <object_component_ref idref="oc-86"/>
      </symbol>
      <symbol id="sm-599">
         <name>UARTConfigSetExpClk</name>
         <value>0x32eb</value>
         <object_component_ref idref="oc-86"/>
      </symbol>
      <symbol id="sm-59a">
         <name>UARTSmartCardDisable</name>
         <value>0x317d</value>
         <object_component_ref idref="oc-86"/>
      </symbol>
      <symbol id="sm-59b">
         <name>UARTDisable</name>
         <value>0x32bf</value>
         <object_component_ref idref="oc-86"/>
      </symbol>
      <symbol id="sm-59c">
         <name>UART9BitDisable</name>
         <value>0x33cb</value>
         <object_component_ref idref="oc-86"/>
      </symbol>
      <symbol id="sm-59d">
         <name>UARTFIFOLevelGet</name>
         <value>0x3269</value>
         <object_component_ref idref="oc-86"/>
      </symbol>
      <symbol id="sm-59e">
         <name>UARTBusy</name>
         <value>0x33a1</value>
         <object_component_ref idref="oc-86"/>
      </symbol>
      <symbol id="sm-59f">
         <name>UARTDisableSIR</name>
         <value>0x32b5</value>
         <object_component_ref idref="oc-86"/>
      </symbol>
      <symbol id="sm-5a0">
         <name>UARTIntEnable</name>
         <value>0x3239</value>
         <object_component_ref idref="oc-86"/>
      </symbol>
      <symbol id="sm-5a1">
         <name>UARTCharsAvail</name>
         <value>0x3363</value>
         <object_component_ref idref="oc-86"/>
      </symbol>
      <symbol id="sm-5a2">
         <name>UARTCharGetNonBlocking</name>
         <value>0x3389</value>
         <object_component_ref idref="oc-86"/>
      </symbol>
      <symbol id="sm-5a3">
         <name>UARTClockSourceSet</name>
         <value>0x3357</value>
         <object_component_ref idref="oc-86"/>
      </symbol>
      <symbol id="sm-5a4">
         <name>UARTTxIntModeGet</name>
         <value>0x3151</value>
         <object_component_ref idref="oc-86"/>
      </symbol>
      <symbol id="sm-5a5">
         <name>UARTModemStatusGet</name>
         <value>0x31a9</value>
         <object_component_ref idref="oc-86"/>
      </symbol>
      <symbol id="sm-5a6">
         <name>UARTIntDisable</name>
         <value>0x3241</value>
         <object_component_ref idref="oc-86"/>
      </symbol>
      <symbol id="sm-5a7">
         <name>UARTCharPut</name>
         <value>0x337f</value>
         <object_component_ref idref="oc-86"/>
      </symbol>
      <symbol id="sm-5a8">
         <name>UARTParityModeSet</name>
         <value>0x3195</value>
         <object_component_ref idref="oc-86"/>
      </symbol>
      <symbol id="sm-5a9">
         <name>UARTRxErrorGet</name>
         <value>0x3187</value>
         <object_component_ref idref="oc-86"/>
      </symbol>
      <symbol id="sm-5aa">
         <name>UARTConfigGetExpClk</name>
         <value>0x3331</value>
         <object_component_ref idref="oc-86"/>
      </symbol>
      <symbol id="sm-5ab">
         <name>UARTEnableSIR</name>
         <value>0x328d</value>
         <object_component_ref idref="oc-86"/>
      </symbol>
      <symbol id="sm-5ac">
         <name>UARTEnable</name>
         <value>0x32a1</value>
         <object_component_ref idref="oc-86"/>
      </symbol>
      <symbol id="sm-5ad">
         <name>UART9BitAddrSend</name>
         <value>0x33e3</value>
         <object_component_ref idref="oc-86"/>
      </symbol>
      <symbol id="sm-5ae">
         <name>UARTModemControlGet</name>
         <value>0x31bf</value>
         <object_component_ref idref="oc-86"/>
      </symbol>
      <symbol id="sm-5af">
         <name>UARTSmartCardEnable</name>
         <value>0x3167</value>
         <object_component_ref idref="oc-86"/>
      </symbol>
      <symbol id="sm-5b0">
         <name>UARTFlowControlGet</name>
         <value>0x325b</value>
         <object_component_ref idref="oc-86"/>
      </symbol>
      <symbol id="sm-5b1">
         <name>UARTFIFOEnable</name>
         <value>0x3279</value>
         <object_component_ref idref="oc-86"/>
      </symbol>
      <symbol id="sm-5b2">
         <name>UARTIntClear</name>
         <value>0x324b</value>
         <object_component_ref idref="oc-86"/>
      </symbol>
      <symbol id="sm-5b3">
         <name>UARTIntStatus</name>
         <value>0x3217</value>
         <object_component_ref idref="oc-86"/>
      </symbol>
      <symbol id="sm-5b4">
         <name>UARTDMADisable</name>
         <value>0x32e1</value>
         <object_component_ref idref="oc-86"/>
      </symbol>
      <symbol id="sm-5b5">
         <name>UART9BitEnable</name>
         <value>0x33bd</value>
         <object_component_ref idref="oc-86"/>
      </symbol>
      <symbol id="sm-5b6">
         <name>UARTSpaceAvail</name>
         <value>0x3159</value>
         <object_component_ref idref="oc-86"/>
      </symbol>
      <symbol id="sm-5b7">
         <name>UARTCharGet</name>
         <value>0x3397</value>
         <object_component_ref idref="oc-86"/>
      </symbol>
      <symbol id="sm-5b8">
         <name>UARTFIFOLevelSet</name>
         <value>0x3263</value>
         <object_component_ref idref="oc-86"/>
      </symbol>
      <symbol id="sm-5b9">
         <name>UARTModemControlClear</name>
         <value>0x31c7</value>
         <object_component_ref idref="oc-86"/>
      </symbol>
      <symbol id="sm-5ba">
         <name>UARTParityModeGet</name>
         <value>0x31a1</value>
         <object_component_ref idref="oc-86"/>
      </symbol>
      <symbol id="sm-5bb">
         <name>UARTIntRegister</name>
         <value>0x3221</value>
         <object_component_ref idref="oc-86"/>
      </symbol>
      <symbol id="sm-5bc">
         <name>UARTBreakCtl</name>
         <value>0x33a9</value>
         <object_component_ref idref="oc-86"/>
      </symbol>
      <symbol id="sm-5bd">
         <name>UART9BitAddrSet</name>
         <value>0x33d9</value>
         <object_component_ref idref="oc-86"/>
      </symbol>
      <symbol id="sm-5fb">
         <name>sprintf</name>
         <value>0x4c45</value>
         <object_component_ref idref="oc-9f"/>
      </symbol>
      <symbol id="sm-616">
         <name>memcpy</name>
         <value>0x45ff</value>
         <object_component_ref idref="oc-41"/>
      </symbol>
      <symbol id="sm-617">
         <name>__aeabi_memcpy</name>
         <value>0x45ff</value>
         <object_component_ref idref="oc-41"/>
      </symbol>
      <symbol id="sm-618">
         <name>__aeabi_memcpy8</name>
         <value>0x45ff</value>
         <object_component_ref idref="oc-41"/>
      </symbol>
      <symbol id="sm-619">
         <name>__aeabi_memcpy4</name>
         <value>0x45ff</value>
         <object_component_ref idref="oc-41"/>
      </symbol>
      <symbol id="sm-628">
         <name>__aeabi_memset</name>
         <value>0x48bf</value>
         <object_component_ref idref="oc-e8"/>
      </symbol>
      <symbol id="sm-629">
         <name>memset</name>
         <value>0x48c5</value>
         <object_component_ref idref="oc-e8"/>
      </symbol>
      <symbol id="sm-62a">
         <name>__aeabi_memset8</name>
         <value>0x48bf</value>
         <object_component_ref idref="oc-e8"/>
      </symbol>
      <symbol id="sm-62b">
         <name>__aeabi_memset4</name>
         <value>0x48bf</value>
         <object_component_ref idref="oc-e8"/>
      </symbol>
      <symbol id="sm-62c">
         <name>__aeabi_memclr8</name>
         <value>0x48bd</value>
         <object_component_ref idref="oc-e8"/>
      </symbol>
      <symbol id="sm-62d">
         <name>__aeabi_memclr4</name>
         <value>0x48bd</value>
         <object_component_ref idref="oc-e8"/>
      </symbol>
      <symbol id="sm-62e">
         <name>__aeabi_memclr</name>
         <value>0x48bd</value>
         <object_component_ref idref="oc-e8"/>
      </symbol>
      <symbol id="sm-641">
         <name>__TI_zero_init</name>
         <value>0x4df3</value>
         <object_component_ref idref="oc-53"/>
      </symbol>
      <symbol id="sm-658">
         <name>__TI_decompress_none</name>
         <value>0x4de5</value>
         <object_component_ref idref="oc-1b"/>
      </symbol>
      <symbol id="sm-67b">
         <name>__TI_decompress_lzss</name>
         <value>0x49a5</value>
         <object_component_ref idref="oc-15"/>
      </symbol>
      <symbol id="sm-69c">
         <name>strtoul</name>
         <value>0x4341</value>
         <object_component_ref idref="oc-af"/>
      </symbol>
      <symbol id="sm-6af">
         <name>__stack</name>
         <value>0x200007c8</value>
         <object_component_ref idref="oc-24"/>
      </symbol>
      <symbol id="sm-6b0">
         <name>_c_int00_noargs</name>
         <value>0x4cf9</value>
         <object_component_ref idref="oc-5f"/>
      </symbol>
      <symbol id="sm-6c6">
         <name>__aeabi_errno_addr</name>
         <value>0x4e15</value>
         <object_component_ref idref="oc-176"/>
      </symbol>
      <symbol id="sm-6c7">
         <name>errno</name>
         <value>0x200009ec</value>
         <object_component_ref idref="oc-265"/>
      </symbol>
      <symbol id="sm-82c">
         <name>__TI_printfi</name>
         <value>0xefd</value>
         <object_component_ref idref="oc-152"/>
      </symbol>
      <symbol id="sm-836">
         <name>__aeabi_idiv0</name>
         <value>0x194b</value>
         <object_component_ref idref="oc-337"/>
      </symbol>
      <symbol id="sm-837">
         <name>__aeabi_ldiv0</name>
         <value>0x194b</value>
         <object_component_ref idref="oc-337"/>
      </symbol>
      <symbol id="sm-84e">
         <name>__aeabi_dsub</name>
         <value>0x3ce1</value>
         <object_component_ref idref="oc-2bf"/>
      </symbol>
      <symbol id="sm-84f">
         <name>__aeabi_dadd</name>
         <value>0x3ceb</value>
         <object_component_ref idref="oc-2bf"/>
      </symbol>
      <symbol id="sm-871">
         <name>__aeabi_cdcmpeq</name>
         <value>0x4731</value>
         <object_component_ref idref="oc-22c"/>
      </symbol>
      <symbol id="sm-872">
         <name>__aeabi_cdcmple</name>
         <value>0x4731</value>
         <object_component_ref idref="oc-22c"/>
      </symbol>
      <symbol id="sm-873">
         <name>__aeabi_cdrcmple</name>
         <value>0x47b7</value>
         <object_component_ref idref="oc-2aa"/>
      </symbol>
      <symbol id="sm-887">
         <name>__aeabi_ddiv</name>
         <value>0x3fd5</value>
         <object_component_ref idref="oc-2a5"/>
      </symbol>
      <symbol id="sm-892">
         <name>__aeabi_dmul</name>
         <value>0x4451</value>
         <object_component_ref idref="oc-2a0"/>
      </symbol>
      <symbol id="sm-89c">
         <name>__aeabi_d2iz</name>
         <value>0x4bb9</value>
         <object_component_ref idref="oc-2af"/>
      </symbol>
      <symbol id="sm-8a6">
         <name>__aeabi_i2d</name>
         <value>0x4d2d</value>
         <object_component_ref idref="oc-2ba"/>
      </symbol>
      <symbol id="sm-8b3">
         <name>__aeabi_uldivmod</name>
         <value>0x469b</value>
         <object_component_ref idref="oc-299"/>
      </symbol>
      <symbol id="sm-8db">
         <name>__TI_auto_init_nobinit_nopinit</name>
         <value>0x4c01</value>
         <object_component_ref idref="oc-1af"/>
      </symbol>
      <symbol id="sm-8e5">
         <name>_system_pre_init</name>
         <value>0x4e23</value>
         <object_component_ref idref="oc-ee"/>
      </symbol>
      <symbol id="sm-8f1">
         <name>C$$EXIT</name>
         <value>0x4e27</value>
         <object_component_ref idref="oc-1a3"/>
      </symbol>
      <symbol id="sm-8f2">
         <name>abort</name>
         <value>0x4e27</value>
         <object_component_ref idref="oc-1a3"/>
      </symbol>
      <symbol id="sm-902">
         <name>__TI_ltoa</name>
         <value>0x4ac7</value>
         <object_component_ref idref="oc-2b4"/>
      </symbol>
      <symbol id="sm-919">
         <name>atoi</name>
         <value>0x4b6d</value>
         <object_component_ref idref="oc-220"/>
      </symbol>
      <symbol id="sm-924">
         <name>_ctypes_</name>
         <value>0x4f4c</value>
         <object_component_ref idref="oc-17c"/>
      </symbol>
      <symbol id="sm-934">
         <name>memccpy</name>
         <value>0x4d5b</value>
         <object_component_ref idref="oc-249"/>
      </symbol>
      <symbol id="sm-944">
         <name>strchr</name>
         <value>0x4da9</value>
         <object_component_ref idref="oc-2eb"/>
      </symbol>
      <symbol id="sm-952">
         <name>strlen</name>
         <value>0x4dbf</value>
         <object_component_ref idref="oc-21a"/>
      </symbol>
      <symbol id="sm-96b">
         <name>wcslen</name>
         <value>0x4dd3</value>
         <object_component_ref idref="oc-24f"/>
      </symbol>
      <symbol id="sm-98b">
         <name>frexpl</name>
         <value>0x4a0d</value>
         <object_component_ref idref="oc-2df"/>
      </symbol>
      <symbol id="sm-98c">
         <name>frexp</name>
         <value>0x4a0d</value>
         <object_component_ref idref="oc-2df"/>
      </symbol>
      <symbol id="sm-9a9">
         <name>scalbn</name>
         <value>0x4231</value>
         <object_component_ref idref="oc-2e5"/>
      </symbol>
      <symbol id="sm-9aa">
         <name>scalbnl</name>
         <value>0x4231</value>
         <object_component_ref idref="oc-2e5"/>
      </symbol>
      <symbol id="sm-9ab">
         <name>ldexpl</name>
         <value>0x4231</value>
         <object_component_ref idref="oc-2e5"/>
      </symbol>
      <symbol id="sm-9ac">
         <name>ldexp</name>
         <value>0x4231</value>
         <object_component_ref idref="oc-2e5"/>
      </symbol>
      <symbol id="sm-9b6">
         <name>copysign</name>
         <value>0x4d77</value>
         <object_component_ref idref="oc-350"/>
      </symbol>
      <symbol id="sm-9b7">
         <name>copysignl</name>
         <value>0x4d77</value>
         <object_component_ref idref="oc-350"/>
      </symbol>
      <symbol id="sm-9b8">
         <name>__TI_static_base__</name>
         <value>0x0</value>
      </symbol>
      <symbol id="sm-9bb">
         <name>__mpu_init</name>
         <value>0x0</value>
      </symbol>
      <symbol id="sm-9bc">
         <name>_system_post_cinit</name>
         <value>0x0</value>
      </symbol>
      <symbol id="sm-9bd">
         <name>IntPriorityMaskSet</name>
         <value>0x4ce9</value>
      </symbol>
      <symbol id="sm-9be">
         <name>IntPriorityMaskGet</name>
         <value>0x4cef</value>
      </symbol>
      <symbol id="sm-9bf">
         <name>SysCtlSleep</name>
         <value>0x4cc3</value>
      </symbol>
   </symbol_table>
   <title>Link successful</title>
</link_info>
