<?xml version="1.0" encoding="ISO-8859-1" ?>
<link_info>
   <banner>TI ARM Linker Unix v20.2.7.LTS</banner>
   <copyright>Copyright (c) 1996-2018 Texas Instruments Incorporated</copyright>
   <link_time>0x67072207</link_time>
   <link_errors>0x0</link_errors>
   <output_file>Inkley_MasterTester.out</output_file>
   <entry_point>
      <name>_c_int00_noargs</name>
      <address>0x4931</address>
   </entry_point>
   <input_file_list>
      <input_file id="fl-2">
         <path>./</path>
         <kind>object</kind>
         <file>main.obj</file>
         <name>main.obj</name>
      </input_file>
      <input_file id="fl-3">
         <path>./</path>
         <kind>object</kind>
         <file>tm4c123ge6pm_startup_ccs.obj</file>
         <name>tm4c123ge6pm_startup_ccs.obj</name>
      </input_file>
      <input_file id="fl-4">
         <path>./driverlib/</path>
         <kind>object</kind>
         <file>adc.obj</file>
         <name>adc.obj</name>
      </input_file>
      <input_file id="fl-5">
         <path>./driverlib/</path>
         <kind>object</kind>
         <file>aes.obj</file>
         <name>aes.obj</name>
      </input_file>
      <input_file id="fl-6">
         <path>./driverlib/</path>
         <kind>object</kind>
         <file>can.obj</file>
         <name>can.obj</name>
      </input_file>
      <input_file id="fl-7">
         <path>./driverlib/</path>
         <kind>object</kind>
         <file>comp.obj</file>
         <name>comp.obj</name>
      </input_file>
      <input_file id="fl-8">
         <path>./driverlib/</path>
         <kind>object</kind>
         <file>cpu.obj</file>
         <name>cpu.obj</name>
      </input_file>
      <input_file id="fl-9">
         <path>./driverlib/</path>
         <kind>object</kind>
         <file>crc.obj</file>
         <name>crc.obj</name>
      </input_file>
      <input_file id="fl-a">
         <path>./driverlib/</path>
         <kind>object</kind>
         <file>des.obj</file>
         <name>des.obj</name>
      </input_file>
      <input_file id="fl-b">
         <path>./driverlib/</path>
         <kind>object</kind>
         <file>eeprom.obj</file>
         <name>eeprom.obj</name>
      </input_file>
      <input_file id="fl-c">
         <path>./driverlib/</path>
         <kind>object</kind>
         <file>emac.obj</file>
         <name>emac.obj</name>
      </input_file>
      <input_file id="fl-d">
         <path>./driverlib/</path>
         <kind>object</kind>
         <file>epi.obj</file>
         <name>epi.obj</name>
      </input_file>
      <input_file id="fl-e">
         <path>./driverlib/</path>
         <kind>object</kind>
         <file>flash.obj</file>
         <name>flash.obj</name>
      </input_file>
      <input_file id="fl-f">
         <path>./driverlib/</path>
         <kind>object</kind>
         <file>fpu.obj</file>
         <name>fpu.obj</name>
      </input_file>
      <input_file id="fl-10">
         <path>./driverlib/</path>
         <kind>object</kind>
         <file>gpio.obj</file>
         <name>gpio.obj</name>
      </input_file>
      <input_file id="fl-11">
         <path>./driverlib/</path>
         <kind>object</kind>
         <file>hibernate.obj</file>
         <name>hibernate.obj</name>
      </input_file>
      <input_file id="fl-12">
         <path>./driverlib/</path>
         <kind>object</kind>
         <file>i2c.obj</file>
         <name>i2c.obj</name>
      </input_file>
      <input_file id="fl-13">
         <path>./driverlib/</path>
         <kind>object</kind>
         <file>interrupt.obj</file>
         <name>interrupt.obj</name>
      </input_file>
      <input_file id="fl-14">
         <path>./driverlib/</path>
         <kind>object</kind>
         <file>lcd.obj</file>
         <name>lcd.obj</name>
      </input_file>
      <input_file id="fl-15">
         <path>./driverlib/</path>
         <kind>object</kind>
         <file>mpu.obj</file>
         <name>mpu.obj</name>
      </input_file>
      <input_file id="fl-16">
         <path>./driverlib/</path>
         <kind>object</kind>
         <file>pwm.obj</file>
         <name>pwm.obj</name>
      </input_file>
      <input_file id="fl-17">
         <path>./driverlib/</path>
         <kind>object</kind>
         <file>qei.obj</file>
         <name>qei.obj</name>
      </input_file>
      <input_file id="fl-18">
         <path>./driverlib/</path>
         <kind>object</kind>
         <file>shamd5.obj</file>
         <name>shamd5.obj</name>
      </input_file>
      <input_file id="fl-19">
         <path>./driverlib/</path>
         <kind>object</kind>
         <file>ssi.obj</file>
         <name>ssi.obj</name>
      </input_file>
      <input_file id="fl-1a">
         <path>./driverlib/</path>
         <kind>object</kind>
         <file>sw_crc.obj</file>
         <name>sw_crc.obj</name>
      </input_file>
      <input_file id="fl-1b">
         <path>./driverlib/</path>
         <kind>object</kind>
         <file>sysctl.obj</file>
         <name>sysctl.obj</name>
      </input_file>
      <input_file id="fl-1c">
         <path>./driverlib/</path>
         <kind>object</kind>
         <file>sysexc.obj</file>
         <name>sysexc.obj</name>
      </input_file>
      <input_file id="fl-1d">
         <path>./driverlib/</path>
         <kind>object</kind>
         <file>systick.obj</file>
         <name>systick.obj</name>
      </input_file>
      <input_file id="fl-1e">
         <path>./driverlib/</path>
         <kind>object</kind>
         <file>timer.obj</file>
         <name>timer.obj</name>
      </input_file>
      <input_file id="fl-1f">
         <path>./driverlib/</path>
         <kind>object</kind>
         <file>uart.obj</file>
         <name>uart.obj</name>
      </input_file>
      <input_file id="fl-20">
         <path>./driverlib/</path>
         <kind>object</kind>
         <file>udma.obj</file>
         <name>udma.obj</name>
      </input_file>
      <input_file id="fl-21">
         <path>./driverlib/</path>
         <kind>object</kind>
         <file>usb.obj</file>
         <name>usb.obj</name>
      </input_file>
      <input_file id="fl-22">
         <path>./driverlib/</path>
         <kind>object</kind>
         <file>watchdog.obj</file>
         <name>watchdog.obj</name>
      </input_file>
      <input_file id="fl-23">
         <path>./utils/</path>
         <kind>object</kind>
         <file>cmdline.obj</file>
         <name>cmdline.obj</name>
      </input_file>
      <input_file id="fl-24">
         <path>./utils/</path>
         <kind>object</kind>
         <file>cpu_usage.obj</file>
         <name>cpu_usage.obj</name>
      </input_file>
      <input_file id="fl-25">
         <path>./utils/</path>
         <kind>object</kind>
         <file>flash_pb.obj</file>
         <name>flash_pb.obj</name>
      </input_file>
      <input_file id="fl-26">
         <path>./utils/</path>
         <kind>object</kind>
         <file>isqrt.obj</file>
         <name>isqrt.obj</name>
      </input_file>
      <input_file id="fl-27">
         <path>./utils/</path>
         <kind>object</kind>
         <file>random.obj</file>
         <name>random.obj</name>
      </input_file>
      <input_file id="fl-28">
         <path>./utils/</path>
         <kind>object</kind>
         <file>ringbuf.obj</file>
         <name>ringbuf.obj</name>
      </input_file>
      <input_file id="fl-29">
         <path>./utils/</path>
         <kind>object</kind>
         <file>scheduler.obj</file>
         <name>scheduler.obj</name>
      </input_file>
      <input_file id="fl-2a">
         <path>./utils/</path>
         <kind>object</kind>
         <file>sine.obj</file>
         <name>sine.obj</name>
      </input_file>
      <input_file id="fl-2b">
         <path>./utils/</path>
         <kind>object</kind>
         <file>smbus.obj</file>
         <name>smbus.obj</name>
      </input_file>
      <input_file id="fl-2c">
         <path>./utils/</path>
         <kind>object</kind>
         <file>softi2c.obj</file>
         <name>softi2c.obj</name>
      </input_file>
      <input_file id="fl-2d">
         <path>./utils/</path>
         <kind>object</kind>
         <file>softssi.obj</file>
         <name>softssi.obj</name>
      </input_file>
      <input_file id="fl-2e">
         <path>./utils/</path>
         <kind>object</kind>
         <file>softuart.obj</file>
         <name>softuart.obj</name>
      </input_file>
      <input_file id="fl-2f">
         <path>./utils/</path>
         <kind>object</kind>
         <file>spi_flash.obj</file>
         <name>spi_flash.obj</name>
      </input_file>
      <input_file id="fl-30">
         <path>./utils/</path>
         <kind>object</kind>
         <file>uartstdio.obj</file>
         <name>uartstdio.obj</name>
      </input_file>
      <input_file id="fl-31">
         <path>./utils/</path>
         <kind>object</kind>
         <file>ustdlib.obj</file>
         <name>ustdlib.obj</name>
      </input_file>
      <input_file id="fl-39">
         <kind>object</kind>
         <file>&lt;internal&gt;</file>
         <name>&lt;internal&gt;</name>
      </input_file>
      <input_file id="fl-ef">
         <path>/Applications/ti/ccs1240/ccs/tools/compiler/ti-cgt-arm_20.2.7.LTS/lib/</path>
         <kind>archive</kind>
         <file>rtsv7M4_T_le_v4SPD16_eabi.lib</file>
         <name>sprintf.c.obj</name>
      </input_file>
      <input_file id="fl-f0">
         <path>/Applications/ti/ccs1240/ccs/tools/compiler/ti-cgt-arm_20.2.7.LTS/lib/</path>
         <kind>archive</kind>
         <file>rtsv7M4_T_le_v4SPD16_eabi.lib</file>
         <name>memcpy_t2.asm.obj</name>
      </input_file>
      <input_file id="fl-f1">
         <path>/Applications/ti/ccs1240/ccs/tools/compiler/ti-cgt-arm_20.2.7.LTS/lib/</path>
         <kind>archive</kind>
         <file>rtsv7M4_T_le_v4SPD16_eabi.lib</file>
         <name>memset_t2.asm.obj</name>
      </input_file>
      <input_file id="fl-f2">
         <path>/Applications/ti/ccs1240/ccs/tools/compiler/ti-cgt-arm_20.2.7.LTS/lib/</path>
         <kind>archive</kind>
         <file>rtsv7M4_T_le_v4SPD16_eabi.lib</file>
         <name>u_divt2.asm.obj</name>
      </input_file>
      <input_file id="fl-f3">
         <path>/Applications/ti/ccs1240/ccs/tools/compiler/ti-cgt-arm_20.2.7.LTS/lib/</path>
         <kind>archive</kind>
         <file>rtsv7M4_T_le_v4SPD16_eabi.lib</file>
         <name>copy_zero_init.c.obj</name>
      </input_file>
      <input_file id="fl-f4">
         <path>/Applications/ti/ccs1240/ccs/tools/compiler/ti-cgt-arm_20.2.7.LTS/lib/</path>
         <kind>archive</kind>
         <file>rtsv7M4_T_le_v4SPD16_eabi.lib</file>
         <name>copy_decompress_none.c.obj</name>
      </input_file>
      <input_file id="fl-f5">
         <path>/Applications/ti/ccs1240/ccs/tools/compiler/ti-cgt-arm_20.2.7.LTS/lib/</path>
         <kind>archive</kind>
         <file>rtsv7M4_T_le_v4SPD16_eabi.lib</file>
         <name>copy_decompress_lzss.c.obj</name>
      </input_file>
      <input_file id="fl-f6">
         <path>/Applications/ti/ccs1240/ccs/tools/compiler/ti-cgt-arm_20.2.7.LTS/lib/</path>
         <kind>archive</kind>
         <file>rtsv7M4_T_le_v4SPD16_eabi.lib</file>
         <name>strcmp.c.obj</name>
      </input_file>
      <input_file id="fl-f7">
         <path>/Applications/ti/ccs1240/ccs/tools/compiler/ti-cgt-arm_20.2.7.LTS/lib/</path>
         <kind>archive</kind>
         <file>rtsv7M4_T_le_v4SPD16_eabi.lib</file>
         <name>strtoul.c.obj</name>
      </input_file>
      <input_file id="fl-f8">
         <path>/Applications/ti/ccs1240/ccs/tools/compiler/ti-cgt-arm_20.2.7.LTS/lib/</path>
         <kind>archive</kind>
         <file>rtsv7M4_T_le_v4SPD16_eabi.lib</file>
         <name>boot_cortex_m.c.obj</name>
      </input_file>
      <input_file id="fl-f9">
         <path>/Applications/ti/ccs1240/ccs/tools/compiler/ti-cgt-arm_20.2.7.LTS/lib/</path>
         <kind>archive</kind>
         <file>rtsv7M4_T_le_v4SPD16_eabi.lib</file>
         <name>errno.c.obj</name>
      </input_file>
      <input_file id="fl-fa">
         <path>/Applications/ti/ccs1240/ccs/tools/compiler/ti-cgt-arm_20.2.7.LTS/lib/</path>
         <kind>archive</kind>
         <file>rtsv7M4_T_le_v4SPD16_eabi.lib</file>
         <name>_printfi.c.obj</name>
      </input_file>
      <input_file id="fl-fb">
         <path>/Applications/ti/ccs1240/ccs/tools/compiler/ti-cgt-arm_20.2.7.LTS/lib/</path>
         <kind>archive</kind>
         <file>rtsv7M4_T_le_v4SPD16_eabi.lib</file>
         <name>div0.asm.obj</name>
      </input_file>
      <input_file id="fl-fc">
         <path>/Applications/ti/ccs1240/ccs/tools/compiler/ti-cgt-arm_20.2.7.LTS/lib/</path>
         <kind>archive</kind>
         <file>rtsv7M4_T_le_v4SPD16_eabi.lib</file>
         <name>fd_add_t2.asm.obj</name>
      </input_file>
      <input_file id="fl-fd">
         <path>/Applications/ti/ccs1240/ccs/tools/compiler/ti-cgt-arm_20.2.7.LTS/lib/</path>
         <kind>archive</kind>
         <file>rtsv7M4_T_le_v4SPD16_eabi.lib</file>
         <name>fd_cmp_t2.asm.obj</name>
      </input_file>
      <input_file id="fl-fe">
         <path>/Applications/ti/ccs1240/ccs/tools/compiler/ti-cgt-arm_20.2.7.LTS/lib/</path>
         <kind>archive</kind>
         <file>rtsv7M4_T_le_v4SPD16_eabi.lib</file>
         <name>fd_div_t2.asm.obj</name>
      </input_file>
      <input_file id="fl-ff">
         <path>/Applications/ti/ccs1240/ccs/tools/compiler/ti-cgt-arm_20.2.7.LTS/lib/</path>
         <kind>archive</kind>
         <file>rtsv7M4_T_le_v4SPD16_eabi.lib</file>
         <name>fd_mul_t2.asm.obj</name>
      </input_file>
      <input_file id="fl-100">
         <path>/Applications/ti/ccs1240/ccs/tools/compiler/ti-cgt-arm_20.2.7.LTS/lib/</path>
         <kind>archive</kind>
         <file>rtsv7M4_T_le_v4SPD16_eabi.lib</file>
         <name>fd_toi_t2.asm.obj</name>
      </input_file>
      <input_file id="fl-101">
         <path>/Applications/ti/ccs1240/ccs/tools/compiler/ti-cgt-arm_20.2.7.LTS/lib/</path>
         <kind>archive</kind>
         <file>rtsv7M4_T_le_v4SPD16_eabi.lib</file>
         <name>i_tofd_t2.asm.obj</name>
      </input_file>
      <input_file id="fl-102">
         <path>/Applications/ti/ccs1240/ccs/tools/compiler/ti-cgt-arm_20.2.7.LTS/lib/</path>
         <kind>archive</kind>
         <file>rtsv7M4_T_le_v4SPD16_eabi.lib</file>
         <name>ull_div_t2.asm.obj</name>
      </input_file>
      <input_file id="fl-103">
         <path>/Applications/ti/ccs1240/ccs/tools/compiler/ti-cgt-arm_20.2.7.LTS/lib/</path>
         <kind>archive</kind>
         <file>rtsv7M4_T_le_v4SPD16_eabi.lib</file>
         <name>autoinit.c.obj</name>
      </input_file>
      <input_file id="fl-104">
         <path>/Applications/ti/ccs1240/ccs/tools/compiler/ti-cgt-arm_20.2.7.LTS/lib/</path>
         <kind>archive</kind>
         <file>rtsv7M4_T_le_v4SPD16_eabi.lib</file>
         <name>pre_init.c.obj</name>
      </input_file>
      <input_file id="fl-105">
         <path>/Applications/ti/ccs1240/ccs/tools/compiler/ti-cgt-arm_20.2.7.LTS/lib/</path>
         <kind>archive</kind>
         <file>rtsv7M4_T_le_v4SPD16_eabi.lib</file>
         <name>cpy_tbl.c.obj</name>
      </input_file>
      <input_file id="fl-106">
         <path>/Applications/ti/ccs1240/ccs/tools/compiler/ti-cgt-arm_20.2.7.LTS/lib/</path>
         <kind>archive</kind>
         <file>rtsv7M4_T_le_v4SPD16_eabi.lib</file>
         <name>exit.c.obj</name>
      </input_file>
      <input_file id="fl-107">
         <path>/Applications/ti/ccs1240/ccs/tools/compiler/ti-cgt-arm_20.2.7.LTS/lib/</path>
         <kind>archive</kind>
         <file>rtsv7M4_T_le_v4SPD16_eabi.lib</file>
         <name>_lock.c.obj</name>
      </input_file>
      <input_file id="fl-108">
         <path>/Applications/ti/ccs1240/ccs/tools/compiler/ti-cgt-arm_20.2.7.LTS/lib/</path>
         <kind>archive</kind>
         <file>rtsv7M4_T_le_v4SPD16_eabi.lib</file>
         <name>_ltoa.c.obj</name>
      </input_file>
      <input_file id="fl-109">
         <path>/Applications/ti/ccs1240/ccs/tools/compiler/ti-cgt-arm_20.2.7.LTS/lib/</path>
         <kind>archive</kind>
         <file>rtsv7M4_T_le_v4SPD16_eabi.lib</file>
         <name>args_main.c.obj</name>
      </input_file>
      <input_file id="fl-10a">
         <path>/Applications/ti/ccs1240/ccs/tools/compiler/ti-cgt-arm_20.2.7.LTS/lib/</path>
         <kind>archive</kind>
         <file>rtsv7M4_T_le_v4SPD16_eabi.lib</file>
         <name>atoi.c.obj</name>
      </input_file>
      <input_file id="fl-10b">
         <path>/Applications/ti/ccs1240/ccs/tools/compiler/ti-cgt-arm_20.2.7.LTS/lib/</path>
         <kind>archive</kind>
         <file>rtsv7M4_T_le_v4SPD16_eabi.lib</file>
         <name>ctype.c.obj</name>
      </input_file>
      <input_file id="fl-10c">
         <path>/Applications/ti/ccs1240/ccs/tools/compiler/ti-cgt-arm_20.2.7.LTS/lib/</path>
         <kind>archive</kind>
         <file>rtsv7M4_T_le_v4SPD16_eabi.lib</file>
         <name>memccpy.c.obj</name>
      </input_file>
      <input_file id="fl-10d">
         <path>/Applications/ti/ccs1240/ccs/tools/compiler/ti-cgt-arm_20.2.7.LTS/lib/</path>
         <kind>archive</kind>
         <file>rtsv7M4_T_le_v4SPD16_eabi.lib</file>
         <name>strchr.c.obj</name>
      </input_file>
      <input_file id="fl-10e">
         <path>/Applications/ti/ccs1240/ccs/tools/compiler/ti-cgt-arm_20.2.7.LTS/lib/</path>
         <kind>archive</kind>
         <file>rtsv7M4_T_le_v4SPD16_eabi.lib</file>
         <name>strlen.c.obj</name>
      </input_file>
      <input_file id="fl-10f">
         <path>/Applications/ti/ccs1240/ccs/tools/compiler/ti-cgt-arm_20.2.7.LTS/lib/</path>
         <kind>archive</kind>
         <file>rtsv7M4_T_le_v4SPD16_eabi.lib</file>
         <name>wcslen.c.obj</name>
      </input_file>
      <input_file id="fl-110">
         <path>/Applications/ti/ccs1240/ccs/tools/compiler/ti-cgt-arm_20.2.7.LTS/lib/</path>
         <kind>archive</kind>
         <file>rtsv7M4_T_le_v4SPD16_eabi.lib</file>
         <name>s_frexp.c.obj</name>
      </input_file>
      <input_file id="fl-111">
         <path>/Applications/ti/ccs1240/ccs/tools/compiler/ti-cgt-arm_20.2.7.LTS/lib/</path>
         <kind>archive</kind>
         <file>rtsv7M4_T_le_v4SPD16_eabi.lib</file>
         <name>s_scalbn.c.obj</name>
      </input_file>
      <input_file id="fl-112">
         <path>/Applications/ti/ccs1240/ccs/tools/compiler/ti-cgt-arm_20.2.7.LTS/lib/</path>
         <kind>archive</kind>
         <file>rtsv7M4_T_le_v4SPD16_eabi.lib</file>
         <name>s_copysign.c.obj</name>
      </input_file>
   </input_file_list>
   <object_component_list>
      <object_component id="oc-12">
         <name>.intvecs</name>
         <load_address>0x0</load_address>
         <run_address>0x0</run_address>
         <size>0x26c</size>
         <input_file_ref idref="fl-3"/>
      </object_component>
      <object_component id="oc-2d">
         <name>.text</name>
         <load_address>0x26c</load_address>
         <run_address>0x26c</run_address>
         <size>0xaa4</size>
         <input_file_ref idref="fl-2"/>
      </object_component>
      <object_component id="oc-14c">
         <name>.text:__TI_printfi</name>
         <load_address>0xd10</load_address>
         <run_address>0xd10</run_address>
         <size>0xa4e</size>
         <input_file_ref idref="fl-fa"/>
      </object_component>
      <object_component id="oc-31e">
         <name>.text</name>
         <load_address>0x175e</load_address>
         <run_address>0x175e</run_address>
         <size>0x2</size>
         <input_file_ref idref="fl-fb"/>
      </object_component>
      <object_component id="oc-74">
         <name>.text</name>
         <load_address>0x1760</load_address>
         <run_address>0x1760</run_address>
         <size>0x950</size>
         <input_file_ref idref="fl-1b"/>
      </object_component>
      <object_component id="oc-80">
         <name>.text</name>
         <load_address>0x20b0</load_address>
         <run_address>0x20b0</run_address>
         <size>0x670</size>
         <input_file_ref idref="fl-10"/>
      </object_component>
      <object_component id="oc-99">
         <name>.text</name>
         <load_address>0x2720</load_address>
         <run_address>0x2720</run_address>
         <size>0x53c</size>
         <input_file_ref idref="fl-6"/>
      </object_component>
      <object_component id="oc-92">
         <name>.text</name>
         <load_address>0x2c5c</load_address>
         <run_address>0x2c5c</run_address>
         <size>0x2fc</size>
         <input_file_ref idref="fl-12"/>
      </object_component>
      <object_component id="oc-86">
         <name>.text</name>
         <load_address>0x2f58</load_address>
         <run_address>0x2f58</run_address>
         <size>0x2dc</size>
         <input_file_ref idref="fl-1f"/>
      </object_component>
      <object_component id="oc-8c">
         <name>.text</name>
         <load_address>0x3234</load_address>
         <run_address>0x3234</run_address>
         <size>0x2a4</size>
         <input_file_ref idref="fl-13"/>
      </object_component>
      <object_component id="oc-230">
         <name>.text:_pconv_a</name>
         <load_address>0x34d8</load_address>
         <run_address>0x34d8</run_address>
         <size>0x270</size>
         <input_file_ref idref="fl-fa"/>
      </object_component>
      <object_component id="oc-21e">
         <name>.text:_pconv_g</name>
         <load_address>0x3748</load_address>
         <run_address>0x3748</run_address>
         <size>0x1d0</size>
         <input_file_ref idref="fl-fa"/>
      </object_component>
      <object_component id="oc-2a6">
         <name>.text</name>
         <load_address>0x3918</load_address>
         <run_address>0x3918</run_address>
         <size>0x1b6</size>
         <input_file_ref idref="fl-fc"/>
      </object_component>
      <object_component id="oc-22a">
         <name>.text:_pconv_e</name>
         <load_address>0x3ad0</load_address>
         <run_address>0x3ad0</run_address>
         <size>0x13c</size>
         <input_file_ref idref="fl-fa"/>
      </object_component>
      <object_component id="oc-28c">
         <name>.text</name>
         <load_address>0x3c0c</load_address>
         <run_address>0x3c0c</run_address>
         <size>0x136</size>
         <input_file_ref idref="fl-fe"/>
      </object_component>
      <object_component id="oc-2b8">
         <name>.text:fcvt</name>
         <load_address>0x3d44</load_address>
         <run_address>0x3d44</run_address>
         <size>0x124</size>
         <input_file_ref idref="fl-fa"/>
      </object_component>
      <object_component id="oc-2cc">
         <name>.text:scalbn</name>
         <load_address>0x3e68</load_address>
         <run_address>0x3e68</run_address>
         <size>0x110</size>
         <input_file_ref idref="fl-111"/>
      </object_component>
      <object_component id="oc-af">
         <name>.text:strtoul</name>
         <load_address>0x3f78</load_address>
         <run_address>0x3f78</run_address>
         <size>0x110</size>
         <input_file_ref idref="fl-f7"/>
      </object_component>
      <object_component id="oc-287">
         <name>.text</name>
         <load_address>0x4088</load_address>
         <run_address>0x4088</run_address>
         <size>0xfc</size>
         <input_file_ref idref="fl-ff"/>
      </object_component>
      <object_component id="oc-213">
         <name>.text:_ltostr</name>
         <load_address>0x4184</load_address>
         <run_address>0x4184</run_address>
         <size>0xb1</size>
         <input_file_ref idref="fl-fa"/>
      </object_component>
      <object_component id="oc-41">
         <name>.text</name>
         <load_address>0x4236</load_address>
         <run_address>0x4236</run_address>
         <size>0x9c</size>
         <input_file_ref idref="fl-f0"/>
      </object_component>
      <object_component id="oc-280">
         <name>.text</name>
         <load_address>0x42d2</load_address>
         <run_address>0x42d2</run_address>
         <size>0x96</size>
         <input_file_ref idref="fl-102"/>
      </object_component>
      <object_component id="oc-219">
         <name>.text:__aeabi_cdcmple</name>
         <load_address>0x4368</load_address>
         <run_address>0x4368</run_address>
         <size>0x86</size>
         <input_file_ref idref="fl-fd"/>
      </object_component>
      <object_component id="oc-291">
         <name>.text:__aeabi_cdrcmple</name>
         <load_address>0x43ee</load_address>
         <run_address>0x43ee</run_address>
         <size>0x86</size>
         <input_file_ref idref="fl-fd"/>
      </object_component>
      <object_component id="oc-7a">
         <name>.text</name>
         <load_address>0x4474</load_address>
         <run_address>0x4474</run_address>
         <size>0x80</size>
         <input_file_ref idref="fl-1d"/>
      </object_component>
      <object_component id="oc-e2">
         <name>.text</name>
         <load_address>0x44f4</load_address>
         <run_address>0x44f4</run_address>
         <size>0x7a</size>
         <input_file_ref idref="fl-f1"/>
      </object_component>
      <object_component id="oc-2b1">
         <name>.text:_mcpy</name>
         <load_address>0x456e</load_address>
         <run_address>0x456e</run_address>
         <size>0x6e</size>
         <input_file_ref idref="fl-fa"/>
      </object_component>
      <object_component id="oc-15">
         <name>.text:decompress:lzss:__TI_decompress_lzss</name>
         <load_address>0x45dc</load_address>
         <run_address>0x45dc</run_address>
         <size>0x68</size>
         <input_file_ref idref="fl-f5"/>
      </object_component>
      <object_component id="oc-2c6">
         <name>.text:frexp</name>
         <load_address>0x4644</load_address>
         <run_address>0x4644</run_address>
         <size>0x64</size>
         <input_file_ref idref="fl-110"/>
      </object_component>
      <object_component id="oc-224">
         <name>.text:_pconv_f</name>
         <load_address>0x46a8</load_address>
         <run_address>0x46a8</run_address>
         <size>0x56</size>
         <input_file_ref idref="fl-fa"/>
      </object_component>
      <object_component id="oc-29b">
         <name>.text:__TI_ltoa</name>
         <load_address>0x46fe</load_address>
         <run_address>0x46fe</run_address>
         <size>0x54</size>
         <input_file_ref idref="fl-108"/>
      </object_component>
      <object_component id="oc-2ab">
         <name>.text:_ecpy</name>
         <load_address>0x4752</load_address>
         <run_address>0x4752</run_address>
         <size>0x52</size>
         <input_file_ref idref="fl-fa"/>
      </object_component>
      <object_component id="oc-20d">
         <name>.text:atoi</name>
         <load_address>0x47a4</load_address>
         <run_address>0x47a4</run_address>
         <size>0x4c</size>
         <input_file_ref idref="fl-10a"/>
      </object_component>
      <object_component id="oc-296">
         <name>.text</name>
         <load_address>0x47f0</load_address>
         <run_address>0x47f0</run_address>
         <size>0x48</size>
         <input_file_ref idref="fl-100"/>
      </object_component>
      <object_component id="oc-19c">
         <name>.text:__TI_auto_init_nobinit_nopinit:__TI_auto_init_nobinit_nopinit</name>
         <load_address>0x4838</load_address>
         <run_address>0x4838</run_address>
         <size>0x44</size>
         <input_file_ref idref="fl-103"/>
      </object_component>
      <object_component id="oc-9f">
         <name>.text:sprintf</name>
         <load_address>0x487c</load_address>
         <run_address>0x487c</run_address>
         <size>0x40</size>
         <input_file_ref idref="fl-ef"/>
      </object_component>
      <object_component id="oc-2be">
         <name>.text:_fcpy</name>
         <load_address>0x48bc</load_address>
         <run_address>0x48bc</run_address>
         <size>0x3e</size>
         <input_file_ref idref="fl-fa"/>
      </object_component>
      <object_component id="oc-fa">
         <name>.text</name>
         <load_address>0x48fa</load_address>
         <run_address>0x48fa</run_address>
         <size>0x36</size>
         <input_file_ref idref="fl-8"/>
      </object_component>
      <object_component id="oc-5f">
         <name>.text:_c_int00_noargs:_c_int00_noargs</name>
         <load_address>0x4930</load_address>
         <run_address>0x4930</run_address>
         <size>0x34</size>
         <input_file_ref idref="fl-f8"/>
      </object_component>
      <object_component id="oc-2a1">
         <name>.text</name>
         <load_address>0x4964</load_address>
         <run_address>0x4964</run_address>
         <size>0x2e</size>
         <input_file_ref idref="fl-101"/>
      </object_component>
      <object_component id="oc-236">
         <name>.text:memccpy</name>
         <load_address>0x4992</load_address>
         <run_address>0x4992</run_address>
         <size>0x1c</size>
         <input_file_ref idref="fl-10c"/>
      </object_component>
      <object_component id="oc-337">
         <name>.text:copysign</name>
         <load_address>0x49ae</load_address>
         <run_address>0x49ae</run_address>
         <size>0x1a</size>
         <input_file_ref idref="fl-112"/>
      </object_component>
      <object_component id="oc-152">
         <name>.text:_outs</name>
         <load_address>0x49c8</load_address>
         <run_address>0x49c8</run_address>
         <size>0x18</size>
         <input_file_ref idref="fl-ef"/>
      </object_component>
      <object_component id="oc-2d2">
         <name>.text:strchr</name>
         <load_address>0x49e0</load_address>
         <run_address>0x49e0</run_address>
         <size>0x16</size>
         <input_file_ref idref="fl-10d"/>
      </object_component>
      <object_component id="oc-207">
         <name>.text:strlen</name>
         <load_address>0x49f6</load_address>
         <run_address>0x49f6</run_address>
         <size>0x14</size>
         <input_file_ref idref="fl-10e"/>
      </object_component>
      <object_component id="oc-23c">
         <name>.text:wcslen</name>
         <load_address>0x4a0a</load_address>
         <run_address>0x4a0a</run_address>
         <size>0x12</size>
         <input_file_ref idref="fl-10f"/>
      </object_component>
      <object_component id="oc-1b">
         <name>.text:decompress:none:__TI_decompress_none</name>
         <load_address>0x4a1c</load_address>
         <run_address>0x4a1c</run_address>
         <size>0xe</size>
         <input_file_ref idref="fl-f4"/>
      </object_component>
      <object_component id="oc-53">
         <name>.text:decompress:ZI:__TI_zero_init</name>
         <load_address>0x4a2a</load_address>
         <run_address>0x4a2a</run_address>
         <size>0xc</size>
         <input_file_ref idref="fl-f3"/>
      </object_component>
      <object_component id="oc-27">
         <name>.text</name>
         <load_address>0x4a36</load_address>
         <run_address>0x4a36</run_address>
         <size>0xc</size>
         <input_file_ref idref="fl-3"/>
      </object_component>
      <object_component id="oc-158">
         <name>.text:_outc</name>
         <load_address>0x4a42</load_address>
         <run_address>0x4a42</run_address>
         <size>0xa</size>
         <input_file_ref idref="fl-ef"/>
      </object_component>
      <object_component id="oc-170">
         <name>.text:__aeabi_errno_addr</name>
         <load_address>0x4a4c</load_address>
         <run_address>0x4a4c</run_address>
         <size>0x8</size>
         <input_file_ref idref="fl-f9"/>
      </object_component>
      <object_component id="oc-98">
         <name>.text:SysCtlDelay</name>
         <load_address>0x4a54</load_address>
         <run_address>0x4a54</run_address>
         <size>0x6</size>
         <input_file_ref idref="fl-1b"/>
      </object_component>
      <object_component id="oc-e8">
         <name>.text:_system_pre_init</name>
         <load_address>0x4a5a</load_address>
         <run_address>0x4a5a</run_address>
         <size>0x4</size>
         <input_file_ref idref="fl-104"/>
      </object_component>
      <object_component id="oc-190">
         <name>.text:abort:abort</name>
         <load_address>0x4a5e</load_address>
         <run_address>0x4a5e</run_address>
         <size>0x4</size>
         <input_file_ref idref="fl-106"/>
      </object_component>
      <object_component id="oc-106">
         <name>.const:g_pppui32XTALtoVCO</name>
         <load_address>0x4a64</load_address>
         <run_address>0x4a64</run_address>
         <size>0x120</size>
         <input_file_ref idref="fl-1b"/>
      </object_component>
      <object_component id="oc-176">
         <name>.const:.string:_ctypes_</name>
         <load_address>0x4b84</load_address>
         <run_address>0x4b84</run_address>
         <size>0x101</size>
         <input_file_ref idref="fl-10b"/>
      </object_component>
      <object_component id="oc-118">
         <name>.const:g_ppui32GPIOIntMapBlizzard</name>
         <load_address>0x4c88</load_address>
         <run_address>0x4c88</run_address>
         <size>0xc0</size>
         <input_file_ref idref="fl-10"/>
      </object_component>
      <object_component id="oc-11b">
         <name>.const:g_ppui32GPIOIntMapSnowflake</name>
         <load_address>0x4d48</load_address>
         <run_address>0x4d48</run_address>
         <size>0xc0</size>
         <input_file_ref idref="fl-10"/>
      </object_component>
      <object_component id="oc-12b">
         <name>.const:g_pui32Regs</name>
         <load_address>0x4e08</load_address>
         <run_address>0x4e08</run_address>
         <size>0x9c</size>
         <input_file_ref idref="fl-13"/>
      </object_component>
      <object_component id="oc-115">
         <name>.const:g_pui32GPIOBaseAddrs</name>
         <load_address>0x4ea4</load_address>
         <run_address>0x4ea4</run_address>
         <size>0x90</size>
         <input_file_ref idref="fl-10"/>
      </object_component>
      <object_component id="oc-103">
         <name>.const:g_pui32Xtals</name>
         <load_address>0x4f34</load_address>
         <run_address>0x4f34</run_address>
         <size>0x6c</size>
         <input_file_ref idref="fl-1b"/>
      </object_component>
      <object_component id="oc-142">
         <name>.const:g_ppui32I2CIntMapSnowflake</name>
         <load_address>0x4fa0</load_address>
         <run_address>0x4fa0</run_address>
         <size>0x50</size>
         <input_file_ref idref="fl-12"/>
      </object_component>
      <object_component id="oc-120">
         <name>.const:g_ppui32UARTIntMap</name>
         <load_address>0x4ff0</load_address>
         <run_address>0x4ff0</run_address>
         <size>0x40</size>
         <input_file_ref idref="fl-1f"/>
      </object_component>
      <object_component id="oc-123">
         <name>.const:g_ppui32UARTIntMapSnowflake</name>
         <load_address>0x5030</load_address>
         <run_address>0x5030</run_address>
         <size>0x40</size>
         <input_file_ref idref="fl-1f"/>
      </object_component>
      <object_component id="oc-100">
         <name>.const:g_sXTALtoMEMTIM</name>
         <load_address>0x5070</load_address>
         <run_address>0x5070</run_address>
         <size>0x38</size>
         <input_file_ref idref="fl-1b"/>
      </object_component>
      <object_component id="oc-13f">
         <name>.const:g_ppui32I2CIntMap</name>
         <load_address>0x50a8</load_address>
         <run_address>0x50a8</run_address>
         <size>0x30</size>
         <input_file_ref idref="fl-12"/>
      </object_component>
      <object_component id="oc-12e">
         <name>.const:g_pui32Priority</name>
         <load_address>0x50d8</load_address>
         <run_address>0x50d8</run_address>
         <size>0x20</size>
         <input_file_ref idref="fl-13"/>
      </object_component>
      <object_component id="oc-147">
         <name>.const:g_ui16CANBitValues</name>
         <load_address>0x50f8</load_address>
         <run_address>0x50f8</run_address>
         <size>0x20</size>
         <input_file_ref idref="fl-6"/>
      </object_component>
      <object_component id="oc-13a">
         <name>.const:g_pui32Dii16Regs</name>
         <load_address>0x5118</load_address>
         <run_address>0x5118</run_address>
         <size>0x14</size>
         <input_file_ref idref="fl-13"/>
      </object_component>
      <object_component id="oc-137">
         <name>.const:g_pui32EnRegs</name>
         <load_address>0x512c</load_address>
         <run_address>0x512c</run_address>
         <size>0x14</size>
         <input_file_ref idref="fl-13"/>
      </object_component>
      <object_component id="oc-131">
         <name>.const:g_pui32PendRegs</name>
         <load_address>0x5140</load_address>
         <run_address>0x5140</run_address>
         <size>0x14</size>
         <input_file_ref idref="fl-13"/>
      </object_component>
      <object_component id="oc-134">
         <name>.const:g_pui32UnpendRegs</name>
         <load_address>0x5154</load_address>
         <run_address>0x5154</run_address>
         <size>0x14</size>
         <input_file_ref idref="fl-13"/>
      </object_component>
      <object_component id="oc-109">
         <name>.const:g_pui32VCOFrequencies</name>
         <load_address>0x5168</load_address>
         <run_address>0x5168</run_address>
         <size>0x8</size>
         <input_file_ref idref="fl-1b"/>
      </object_component>
      <object_component id="oc-399">
         <name>.cinit..data.load</name>
         <load_address>0x5170</load_address>
         <run_address>0x5170</run_address>
         <size>0x11</size>
      </object_component>
      <object_component id="oc-396">
         <name>__TI_handler_table</name>
         <load_address>0x5184</load_address>
         <run_address>0x5184</run_address>
         <size>0xc</size>
      </object_component>
      <object_component id="oc-39a">
         <name>.cinit..bss.load</name>
         <load_address>0x5190</load_address>
         <run_address>0x5190</run_address>
         <size>0x8</size>
      </object_component>
      <object_component id="oc-398">
         <name>.cinit..vtable.load</name>
         <load_address>0x5198</load_address>
         <run_address>0x5198</run_address>
         <size>0x8</size>
      </object_component>
      <object_component id="oc-397">
         <name>__TI_cinit_table</name>
         <load_address>0x51a0</load_address>
         <run_address>0x51a0</run_address>
         <size>0x18</size>
      </object_component>
      <object_component id="oc-128">
         <name>.vtable</name>
         <uninitialized>true</uninitialized>
         <run_address>0x20000000</run_address>
         <size>0x26c</size>
         <input_file_ref idref="fl-13"/>
      </object_component>
      <object_component id="oc-a8">
         <name>.data</name>
         <load_address>0x200009c8</load_address>
         <run_address>0x200009c8</run_address>
         <size>0x19</size>
         <input_file_ref idref="fl-2"/>
      </object_component>
      <object_component id="oc-252">
         <name>.data</name>
         <load_address>0x200009e4</load_address>
         <run_address>0x200009e4</run_address>
         <size>0x4</size>
         <input_file_ref idref="fl-f9"/>
      </object_component>
      <object_component id="oc-ab">
         <name>.bss:CAN_MODULES</name>
         <uninitialized>true</uninitialized>
         <run_address>0x2000076c</run_address>
         <size>0x50</size>
         <input_file_ref idref="fl-2"/>
      </object_component>
      <object_component id="oc-ae">
         <name>.common:RcvString</name>
         <uninitialized>true</uninitialized>
         <run_address>0x2000026c</run_address>
         <size>0x400</size>
      </object_component>
      <object_component id="oc-b5">
         <name>.common:CAN_RECV</name>
         <uninitialized>true</uninitialized>
         <run_address>0x200007bc</run_address>
         <size>0xc</size>
      </object_component>
      <object_component id="oc-a5">
         <name>.common:PrintMsg</name>
         <uninitialized>true</uninitialized>
         <run_address>0x2000066c</run_address>
         <size>0x100</size>
      </object_component>
      <object_component id="oc-24">
         <name>.stack</name>
         <uninitialized>true</uninitialized>
         <run_address>0x200007c8</run_address>
         <size>0x4</size>
         <input_file_ref idref="fl-f8"/>
      </object_component>
      <object_component id="oc-39c">
         <name>.stack</name>
         <uninitialized>true</uninitialized>
         <run_address>0x200007c8</run_address>
         <size>0x0</size>
      </object_component>
      <object_component id="oc-a6">
         <name>.debug_info</name>
         <load_address>0x0</load_address>
         <run_address>0x0</run_address>
         <size>0xac1</size>
         <input_file_ref idref="fl-2"/>
      </object_component>
      <object_component id="oc-a9">
         <name>.debug_info</name>
         <load_address>0xac1</load_address>
         <run_address>0xac1</run_address>
         <size>0x208</size>
         <input_file_ref idref="fl-2"/>
      </object_component>
      <object_component id="oc-ac">
         <name>.debug_info</name>
         <load_address>0xcc9</load_address>
         <run_address>0xcc9</run_address>
         <size>0xdd</size>
         <input_file_ref idref="fl-2"/>
      </object_component>
      <object_component id="oc-2e">
         <name>.debug_info</name>
         <load_address>0xda6</load_address>
         <run_address>0xda6</run_address>
         <size>0x1635</size>
         <input_file_ref idref="fl-2"/>
      </object_component>
      <object_component id="oc-c1">
         <name>.debug_info</name>
         <load_address>0x23db</load_address>
         <run_address>0x23db</run_address>
         <size>0x1b3</size>
         <input_file_ref idref="fl-2"/>
      </object_component>
      <object_component id="oc-167">
         <name>.debug_info</name>
         <load_address>0x258e</load_address>
         <run_address>0x258e</run_address>
         <size>0xb1</size>
         <input_file_ref idref="fl-2"/>
      </object_component>
      <object_component id="oc-c8">
         <name>.debug_info</name>
         <load_address>0x263f</load_address>
         <run_address>0x263f</run_address>
         <size>0x26b</size>
         <input_file_ref idref="fl-2"/>
      </object_component>
      <object_component id="oc-b7">
         <name>.debug_info</name>
         <load_address>0x28aa</load_address>
         <run_address>0x28aa</run_address>
         <size>0x8b</size>
         <input_file_ref idref="fl-2"/>
      </object_component>
      <object_component id="oc-17b">
         <name>.debug_info</name>
         <load_address>0x2935</load_address>
         <run_address>0x2935</run_address>
         <size>0x2a4</size>
         <input_file_ref idref="fl-2"/>
      </object_component>
      <object_component id="oc-10e">
         <name>.debug_info</name>
         <load_address>0x2bd9</load_address>
         <run_address>0x2bd9</run_address>
         <size>0xef</size>
         <input_file_ref idref="fl-2"/>
      </object_component>
      <object_component id="oc-bc">
         <name>.debug_info</name>
         <load_address>0x2cc8</load_address>
         <run_address>0x2cc8</run_address>
         <size>0xbb</size>
         <input_file_ref idref="fl-2"/>
      </object_component>
      <object_component id="oc-160">
         <name>.debug_info</name>
         <load_address>0x2d83</load_address>
         <run_address>0x2d83</run_address>
         <size>0x2c</size>
         <input_file_ref idref="fl-2"/>
      </object_component>
      <object_component id="oc-35">
         <name>.debug_info</name>
         <load_address>0x2daf</load_address>
         <run_address>0x2daf</run_address>
         <size>0x331</size>
         <input_file_ref idref="fl-3"/>
      </object_component>
      <object_component id="oc-13">
         <name>.debug_info</name>
         <load_address>0x30e0</load_address>
         <run_address>0x30e0</run_address>
         <size>0xf4</size>
         <input_file_ref idref="fl-3"/>
      </object_component>
      <object_component id="oc-28">
         <name>.debug_info</name>
         <load_address>0x31d4</load_address>
         <run_address>0x31d4</run_address>
         <size>0x270</size>
         <input_file_ref idref="fl-3"/>
      </object_component>
      <object_component id="oc-3c">
         <name>.debug_info</name>
         <load_address>0x3444</load_address>
         <run_address>0x3444</run_address>
         <size>0x84</size>
         <input_file_ref idref="fl-3"/>
      </object_component>
      <object_component id="oc-14b">
         <name>.debug_info</name>
         <load_address>0x34c8</load_address>
         <run_address>0x34c8</run_address>
         <size>0x365</size>
         <input_file_ref idref="fl-6"/>
      </object_component>
      <object_component id="oc-148">
         <name>.debug_info</name>
         <load_address>0x382d</load_address>
         <run_address>0x382d</run_address>
         <size>0xf4</size>
         <input_file_ref idref="fl-6"/>
      </object_component>
      <object_component id="oc-9a">
         <name>.debug_info</name>
         <load_address>0x3921</load_address>
         <run_address>0x3921</run_address>
         <size>0x175a</size>
         <input_file_ref idref="fl-6"/>
      </object_component>
      <object_component id="oc-fb">
         <name>.debug_info</name>
         <load_address>0x507b</load_address>
         <run_address>0x507b</run_address>
         <size>0x31b</size>
         <input_file_ref idref="fl-8"/>
      </object_component>
      <object_component id="oc-11f">
         <name>.debug_info</name>
         <load_address>0x5396</load_address>
         <run_address>0x5396</run_address>
         <size>0x369</size>
         <input_file_ref idref="fl-10"/>
      </object_component>
      <object_component id="oc-119">
         <name>.debug_info</name>
         <load_address>0x56ff</load_address>
         <run_address>0x56ff</run_address>
         <size>0x105</size>
         <input_file_ref idref="fl-10"/>
      </object_component>
      <object_component id="oc-11c">
         <name>.debug_info</name>
         <load_address>0x5804</load_address>
         <run_address>0x5804</run_address>
         <size>0x107</size>
         <input_file_ref idref="fl-10"/>
      </object_component>
      <object_component id="oc-116">
         <name>.debug_info</name>
         <load_address>0x590b</load_address>
         <run_address>0x590b</run_address>
         <size>0xf9</size>
         <input_file_ref idref="fl-10"/>
      </object_component>
      <object_component id="oc-82">
         <name>.debug_info</name>
         <load_address>0x5a04</load_address>
         <run_address>0x5a04</run_address>
         <size>0x2dba</size>
         <input_file_ref idref="fl-10"/>
      </object_component>
      <object_component id="oc-146">
         <name>.debug_info</name>
         <load_address>0x87be</load_address>
         <run_address>0x87be</run_address>
         <size>0x36a</size>
         <input_file_ref idref="fl-12"/>
      </object_component>
      <object_component id="oc-140">
         <name>.debug_info</name>
         <load_address>0x8b28</load_address>
         <run_address>0x8b28</run_address>
         <size>0xf2</size>
         <input_file_ref idref="fl-12"/>
      </object_component>
      <object_component id="oc-143">
         <name>.debug_info</name>
         <load_address>0x8c1a</load_address>
         <run_address>0x8c1a</run_address>
         <size>0x104</size>
         <input_file_ref idref="fl-12"/>
      </object_component>
      <object_component id="oc-93">
         <name>.debug_info</name>
         <load_address>0x8d1e</load_address>
         <run_address>0x8d1e</run_address>
         <size>0x29f6</size>
         <input_file_ref idref="fl-12"/>
      </object_component>
      <object_component id="oc-13e">
         <name>.debug_info</name>
         <load_address>0xb714</load_address>
         <run_address>0xb714</run_address>
         <size>0x34c</size>
         <input_file_ref idref="fl-13"/>
      </object_component>
      <object_component id="oc-12f">
         <name>.debug_info</name>
         <load_address>0xba60</load_address>
         <run_address>0xba60</run_address>
         <size>0xf4</size>
         <input_file_ref idref="fl-13"/>
      </object_component>
      <object_component id="oc-12c">
         <name>.debug_info</name>
         <load_address>0xbb54</load_address>
         <run_address>0xbb54</run_address>
         <size>0xec</size>
         <input_file_ref idref="fl-13"/>
      </object_component>
      <object_component id="oc-138">
         <name>.debug_info</name>
         <load_address>0xbc40</load_address>
         <run_address>0xbc40</run_address>
         <size>0xf0</size>
         <input_file_ref idref="fl-13"/>
      </object_component>
      <object_component id="oc-13b">
         <name>.debug_info</name>
         <load_address>0xbd30</load_address>
         <run_address>0xbd30</run_address>
         <size>0xf6</size>
         <input_file_ref idref="fl-13"/>
      </object_component>
      <object_component id="oc-132">
         <name>.debug_info</name>
         <load_address>0xbe26</load_address>
         <run_address>0xbe26</run_address>
         <size>0xf4</size>
         <input_file_ref idref="fl-13"/>
      </object_component>
      <object_component id="oc-135">
         <name>.debug_info</name>
         <load_address>0xbf1a</load_address>
         <run_address>0xbf1a</run_address>
         <size>0xf8</size>
         <input_file_ref idref="fl-13"/>
      </object_component>
      <object_component id="oc-129">
         <name>.debug_info</name>
         <load_address>0xc012</load_address>
         <run_address>0xc012</run_address>
         <size>0xf5</size>
         <input_file_ref idref="fl-13"/>
      </object_component>
      <object_component id="oc-8e">
         <name>.debug_info</name>
         <load_address>0xc107</load_address>
         <run_address>0xc107</run_address>
         <size>0xb74</size>
         <input_file_ref idref="fl-13"/>
      </object_component>
      <object_component id="oc-10d">
         <name>.debug_info</name>
         <load_address>0xcc7b</load_address>
         <run_address>0xcc7b</run_address>
         <size>0x3bd</size>
         <input_file_ref idref="fl-1b"/>
      </object_component>
      <object_component id="oc-104">
         <name>.debug_info</name>
         <load_address>0xd038</load_address>
         <run_address>0xd038</run_address>
         <size>0xeb</size>
         <input_file_ref idref="fl-1b"/>
      </object_component>
      <object_component id="oc-107">
         <name>.debug_info</name>
         <load_address>0xd123</load_address>
         <run_address>0xd123</run_address>
         <size>0xf7</size>
         <input_file_ref idref="fl-1b"/>
      </object_component>
      <object_component id="oc-101">
         <name>.debug_info</name>
         <load_address>0xd21a</load_address>
         <run_address>0xd21a</run_address>
         <size>0xf1</size>
         <input_file_ref idref="fl-1b"/>
      </object_component>
      <object_component id="oc-10a">
         <name>.debug_info</name>
         <load_address>0xd30b</load_address>
         <run_address>0xd30b</run_address>
         <size>0xfe</size>
         <input_file_ref idref="fl-1b"/>
      </object_component>
      <object_component id="oc-75">
         <name>.debug_info</name>
         <load_address>0xd409</load_address>
         <run_address>0xd409</run_address>
         <size>0x2648</size>
         <input_file_ref idref="fl-1b"/>
      </object_component>
      <object_component id="oc-1d9">
         <name>.debug_info</name>
         <load_address>0xfa51</load_address>
         <run_address>0xfa51</run_address>
         <size>0x51</size>
         <input_file_ref idref="fl-1b"/>
      </object_component>
      <object_component id="oc-114">
         <name>.debug_info</name>
         <load_address>0xfaa2</load_address>
         <run_address>0xfaa2</run_address>
         <size>0x2db</size>
         <input_file_ref idref="fl-1d"/>
      </object_component>
      <object_component id="oc-7b">
         <name>.debug_info</name>
         <load_address>0xfd7d</load_address>
         <run_address>0xfd7d</run_address>
         <size>0x543</size>
         <input_file_ref idref="fl-1d"/>
      </object_component>
      <object_component id="oc-127">
         <name>.debug_info</name>
         <load_address>0x102c0</load_address>
         <run_address>0x102c0</run_address>
         <size>0x360</size>
         <input_file_ref idref="fl-1f"/>
      </object_component>
      <object_component id="oc-121">
         <name>.debug_info</name>
         <load_address>0x10620</load_address>
         <run_address>0x10620</run_address>
         <size>0xf5</size>
         <input_file_ref idref="fl-1f"/>
      </object_component>
      <object_component id="oc-124">
         <name>.debug_info</name>
         <load_address>0x10715</load_address>
         <run_address>0x10715</run_address>
         <size>0x107</size>
         <input_file_ref idref="fl-1f"/>
      </object_component>
      <object_component id="oc-87">
         <name>.debug_info</name>
         <load_address>0x1081c</load_address>
         <run_address>0x1081c</run_address>
         <size>0x2597</size>
         <input_file_ref idref="fl-1f"/>
      </object_component>
      <object_component id="oc-187">
         <name>.debug_info</name>
         <load_address>0x12db3</load_address>
         <run_address>0x12db3</run_address>
         <size>0x2c</size>
         <input_file_ref idref="fl-23"/>
      </object_component>
      <object_component id="oc-15f">
         <name>.debug_info</name>
         <load_address>0x12ddf</load_address>
         <run_address>0x12ddf</run_address>
         <size>0x333</size>
         <input_file_ref idref="fl-ef"/>
      </object_component>
      <object_component id="oc-a0">
         <name>.debug_info</name>
         <load_address>0x13112</load_address>
         <run_address>0x13112</run_address>
         <size>0x1d1</size>
         <input_file_ref idref="fl-ef"/>
      </object_component>
      <object_component id="oc-155">
         <name>.debug_info</name>
         <load_address>0x132e3</load_address>
         <run_address>0x132e3</run_address>
         <size>0x18d</size>
         <input_file_ref idref="fl-ef"/>
      </object_component>
      <object_component id="oc-159">
         <name>.debug_info</name>
         <load_address>0x13470</load_address>
         <run_address>0x13470</run_address>
         <size>0x16d</size>
         <input_file_ref idref="fl-ef"/>
      </object_component>
      <object_component id="oc-2e4">
         <name>.debug_info</name>
         <load_address>0x135dd</load_address>
         <run_address>0x135dd</run_address>
         <size>0x2c</size>
         <input_file_ref idref="fl-ef"/>
      </object_component>
      <object_component id="oc-44">
         <name>.debug_info</name>
         <load_address>0x13609</load_address>
         <run_address>0x13609</run_address>
         <size>0x119</size>
         <input_file_ref idref="fl-f0"/>
      </object_component>
      <object_component id="oc-e5">
         <name>.debug_info</name>
         <load_address>0x13722</load_address>
         <run_address>0x13722</run_address>
         <size>0x147</size>
         <input_file_ref idref="fl-f1"/>
      </object_component>
      <object_component id="oc-e1">
         <name>.debug_info</name>
         <load_address>0x13869</load_address>
         <run_address>0x13869</run_address>
         <size>0x2d4</size>
         <input_file_ref idref="fl-f3"/>
      </object_component>
      <object_component id="oc-57">
         <name>.debug_info</name>
         <load_address>0x13b3d</load_address>
         <run_address>0x13b3d</run_address>
         <size>0x1b5</size>
         <input_file_ref idref="fl-f3"/>
      </object_component>
      <object_component id="oc-dc">
         <name>.debug_info</name>
         <load_address>0x13cf2</load_address>
         <run_address>0x13cf2</run_address>
         <size>0x46</size>
         <input_file_ref idref="fl-f3"/>
      </object_component>
      <object_component id="oc-4c">
         <name>.debug_info</name>
         <load_address>0x13d38</load_address>
         <run_address>0x13d38</run_address>
         <size>0x2a8</size>
         <input_file_ref idref="fl-f4"/>
      </object_component>
      <object_component id="oc-1d">
         <name>.debug_info</name>
         <load_address>0x13fe0</load_address>
         <run_address>0x13fe0</run_address>
         <size>0x1ea</size>
         <input_file_ref idref="fl-f4"/>
      </object_component>
      <object_component id="oc-47">
         <name>.debug_info</name>
         <load_address>0x141ca</load_address>
         <run_address>0x141ca</run_address>
         <size>0x46</size>
         <input_file_ref idref="fl-f4"/>
      </object_component>
      <object_component id="oc-d4">
         <name>.debug_info</name>
         <load_address>0x14210</load_address>
         <run_address>0x14210</run_address>
         <size>0x2c</size>
         <input_file_ref idref="fl-f4"/>
      </object_component>
      <object_component id="oc-d2">
         <name>.debug_info</name>
         <load_address>0x1423c</load_address>
         <run_address>0x1423c</run_address>
         <size>0x29e</size>
         <input_file_ref idref="fl-f5"/>
      </object_component>
      <object_component id="oc-19">
         <name>.debug_info</name>
         <load_address>0x144da</load_address>
         <run_address>0x144da</run_address>
         <size>0x250</size>
         <input_file_ref idref="fl-f5"/>
      </object_component>
      <object_component id="oc-37">
         <name>.debug_info</name>
         <load_address>0x1472a</load_address>
         <run_address>0x1472a</run_address>
         <size>0x60</size>
         <input_file_ref idref="fl-f5"/>
      </object_component>
      <object_component id="oc-180">
         <name>.debug_info</name>
         <load_address>0x1478a</load_address>
         <run_address>0x1478a</run_address>
         <size>0x46</size>
         <input_file_ref idref="fl-f5"/>
      </object_component>
      <object_component id="oc-cd">
         <name>.debug_info</name>
         <load_address>0x147d0</load_address>
         <run_address>0x147d0</run_address>
         <size>0x39</size>
         <input_file_ref idref="fl-f5"/>
      </object_component>
      <object_component id="oc-17a">
         <name>.debug_info</name>
         <load_address>0x14809</load_address>
         <run_address>0x14809</run_address>
         <size>0x322</size>
         <input_file_ref idref="fl-f7"/>
      </object_component>
      <object_component id="oc-b3">
         <name>.debug_info</name>
         <load_address>0x14b2b</load_address>
         <run_address>0x14b2b</run_address>
         <size>0x231</size>
         <input_file_ref idref="fl-f7"/>
      </object_component>
      <object_component id="oc-25">
         <name>.debug_info</name>
         <load_address>0x14d5c</load_address>
         <run_address>0x14d5c</run_address>
         <size>0x10b</size>
         <input_file_ref idref="fl-f8"/>
      </object_component>
      <object_component id="oc-63">
         <name>.debug_info</name>
         <load_address>0x14e67</load_address>
         <run_address>0x14e67</run_address>
         <size>0x1a9</size>
         <input_file_ref idref="fl-f8"/>
      </object_component>
      <object_component id="oc-256">
         <name>.debug_info</name>
         <load_address>0x15010</load_address>
         <run_address>0x15010</run_address>
         <size>0x289</size>
         <input_file_ref idref="fl-f9"/>
      </object_component>
      <object_component id="oc-253">
         <name>.debug_info</name>
         <load_address>0x15299</load_address>
         <run_address>0x15299</run_address>
         <size>0x10e</size>
         <input_file_ref idref="fl-f9"/>
      </object_component>
      <object_component id="oc-173">
         <name>.debug_info</name>
         <load_address>0x153a7</load_address>
         <run_address>0x153a7</run_address>
         <size>0x14e</size>
         <input_file_ref idref="fl-f9"/>
      </object_component>
      <object_component id="oc-243">
         <name>.debug_info</name>
         <load_address>0x154f5</load_address>
         <run_address>0x154f5</run_address>
         <size>0x590</size>
         <input_file_ref idref="fl-fa"/>
      </object_component>
      <object_component id="oc-214">
         <name>.debug_info</name>
         <load_address>0x15a85</load_address>
         <run_address>0x15a85</run_address>
         <size>0x21e</size>
         <input_file_ref idref="fl-fa"/>
      </object_component>
      <object_component id="oc-2ac">
         <name>.debug_info</name>
         <load_address>0x15ca3</load_address>
         <run_address>0x15ca3</run_address>
         <size>0x1b3</size>
         <input_file_ref idref="fl-fa"/>
      </object_component>
      <object_component id="oc-2b2">
         <name>.debug_info</name>
         <load_address>0x15e56</load_address>
         <run_address>0x15e56</run_address>
         <size>0x21b</size>
         <input_file_ref idref="fl-fa"/>
      </object_component>
      <object_component id="oc-21f">
         <name>.debug_info</name>
         <load_address>0x16071</load_address>
         <run_address>0x16071</run_address>
         <size>0x3c0</size>
         <input_file_ref idref="fl-fa"/>
      </object_component>
      <object_component id="oc-2b9">
         <name>.debug_info</name>
         <load_address>0x16431</load_address>
         <run_address>0x16431</run_address>
         <size>0x30a</size>
         <input_file_ref idref="fl-fa"/>
      </object_component>
      <object_component id="oc-2bf">
         <name>.debug_info</name>
         <load_address>0x1673b</load_address>
         <run_address>0x1673b</run_address>
         <size>0x215</size>
         <input_file_ref idref="fl-fa"/>
      </object_component>
      <object_component id="oc-225">
         <name>.debug_info</name>
         <load_address>0x16950</load_address>
         <run_address>0x16950</run_address>
         <size>0x215</size>
         <input_file_ref idref="fl-fa"/>
      </object_component>
      <object_component id="oc-22b">
         <name>.debug_info</name>
         <load_address>0x16b65</load_address>
         <run_address>0x16b65</run_address>
         <size>0x304</size>
         <input_file_ref idref="fl-fa"/>
      </object_component>
      <object_component id="oc-231">
         <name>.debug_info</name>
         <load_address>0x16e69</load_address>
         <run_address>0x16e69</run_address>
         <size>0x4b5</size>
         <input_file_ref idref="fl-fa"/>
      </object_component>
      <object_component id="oc-14d">
         <name>.debug_info</name>
         <load_address>0x1731e</load_address>
         <run_address>0x1731e</run_address>
         <size>0x5f4</size>
         <input_file_ref idref="fl-fa"/>
      </object_component>
      <object_component id="oc-244">
         <name>.debug_info</name>
         <load_address>0x17912</load_address>
         <run_address>0x17912</run_address>
         <size>0x86</size>
         <input_file_ref idref="fl-fa"/>
      </object_component>
      <object_component id="oc-2e9">
         <name>.debug_info</name>
         <load_address>0x17998</load_address>
         <run_address>0x17998</run_address>
         <size>0x39</size>
         <input_file_ref idref="fl-fa"/>
      </object_component>
      <object_component id="oc-34a">
         <name>.debug_info</name>
         <load_address>0x179d1</load_address>
         <run_address>0x179d1</run_address>
         <size>0xb6</size>
         <input_file_ref idref="fl-fa"/>
      </object_component>
      <object_component id="oc-2ee">
         <name>.debug_info</name>
         <load_address>0x17a87</load_address>
         <run_address>0x17a87</run_address>
         <size>0x46</size>
         <input_file_ref idref="fl-fa"/>
      </object_component>
      <object_component id="oc-249">
         <name>.debug_info</name>
         <load_address>0x17acd</load_address>
         <run_address>0x17acd</run_address>
         <size>0x46</size>
         <input_file_ref idref="fl-fa"/>
      </object_component>
      <object_component id="oc-31f">
         <name>.debug_info</name>
         <load_address>0x17b13</load_address>
         <run_address>0x17b13</run_address>
         <size>0x115</size>
         <input_file_ref idref="fl-fb"/>
      </object_component>
      <object_component id="oc-2a8">
         <name>.debug_info</name>
         <load_address>0x17c28</load_address>
         <run_address>0x17c28</run_address>
         <size>0x14c</size>
         <input_file_ref idref="fl-fc"/>
      </object_component>
      <object_component id="oc-21b">
         <name>.debug_info</name>
         <load_address>0x17d74</load_address>
         <run_address>0x17d74</run_address>
         <size>0x128</size>
         <input_file_ref idref="fl-fd"/>
      </object_component>
      <object_component id="oc-294">
         <name>.debug_info</name>
         <load_address>0x17e9c</load_address>
         <run_address>0x17e9c</run_address>
         <size>0x12a</size>
         <input_file_ref idref="fl-fd"/>
      </object_component>
      <object_component id="oc-28d">
         <name>.debug_info</name>
         <load_address>0x17fc6</load_address>
         <run_address>0x17fc6</run_address>
         <size>0x13a</size>
         <input_file_ref idref="fl-fe"/>
      </object_component>
      <object_component id="oc-288">
         <name>.debug_info</name>
         <load_address>0x18100</load_address>
         <run_address>0x18100</run_address>
         <size>0x13a</size>
         <input_file_ref idref="fl-ff"/>
      </object_component>
      <object_component id="oc-298">
         <name>.debug_info</name>
         <load_address>0x1823a</load_address>
         <run_address>0x1823a</run_address>
         <size>0x12e</size>
         <input_file_ref idref="fl-100"/>
      </object_component>
      <object_component id="oc-2a3">
         <name>.debug_info</name>
         <load_address>0x18368</load_address>
         <run_address>0x18368</run_address>
         <size>0x12c</size>
         <input_file_ref idref="fl-101"/>
      </object_component>
      <object_component id="oc-281">
         <name>.debug_info</name>
         <load_address>0x18494</load_address>
         <run_address>0x18494</run_address>
         <size>0x134</size>
         <input_file_ref idref="fl-102"/>
      </object_component>
      <object_component id="oc-267">
         <name>.debug_info</name>
         <load_address>0x185c8</load_address>
         <run_address>0x185c8</run_address>
         <size>0x4b3</size>
         <input_file_ref idref="fl-103"/>
      </object_component>
      <object_component id="oc-19d">
         <name>.debug_info</name>
         <load_address>0x18a7b</load_address>
         <run_address>0x18a7b</run_address>
         <size>0x1a6</size>
         <input_file_ref idref="fl-103"/>
      </object_component>
      <object_component id="oc-309">
         <name>.debug_info</name>
         <load_address>0x18c21</load_address>
         <run_address>0x18c21</run_address>
         <size>0x39</size>
         <input_file_ref idref="fl-103"/>
      </object_component>
      <object_component id="oc-352">
         <name>.debug_info</name>
         <load_address>0x18c5a</load_address>
         <run_address>0x18c5a</run_address>
         <size>0x39</size>
         <input_file_ref idref="fl-103"/>
      </object_component>
      <object_component id="oc-30e">
         <name>.debug_info</name>
         <load_address>0x18c93</load_address>
         <run_address>0x18c93</run_address>
         <size>0x39</size>
         <input_file_ref idref="fl-103"/>
      </object_component>
      <object_component id="oc-313">
         <name>.debug_info</name>
         <load_address>0x18ccc</load_address>
         <run_address>0x18ccc</run_address>
         <size>0xcd</size>
         <input_file_ref idref="fl-103"/>
      </object_component>
      <object_component id="oc-ec">
         <name>.debug_info</name>
         <load_address>0x18d99</load_address>
         <run_address>0x18d99</run_address>
         <size>0x153</size>
         <input_file_ref idref="fl-104"/>
      </object_component>
      <object_component id="oc-192">
         <name>.debug_info</name>
         <load_address>0x18eec</load_address>
         <run_address>0x18eec</run_address>
         <size>0x122</size>
         <input_file_ref idref="fl-106"/>
      </object_component>
      <object_component id="oc-329">
         <name>.debug_info</name>
         <load_address>0x1900e</load_address>
         <run_address>0x1900e</run_address>
         <size>0x29c</size>
         <input_file_ref idref="fl-108"/>
      </object_component>
      <object_component id="oc-29e">
         <name>.debug_info</name>
         <load_address>0x192aa</load_address>
         <run_address>0x192aa</run_address>
         <size>0x1da</size>
         <input_file_ref idref="fl-108"/>
      </object_component>
      <object_component id="oc-27f">
         <name>.debug_info</name>
         <load_address>0x19484</load_address>
         <run_address>0x19484</run_address>
         <size>0x2b9</size>
         <input_file_ref idref="fl-10a"/>
      </object_component>
      <object_component id="oc-211">
         <name>.debug_info</name>
         <load_address>0x1973d</load_address>
         <run_address>0x1973d</run_address>
         <size>0x17c</size>
         <input_file_ref idref="fl-10a"/>
      </object_component>
      <object_component id="oc-259">
         <name>.debug_info</name>
         <load_address>0x198b9</load_address>
         <run_address>0x198b9</run_address>
         <size>0xf9</size>
         <input_file_ref idref="fl-10b"/>
      </object_component>
      <object_component id="oc-177">
         <name>.debug_info</name>
         <load_address>0x199b2</load_address>
         <run_address>0x199b2</run_address>
         <size>0x105</size>
         <input_file_ref idref="fl-10b"/>
      </object_component>
      <object_component id="oc-2da">
         <name>.debug_info</name>
         <load_address>0x19ab7</load_address>
         <run_address>0x19ab7</run_address>
         <size>0x2a7</size>
         <input_file_ref idref="fl-10c"/>
      </object_component>
      <object_component id="oc-239">
         <name>.debug_info</name>
         <load_address>0x19d5e</load_address>
         <run_address>0x19d5e</run_address>
         <size>0x1b8</size>
         <input_file_ref idref="fl-10c"/>
      </object_component>
      <object_component id="oc-340">
         <name>.debug_info</name>
         <load_address>0x19f16</load_address>
         <run_address>0x19f16</run_address>
         <size>0x29a</size>
         <input_file_ref idref="fl-10d"/>
      </object_component>
      <object_component id="oc-2d5">
         <name>.debug_info</name>
         <load_address>0x1a1b0</load_address>
         <run_address>0x1a1b0</run_address>
         <size>0x262</size>
         <input_file_ref idref="fl-10d"/>
      </object_component>
      <object_component id="oc-27d">
         <name>.debug_info</name>
         <load_address>0x1a412</load_address>
         <run_address>0x1a412</run_address>
         <size>0x28f</size>
         <input_file_ref idref="fl-10e"/>
      </object_component>
      <object_component id="oc-20b">
         <name>.debug_info</name>
         <load_address>0x1a6a1</load_address>
         <run_address>0x1a6a1</run_address>
         <size>0x245</size>
         <input_file_ref idref="fl-10e"/>
      </object_component>
      <object_component id="oc-2e1">
         <name>.debug_info</name>
         <load_address>0x1a8e6</load_address>
         <run_address>0x1a8e6</run_address>
         <size>0x28f</size>
         <input_file_ref idref="fl-10f"/>
      </object_component>
      <object_component id="oc-23e">
         <name>.debug_info</name>
         <load_address>0x1ab75</load_address>
         <run_address>0x1ab75</run_address>
         <size>0x15a</size>
         <input_file_ref idref="fl-10f"/>
      </object_component>
      <object_component id="oc-343">
         <name>.debug_info</name>
         <load_address>0x1accf</load_address>
         <run_address>0x1accf</run_address>
         <size>0x46</size>
         <input_file_ref idref="fl-10f"/>
      </object_component>
      <object_component id="oc-2dc">
         <name>.debug_info</name>
         <load_address>0x1ad15</load_address>
         <run_address>0x1ad15</run_address>
         <size>0x39</size>
         <input_file_ref idref="fl-10f"/>
      </object_component>
      <object_component id="oc-331">
         <name>.debug_info</name>
         <load_address>0x1ad4e</load_address>
         <run_address>0x1ad4e</run_address>
         <size>0x295</size>
         <input_file_ref idref="fl-110"/>
      </object_component>
      <object_component id="oc-2c8">
         <name>.debug_info</name>
         <load_address>0x1afe3</load_address>
         <run_address>0x1afe3</run_address>
         <size>0x195</size>
         <input_file_ref idref="fl-110"/>
      </object_component>
      <object_component id="oc-363">
         <name>.debug_info</name>
         <load_address>0x1b178</load_address>
         <run_address>0x1b178</run_address>
         <size>0x39</size>
         <input_file_ref idref="fl-110"/>
      </object_component>
      <object_component id="oc-332">
         <name>.debug_info</name>
         <load_address>0x1b1b1</load_address>
         <run_address>0x1b1b1</run_address>
         <size>0x2c</size>
         <input_file_ref idref="fl-110"/>
      </object_component>
      <object_component id="oc-33e">
         <name>.debug_info</name>
         <load_address>0x1b1dd</load_address>
         <run_address>0x1b1dd</run_address>
         <size>0x2f8</size>
         <input_file_ref idref="fl-111"/>
      </object_component>
      <object_component id="oc-2d0">
         <name>.debug_info</name>
         <load_address>0x1b4d5</load_address>
         <run_address>0x1b4d5</run_address>
         <size>0x225</size>
         <input_file_ref idref="fl-111"/>
      </object_component>
      <object_component id="oc-33b">
         <name>.debug_info</name>
         <load_address>0x1b6fa</load_address>
         <run_address>0x1b6fa</run_address>
         <size>0x161</size>
         <input_file_ref idref="fl-112"/>
      </object_component>
      <object_component id="oc-39d">
         <name>.debug_info</name>
         <load_address>0x1b85b</load_address>
         <run_address>0x1b85b</run_address>
         <size>0xa7</size>
      </object_component>
      <object_component id="oc-166">
         <name>.debug_line</name>
         <load_address>0x0</load_address>
         <run_address>0x0</run_address>
         <size>0x181</size>
         <input_file_ref idref="fl-2"/>
      </object_component>
      <object_component id="oc-16d">
         <name>.debug_line</name>
         <load_address>0x181</load_address>
         <run_address>0x181</run_address>
         <size>0x2d</size>
         <input_file_ref idref="fl-2"/>
      </object_component>
      <object_component id="oc-16f">
         <name>.debug_line</name>
         <load_address>0x1ae</load_address>
         <run_address>0x1ae</run_address>
         <size>0x2d</size>
         <input_file_ref idref="fl-2"/>
      </object_component>
      <object_component id="oc-31">
         <name>.debug_line</name>
         <load_address>0x1db</load_address>
         <run_address>0x1db</run_address>
         <size>0x4c3</size>
         <input_file_ref idref="fl-2"/>
      </object_component>
      <object_component id="oc-c4">
         <name>.debug_line</name>
         <load_address>0x69e</load_address>
         <run_address>0x69e</run_address>
         <size>0x36</size>
         <input_file_ref idref="fl-2"/>
      </object_component>
      <object_component id="oc-16a">
         <name>.debug_line</name>
         <load_address>0x6d4</load_address>
         <run_address>0x6d4</run_address>
         <size>0x2d</size>
         <input_file_ref idref="fl-2"/>
      </object_component>
      <object_component id="oc-cb">
         <name>.debug_line</name>
         <load_address>0x701</load_address>
         <run_address>0x701</run_address>
         <size>0x7a</size>
         <input_file_ref idref="fl-2"/>
      </object_component>
      <object_component id="oc-ba">
         <name>.debug_line</name>
         <load_address>0x77b</load_address>
         <run_address>0x77b</run_address>
         <size>0x20</size>
         <input_file_ref idref="fl-2"/>
      </object_component>
      <object_component id="oc-17e">
         <name>.debug_line</name>
         <load_address>0x79b</load_address>
         <run_address>0x79b</run_address>
         <size>0x7e</size>
         <input_file_ref idref="fl-2"/>
      </object_component>
      <object_component id="oc-111">
         <name>.debug_line</name>
         <load_address>0x819</load_address>
         <run_address>0x819</run_address>
         <size>0x7a</size>
         <input_file_ref idref="fl-2"/>
      </object_component>
      <object_component id="oc-bf">
         <name>.debug_line</name>
         <load_address>0x893</load_address>
         <run_address>0x893</run_address>
         <size>0x7b</size>
         <input_file_ref idref="fl-2"/>
      </object_component>
      <object_component id="oc-163">
         <name>.debug_line</name>
         <load_address>0x90e</load_address>
         <run_address>0x90e</run_address>
         <size>0x76</size>
         <input_file_ref idref="fl-2"/>
      </object_component>
      <object_component id="oc-c7">
         <name>.debug_line</name>
         <load_address>0x984</load_address>
         <run_address>0x984</run_address>
         <size>0x41</size>
         <input_file_ref idref="fl-3"/>
      </object_component>
      <object_component id="oc-34">
         <name>.debug_line</name>
         <load_address>0x9c5</load_address>
         <run_address>0x9c5</run_address>
         <size>0x41</size>
         <input_file_ref idref="fl-3"/>
      </object_component>
      <object_component id="oc-2b">
         <name>.debug_line</name>
         <load_address>0xa06</load_address>
         <run_address>0xa06</run_address>
         <size>0x9b</size>
         <input_file_ref idref="fl-3"/>
      </object_component>
      <object_component id="oc-3f">
         <name>.debug_line</name>
         <load_address>0xaa1</load_address>
         <run_address>0xaa1</run_address>
         <size>0x20</size>
         <input_file_ref idref="fl-3"/>
      </object_component>
      <object_component id="oc-206">
         <name>.debug_line</name>
         <load_address>0xac1</load_address>
         <run_address>0xac1</run_address>
         <size>0x68</size>
         <input_file_ref idref="fl-6"/>
      </object_component>
      <object_component id="oc-204">
         <name>.debug_line</name>
         <load_address>0xb29</load_address>
         <run_address>0xb29</run_address>
         <size>0x36</size>
         <input_file_ref idref="fl-6"/>
      </object_component>
      <object_component id="oc-9d">
         <name>.debug_line</name>
         <load_address>0xb5f</load_address>
         <run_address>0xb5f</run_address>
         <size>0x4e1</size>
         <input_file_ref idref="fl-6"/>
      </object_component>
      <object_component id="oc-fe">
         <name>.debug_line</name>
         <load_address>0x1040</load_address>
         <run_address>0x1040</run_address>
[...]
         <object_component_ref idref="oc-74"/>
      </symbol>
      <symbol id="sm-489">
         <name>SysCtlADCSpeedSet</name>
         <value>0x205d</value>
         <object_component_ref idref="oc-74"/>
      </symbol>
      <symbol id="sm-48a">
         <name>SysCtlSRAMSizeGet</name>
         <value>0x1795</value>
         <object_component_ref idref="oc-74"/>
      </symbol>
      <symbol id="sm-48b">
         <name>SysCtlClockGet</name>
         <value>0x1d55</value>
         <object_component_ref idref="oc-74"/>
      </symbol>
      <symbol id="sm-48c">
         <name>SysCtlPeripheralDisable</name>
         <value>0x1963</value>
         <object_component_ref idref="oc-74"/>
      </symbol>
      <symbol id="sm-48d">
         <name>SysCtlPWMClockSet</name>
         <value>0x1a27</value>
         <object_component_ref idref="oc-74"/>
      </symbol>
      <symbol id="sm-48e">
         <name>SysCtlUSBPLLEnable</name>
         <value>0x1779</value>
         <object_component_ref idref="oc-74"/>
      </symbol>
      <symbol id="sm-48f">
         <name>SysCtlPeripheralSleepEnable</name>
         <value>0x17cd</value>
         <object_component_ref idref="oc-74"/>
      </symbol>
      <symbol id="sm-490">
         <name>SysCtlIntUnregister</name>
         <value>0x1a9d</value>
         <object_component_ref idref="oc-74"/>
      </symbol>
      <symbol id="sm-491">
         <name>SysCtlUSBPLLDisable</name>
         <value>0x1787</value>
         <object_component_ref idref="oc-74"/>
      </symbol>
      <symbol id="sm-492">
         <name>SysCtlPeripheralReady</name>
         <value>0x1875</value>
         <object_component_ref idref="oc-74"/>
      </symbol>
      <symbol id="sm-493">
         <name>SysCtlPIOSCCalibrate</name>
         <value>0x1a47</value>
         <object_component_ref idref="oc-74"/>
      </symbol>
      <symbol id="sm-494">
         <name>SysCtlResetCauseClear</name>
         <value>0x17ab</value>
         <object_component_ref idref="oc-74"/>
      </symbol>
      <symbol id="sm-495">
         <name>SysCtlClockFreqSet</name>
         <value>0x1e7d</value>
         <object_component_ref idref="oc-74"/>
      </symbol>
      <symbol id="sm-496">
         <name>SysCtlPeripheralReset</name>
         <value>0x1829</value>
         <object_component_ref idref="oc-74"/>
      </symbol>
      <symbol id="sm-4ae">
         <name>SysTickIntDisable</name>
         <value>0x44c7</value>
         <object_component_ref idref="oc-7a"/>
      </symbol>
      <symbol id="sm-4af">
         <name>SysTickEnable</name>
         <value>0x44d5</value>
         <object_component_ref idref="oc-7a"/>
      </symbol>
      <symbol id="sm-4b0">
         <name>SysTickPeriodGet</name>
         <value>0x4485</value>
         <object_component_ref idref="oc-7a"/>
      </symbol>
      <symbol id="sm-4b1">
         <name>SysTickIntRegister</name>
         <value>0x44a1</value>
         <object_component_ref idref="oc-7a"/>
      </symbol>
      <symbol id="sm-4b2">
         <name>SysTickIntEnable</name>
         <value>0x44b9</value>
         <object_component_ref idref="oc-7a"/>
      </symbol>
      <symbol id="sm-4b3">
         <name>SysTickValueGet</name>
         <value>0x4475</value>
         <object_component_ref idref="oc-7a"/>
      </symbol>
      <symbol id="sm-4b4">
         <name>SysTickIntUnregister</name>
         <value>0x448f</value>
         <object_component_ref idref="oc-7a"/>
      </symbol>
      <symbol id="sm-4b5">
         <name>SysTickPeriodSet</name>
         <value>0x447b</value>
         <object_component_ref idref="oc-7a"/>
      </symbol>
      <symbol id="sm-4b6">
         <name>SysTickDisable</name>
         <value>0x44e3</value>
         <object_component_ref idref="oc-7a"/>
      </symbol>
      <symbol id="sm-510">
         <name>UARTClockSourceGet</name>
         <value>0x3171</value>
         <object_component_ref idref="oc-86"/>
      </symbol>
      <symbol id="sm-511">
         <name>UARTCharPutNonBlocking</name>
         <value>0x3185</value>
         <object_component_ref idref="oc-86"/>
      </symbol>
      <symbol id="sm-512">
         <name>UARTDMAEnable</name>
         <value>0x30ed</value>
         <object_component_ref idref="oc-86"/>
      </symbol>
      <symbol id="sm-513">
         <name>UARTTxIntModeSet</name>
         <value>0x2f59</value>
         <object_component_ref idref="oc-86"/>
      </symbol>
      <symbol id="sm-514">
         <name>UARTFIFODisable</name>
         <value>0x3097</value>
         <object_component_ref idref="oc-86"/>
      </symbol>
      <symbol id="sm-515">
         <name>UARTIntUnregister</name>
         <value>0x3017</value>
         <object_component_ref idref="oc-86"/>
      </symbol>
      <symbol id="sm-516">
         <name>UARTModemControlSet</name>
         <value>0x2fc7</value>
         <object_component_ref idref="oc-86"/>
      </symbol>
      <symbol id="sm-517">
         <name>UARTRxErrorClear</name>
         <value>0x2fa3</value>
         <object_component_ref idref="oc-86"/>
      </symbol>
      <symbol id="sm-518">
         <name>UARTFlowControlSet</name>
         <value>0x3063</value>
         <object_component_ref idref="oc-86"/>
      </symbol>
      <symbol id="sm-519">
         <name>UARTConfigSetExpClk</name>
         <value>0x30ff</value>
         <object_component_ref idref="oc-86"/>
      </symbol>
      <symbol id="sm-51a">
         <name>UARTSmartCardDisable</name>
         <value>0x2f91</value>
         <object_component_ref idref="oc-86"/>
      </symbol>
      <symbol id="sm-51b">
         <name>UARTDisable</name>
         <value>0x30d3</value>
         <object_component_ref idref="oc-86"/>
      </symbol>
      <symbol id="sm-51c">
         <name>UART9BitDisable</name>
         <value>0x31df</value>
         <object_component_ref idref="oc-86"/>
      </symbol>
      <symbol id="sm-51d">
         <name>UARTFIFOLevelGet</name>
         <value>0x307d</value>
         <object_component_ref idref="oc-86"/>
      </symbol>
      <symbol id="sm-51e">
         <name>UARTBusy</name>
         <value>0x31b5</value>
         <object_component_ref idref="oc-86"/>
      </symbol>
      <symbol id="sm-51f">
         <name>UARTDisableSIR</name>
         <value>0x30c9</value>
         <object_component_ref idref="oc-86"/>
      </symbol>
      <symbol id="sm-520">
         <name>UARTIntEnable</name>
         <value>0x304d</value>
         <object_component_ref idref="oc-86"/>
      </symbol>
      <symbol id="sm-521">
         <name>UARTCharsAvail</name>
         <value>0x3177</value>
         <object_component_ref idref="oc-86"/>
      </symbol>
      <symbol id="sm-522">
         <name>UARTCharGetNonBlocking</name>
         <value>0x319d</value>
         <object_component_ref idref="oc-86"/>
      </symbol>
      <symbol id="sm-523">
         <name>UARTClockSourceSet</name>
         <value>0x316b</value>
         <object_component_ref idref="oc-86"/>
      </symbol>
      <symbol id="sm-524">
         <name>UARTTxIntModeGet</name>
         <value>0x2f65</value>
         <object_component_ref idref="oc-86"/>
      </symbol>
      <symbol id="sm-525">
         <name>UARTModemStatusGet</name>
         <value>0x2fbd</value>
         <object_component_ref idref="oc-86"/>
      </symbol>
      <symbol id="sm-526">
         <name>UARTIntDisable</name>
         <value>0x3055</value>
         <object_component_ref idref="oc-86"/>
      </symbol>
      <symbol id="sm-527">
         <name>UARTCharPut</name>
         <value>0x3193</value>
         <object_component_ref idref="oc-86"/>
      </symbol>
      <symbol id="sm-528">
         <name>UARTParityModeSet</name>
         <value>0x2fa9</value>
         <object_component_ref idref="oc-86"/>
      </symbol>
      <symbol id="sm-529">
         <name>UARTRxErrorGet</name>
         <value>0x2f9b</value>
         <object_component_ref idref="oc-86"/>
      </symbol>
      <symbol id="sm-52a">
         <name>UARTConfigGetExpClk</name>
         <value>0x3145</value>
         <object_component_ref idref="oc-86"/>
      </symbol>
      <symbol id="sm-52b">
         <name>UARTEnableSIR</name>
         <value>0x30a1</value>
         <object_component_ref idref="oc-86"/>
      </symbol>
      <symbol id="sm-52c">
         <name>UARTEnable</name>
         <value>0x30b5</value>
         <object_component_ref idref="oc-86"/>
      </symbol>
      <symbol id="sm-52d">
         <name>UART9BitAddrSend</name>
         <value>0x31f7</value>
         <object_component_ref idref="oc-86"/>
      </symbol>
      <symbol id="sm-52e">
         <name>UARTModemControlGet</name>
         <value>0x2fd3</value>
         <object_component_ref idref="oc-86"/>
      </symbol>
      <symbol id="sm-52f">
         <name>UARTSmartCardEnable</name>
         <value>0x2f7b</value>
         <object_component_ref idref="oc-86"/>
      </symbol>
      <symbol id="sm-530">
         <name>UARTFlowControlGet</name>
         <value>0x306f</value>
         <object_component_ref idref="oc-86"/>
      </symbol>
      <symbol id="sm-531">
         <name>UARTFIFOEnable</name>
         <value>0x308d</value>
         <object_component_ref idref="oc-86"/>
      </symbol>
      <symbol id="sm-532">
         <name>UARTIntClear</name>
         <value>0x305f</value>
         <object_component_ref idref="oc-86"/>
      </symbol>
      <symbol id="sm-533">
         <name>UARTIntStatus</name>
         <value>0x302b</value>
         <object_component_ref idref="oc-86"/>
      </symbol>
      <symbol id="sm-534">
         <name>UARTDMADisable</name>
         <value>0x30f5</value>
         <object_component_ref idref="oc-86"/>
      </symbol>
      <symbol id="sm-535">
         <name>UART9BitEnable</name>
         <value>0x31d1</value>
         <object_component_ref idref="oc-86"/>
      </symbol>
      <symbol id="sm-536">
         <name>UARTSpaceAvail</name>
         <value>0x2f6d</value>
         <object_component_ref idref="oc-86"/>
      </symbol>
      <symbol id="sm-537">
         <name>UARTCharGet</name>
         <value>0x31ab</value>
         <object_component_ref idref="oc-86"/>
      </symbol>
      <symbol id="sm-538">
         <name>UARTFIFOLevelSet</name>
         <value>0x3077</value>
         <object_component_ref idref="oc-86"/>
      </symbol>
      <symbol id="sm-539">
         <name>UARTModemControlClear</name>
         <value>0x2fdb</value>
         <object_component_ref idref="oc-86"/>
      </symbol>
      <symbol id="sm-53a">
         <name>UARTParityModeGet</name>
         <value>0x2fb5</value>
         <object_component_ref idref="oc-86"/>
      </symbol>
      <symbol id="sm-53b">
         <name>UARTIntRegister</name>
         <value>0x3035</value>
         <object_component_ref idref="oc-86"/>
      </symbol>
      <symbol id="sm-53c">
         <name>UARTBreakCtl</name>
         <value>0x31bd</value>
         <object_component_ref idref="oc-86"/>
      </symbol>
      <symbol id="sm-53d">
         <name>UART9BitAddrSet</name>
         <value>0x31ed</value>
         <object_component_ref idref="oc-86"/>
      </symbol>
      <symbol id="sm-57b">
         <name>sprintf</name>
         <value>0x487d</value>
         <object_component_ref idref="oc-9f"/>
      </symbol>
      <symbol id="sm-596">
         <name>memcpy</name>
         <value>0x4237</value>
         <object_component_ref idref="oc-41"/>
      </symbol>
      <symbol id="sm-597">
         <name>__aeabi_memcpy</name>
         <value>0x4237</value>
         <object_component_ref idref="oc-41"/>
      </symbol>
      <symbol id="sm-598">
         <name>__aeabi_memcpy8</name>
         <value>0x4237</value>
         <object_component_ref idref="oc-41"/>
      </symbol>
      <symbol id="sm-599">
         <name>__aeabi_memcpy4</name>
         <value>0x4237</value>
         <object_component_ref idref="oc-41"/>
      </symbol>
      <symbol id="sm-5a8">
         <name>__aeabi_memset</name>
         <value>0x44f7</value>
         <object_component_ref idref="oc-e2"/>
      </symbol>
      <symbol id="sm-5a9">
         <name>memset</name>
         <value>0x44fd</value>
         <object_component_ref idref="oc-e2"/>
      </symbol>
      <symbol id="sm-5aa">
         <name>__aeabi_memset8</name>
         <value>0x44f7</value>
         <object_component_ref idref="oc-e2"/>
      </symbol>
      <symbol id="sm-5ab">
         <name>__aeabi_memset4</name>
         <value>0x44f7</value>
         <object_component_ref idref="oc-e2"/>
      </symbol>
      <symbol id="sm-5ac">
         <name>__aeabi_memclr8</name>
         <value>0x44f5</value>
         <object_component_ref idref="oc-e2"/>
      </symbol>
      <symbol id="sm-5ad">
         <name>__aeabi_memclr4</name>
         <value>0x44f5</value>
         <object_component_ref idref="oc-e2"/>
      </symbol>
      <symbol id="sm-5ae">
         <name>__aeabi_memclr</name>
         <value>0x44f5</value>
         <object_component_ref idref="oc-e2"/>
      </symbol>
      <symbol id="sm-5c1">
         <name>__TI_zero_init</name>
         <value>0x4a2b</value>
         <object_component_ref idref="oc-53"/>
      </symbol>
      <symbol id="sm-5d8">
         <name>__TI_decompress_none</name>
         <value>0x4a1d</value>
         <object_component_ref idref="oc-1b"/>
      </symbol>
      <symbol id="sm-5fb">
         <name>__TI_decompress_lzss</name>
         <value>0x45dd</value>
         <object_component_ref idref="oc-15"/>
      </symbol>
      <symbol id="sm-61c">
         <name>strtoul</name>
         <value>0x3f79</value>
         <object_component_ref idref="oc-af"/>
      </symbol>
      <symbol id="sm-62f">
         <name>__stack</name>
         <value>0x200007c8</value>
         <object_component_ref idref="oc-24"/>
      </symbol>
      <symbol id="sm-630">
         <name>_c_int00_noargs</name>
         <value>0x4931</value>
         <object_component_ref idref="oc-5f"/>
      </symbol>
      <symbol id="sm-646">
         <name>__aeabi_errno_addr</name>
         <value>0x4a4d</value>
         <object_component_ref idref="oc-170"/>
      </symbol>
      <symbol id="sm-647">
         <name>errno</name>
         <value>0x200009e4</value>
         <object_component_ref idref="oc-252"/>
      </symbol>
      <symbol id="sm-7ac">
         <name>__TI_printfi</name>
         <value>0xd11</value>
         <object_component_ref idref="oc-14c"/>
      </symbol>
      <symbol id="sm-7b6">
         <name>__aeabi_idiv0</name>
         <value>0x175f</value>
         <object_component_ref idref="oc-31e"/>
      </symbol>
      <symbol id="sm-7b7">
         <name>__aeabi_ldiv0</name>
         <value>0x175f</value>
         <object_component_ref idref="oc-31e"/>
      </symbol>
      <symbol id="sm-7ce">
         <name>__aeabi_dsub</name>
         <value>0x3919</value>
         <object_component_ref idref="oc-2a6"/>
      </symbol>
      <symbol id="sm-7cf">
         <name>__aeabi_dadd</name>
         <value>0x3923</value>
         <object_component_ref idref="oc-2a6"/>
      </symbol>
      <symbol id="sm-7f1">
         <name>__aeabi_cdcmpeq</name>
         <value>0x4369</value>
         <object_component_ref idref="oc-219"/>
      </symbol>
      <symbol id="sm-7f2">
         <name>__aeabi_cdcmple</name>
         <value>0x4369</value>
         <object_component_ref idref="oc-219"/>
      </symbol>
      <symbol id="sm-7f3">
         <name>__aeabi_cdrcmple</name>
         <value>0x43ef</value>
         <object_component_ref idref="oc-291"/>
      </symbol>
      <symbol id="sm-807">
         <name>__aeabi_ddiv</name>
         <value>0x3c0d</value>
         <object_component_ref idref="oc-28c"/>
      </symbol>
      <symbol id="sm-812">
         <name>__aeabi_dmul</name>
         <value>0x4089</value>
         <object_component_ref idref="oc-287"/>
      </symbol>
      <symbol id="sm-81c">
         <name>__aeabi_d2iz</name>
         <value>0x47f1</value>
         <object_component_ref idref="oc-296"/>
      </symbol>
      <symbol id="sm-826">
         <name>__aeabi_i2d</name>
         <value>0x4965</value>
         <object_component_ref idref="oc-2a1"/>
      </symbol>
      <symbol id="sm-833">
         <name>__aeabi_uldivmod</name>
         <value>0x42d3</value>
         <object_component_ref idref="oc-280"/>
      </symbol>
      <symbol id="sm-85b">
         <name>__TI_auto_init_nobinit_nopinit</name>
         <value>0x4839</value>
         <object_component_ref idref="oc-19c"/>
      </symbol>
      <symbol id="sm-865">
         <name>_system_pre_init</name>
         <value>0x4a5b</value>
         <object_component_ref idref="oc-e8"/>
      </symbol>
      <symbol id="sm-871">
         <name>C$$EXIT</name>
         <value>0x4a5f</value>
         <object_component_ref idref="oc-190"/>
      </symbol>
      <symbol id="sm-872">
         <name>abort</name>
         <value>0x4a5f</value>
         <object_component_ref idref="oc-190"/>
      </symbol>
      <symbol id="sm-882">
         <name>__TI_ltoa</name>
         <value>0x46ff</value>
         <object_component_ref idref="oc-29b"/>
      </symbol>
      <symbol id="sm-899">
         <name>atoi</name>
         <value>0x47a5</value>
         <object_component_ref idref="oc-20d"/>
      </symbol>
      <symbol id="sm-8a4">
         <name>_ctypes_</name>
         <value>0x4b84</value>
         <object_component_ref idref="oc-176"/>
      </symbol>
      <symbol id="sm-8b4">
         <name>memccpy</name>
         <value>0x4993</value>
         <object_component_ref idref="oc-236"/>
      </symbol>
      <symbol id="sm-8c4">
         <name>strchr</name>
         <value>0x49e1</value>
         <object_component_ref idref="oc-2d2"/>
      </symbol>
      <symbol id="sm-8d2">
         <name>strlen</name>
         <value>0x49f7</value>
         <object_component_ref idref="oc-207"/>
      </symbol>
      <symbol id="sm-8eb">
         <name>wcslen</name>
         <value>0x4a0b</value>
         <object_component_ref idref="oc-23c"/>
      </symbol>
      <symbol id="sm-90b">
         <name>frexpl</name>
         <value>0x4645</value>
         <object_component_ref idref="oc-2c6"/>
      </symbol>
      <symbol id="sm-90c">
         <name>frexp</name>
         <value>0x4645</value>
         <object_component_ref idref="oc-2c6"/>
      </symbol>
      <symbol id="sm-929">
         <name>scalbn</name>
         <value>0x3e69</value>
         <object_component_ref idref="oc-2cc"/>
      </symbol>
      <symbol id="sm-92a">
         <name>scalbnl</name>
         <value>0x3e69</value>
         <object_component_ref idref="oc-2cc"/>
      </symbol>
      <symbol id="sm-92b">
         <name>ldexpl</name>
         <value>0x3e69</value>
         <object_component_ref idref="oc-2cc"/>
      </symbol>
      <symbol id="sm-92c">
         <name>ldexp</name>
         <value>0x3e69</value>
         <object_component_ref idref="oc-2cc"/>
      </symbol>
      <symbol id="sm-936">
         <name>copysign</name>
         <value>0x49af</value>
         <object_component_ref idref="oc-337"/>
      </symbol>
      <symbol id="sm-937">
         <name>copysignl</name>
         <value>0x49af</value>
         <object_component_ref idref="oc-337"/>
      </symbol>
      <symbol id="sm-938">
         <name>__TI_static_base__</name>
         <value>0x0</value>
      </symbol>
      <symbol id="sm-93b">
         <name>__mpu_init</name>
         <value>0x0</value>
      </symbol>
      <symbol id="sm-93c">
         <name>_system_post_cinit</name>
         <value>0x0</value>
      </symbol>
      <symbol id="sm-93d">
         <name>IntPriorityMaskSet</name>
         <value>0x4921</value>
      </symbol>
      <symbol id="sm-93e">
         <name>IntPriorityMaskGet</name>
         <value>0x4927</value>
      </symbol>
      <symbol id="sm-93f">
         <name>SysCtlSleep</name>
         <value>0x48fb</value>
      </symbol>
   </symbol_table>
   <title>Link successful</title>
</link_info>
