******************************************************************************
                  TI ARM Linker Unix v20.2.7                   
******************************************************************************
>> Linked Thu Nov 14 17:12:37 2024

OUTPUT FILE NAME:   <Inkley_MasterTester.out>
ENTRY POINT SYMBOL: "_c_int00_noargs"  address: 00004931


MEMORY CONFIGURATION

         name            origin    length      used     unused   attr    fill
----------------------  --------  ---------  --------  --------  ----  --------
  FLASH                 00000000   00020000  000051b6  0001ae4a  R  X
  SRAM                  20000000   00008000  000009e8  00007618  RW X


SEGMENT ALLOCATION MAP

run origin  load origin   length   init length attrs members
----------  ----------- ---------- ----------- ----- -------
00000000    00000000    000051b8   000051b8    r-x
  00000000    00000000    0000026c   0000026c    r-- .intvecs
  0000026c    0000026c    000047f6   000047f6    r-x .text
  00004a64    00004a64    0000070c   0000070c    r-- .const
  00005170    00005170    00000048   00000048    r-- .cinit
20000000    20000000    000009e8   00000000    rw-
  20000000    20000000    0000026c   00000000    rw- .vtable
  2000026c    2000026c    0000055c   00000000    rw- .bss
  200007c8    200007c8    00000200   00000000    rw- .stack
  200009c8    200009c8    00000020   00000000    rw- .data


SECTION ALLOCATION MAP

 output                                  attributes/
section   page    origin      length       input sections
--------  ----  ----------  ----------   ----------------
.intvecs   0    00000000    0000026c     
                  00000000    0000026c     tm4c123ge6pm_startup_ccs.obj (.intvecs)

.text      0    0000026c    000047f6     
                  0000026c    00000aa4     main.obj (.text)
                  00000d10    00000a4e     rtsv7M4_T_le_v4SPD16_eabi.lib : _printfi.c.obj (.text:__TI_printfi)
                  0000175e    00000002                                   : div0.asm.obj (.text)
                  00001760    00000950     sysctl.obj (.text)
                  000020b0    00000670     gpio.obj (.text)
                  00002720    0000053c     can.obj (.text)
                  00002c5c    000002fc     i2c.obj (.text)
                  00002f58    000002dc     uart.obj (.text)
                  00003234    000002a4     interrupt.obj (.text)
                  000034d8    00000270     rtsv7M4_T_le_v4SPD16_eabi.lib : _printfi.c.obj (.text:_pconv_a)
                  00003748    000001d0                                   : _printfi.c.obj (.text:_pconv_g)
                  00003918    000001b6                                   : fd_add_t2.asm.obj (.text)
                  00003ace    00000002     --HOLE-- [fill = 0]
                  00003ad0    0000013c                                   : _printfi.c.obj (.text:_pconv_e)
                  00003c0c    00000136                                   : fd_div_t2.asm.obj (.text)
                  00003d42    00000002     --HOLE-- [fill = 0]
                  00003d44    00000124                                   : _printfi.c.obj (.text:fcvt)
                  00003e68    00000110                                   : s_scalbn.c.obj (.text:scalbn)
                  00003f78    00000110                                   : strtoul.c.obj (.text:strtoul)
                  00004088    000000fc                                   : fd_mul_t2.asm.obj (.text)
                  00004184    000000b1                                   : _printfi.c.obj (.text:_ltostr)
                  00004235    00000001     --HOLE-- [fill = 0]
                  00004236    0000009c                                   : memcpy_t2.asm.obj (.text)
                  000042d2    00000096                                   : ull_div_t2.asm.obj (.text)
                  00004368    00000086                                   : fd_cmp_t2.asm.obj (.text:__aeabi_cdcmple)
                  000043ee    00000086                                   : fd_cmp_t2.asm.obj (.text:__aeabi_cdrcmple)
                  00004474    00000080     systick.obj (.text)
                  000044f4    0000007a     rtsv7M4_T_le_v4SPD16_eabi.lib : memset_t2.asm.obj (.text)
                  0000456e    0000006e                                   : _printfi.c.obj (.text:_mcpy)
                  000045dc    00000068                                   : copy_decompress_lzss.c.obj (.text:decompress:lzss:__TI_decompress_lzss)
                  00004644    00000064                                   : s_frexp.c.obj (.text:frexp)
                  000046a8    00000056                                   : _printfi.c.obj (.text:_pconv_f)
                  000046fe    00000054                                   : _ltoa.c.obj (.text:__TI_ltoa)
                  00004752    00000052                                   : _printfi.c.obj (.text:_ecpy)
                  000047a4    0000004c                                   : atoi.c.obj (.text:atoi)
                  000047f0    00000048                                   : fd_toi_t2.asm.obj (.text)
                  00004838    00000044                                   : autoinit.c.obj (.text:__TI_auto_init_nobinit_nopinit:__TI_auto_init_nobinit_nopinit)
                  0000487c    00000040                                   : sprintf.c.obj (.text:sprintf)
                  000048bc    0000003e                                   : _printfi.c.obj (.text:_fcpy)
                  000048fa    00000036     cpu.obj (.text)
                  00004930    00000034     rtsv7M4_T_le_v4SPD16_eabi.lib : boot_cortex_m.c.obj (.text:_c_int00_noargs:_c_int00_noargs)
                  00004964    0000002e                                   : i_tofd_t2.asm.obj (.text)
                  00004992    0000001c                                   : memccpy.c.obj (.text:memccpy)
                  000049ae    0000001a                                   : s_copysign.c.obj (.text:copysign)
                  000049c8    00000018                                   : sprintf.c.obj (.text:_outs)
                  000049e0    00000016                                   : strchr.c.obj (.text:strchr)
                  000049f6    00000014                                   : strlen.c.obj (.text:strlen)
                  00004a0a    00000012                                   : wcslen.c.obj (.text:wcslen)
                  00004a1c    0000000e                                   : copy_decompress_none.c.obj (.text:decompress:none:__TI_decompress_none)
                  00004a2a    0000000c                                   : copy_zero_init.c.obj (.text:decompress:ZI:__TI_zero_init)
                  00004a36    0000000c     tm4c123ge6pm_startup_ccs.obj (.text)
                  00004a42    0000000a     rtsv7M4_T_le_v4SPD16_eabi.lib : sprintf.c.obj (.text:_outc)
                  00004a4c    00000008                                   : errno.c.obj (.text:__aeabi_errno_addr)
                  00004a54    00000006     sysctl.obj (.text:SysCtlDelay)
                  00004a5a    00000004     rtsv7M4_T_le_v4SPD16_eabi.lib : pre_init.c.obj (.text:_system_pre_init)
                  00004a5e    00000004                                   : exit.c.obj (.text:abort:abort)

.const     0    00004a64    0000070c     
                  00004a64    00000120     sysctl.obj (.const:g_pppui32XTALtoVCO)
                  00004b84    00000101     rtsv7M4_T_le_v4SPD16_eabi.lib : ctype.c.obj (.const:.string:_ctypes_)
                  00004c85    00000003     --HOLE-- [fill = 0]
                  00004c88    000000c0     gpio.obj (.const:g_ppui32GPIOIntMapBlizzard)
                  00004d48    000000c0     gpio.obj (.const:g_ppui32GPIOIntMapSnowflake)
                  00004e08    0000009c     interrupt.obj (.const:g_pui32Regs)
                  00004ea4    00000090     gpio.obj (.const:g_pui32GPIOBaseAddrs)
                  00004f34    0000006c     sysctl.obj (.const:g_pui32Xtals)
                  00004fa0    00000050     i2c.obj (.const:g_ppui32I2CIntMapSnowflake)
                  00004ff0    00000040     uart.obj (.const:g_ppui32UARTIntMap)
                  00005030    00000040     uart.obj (.const:g_ppui32UARTIntMapSnowflake)
                  00005070    00000038     sysctl.obj (.const:g_sXTALtoMEMTIM)
                  000050a8    00000030     i2c.obj (.const:g_ppui32I2CIntMap)
                  000050d8    00000020     interrupt.obj (.const:g_pui32Priority)
                  000050f8    00000020     can.obj (.const:g_ui16CANBitValues)
                  00005118    00000014     interrupt.obj (.const:g_pui32Dii16Regs)
                  0000512c    00000014     interrupt.obj (.const:g_pui32EnRegs)
                  00005140    00000014     interrupt.obj (.const:g_pui32PendRegs)
                  00005154    00000014     interrupt.obj (.const:g_pui32UnpendRegs)
                  00005168    00000008     sysctl.obj (.const:g_pui32VCOFrequencies)

.cinit     0    00005170    00000048     
                  00005170    00000011     (.cinit..data.load) [load image, compression = lzss]
                  00005181    00000003     --HOLE-- [fill = 0]
                  00005184    0000000c     (__TI_handler_table)
                  00005190    00000008     (.cinit..bss.load) [load image, compression = zero_init]
                  00005198    00000008     (.cinit..vtable.load) [load image, compression = zero_init]
                  000051a0    00000018     (__TI_cinit_table)

.init_array 
*          0    00000000    00000000     UNINITIALIZED

.vtable    0    20000000    0000026c     UNINITIALIZED
                  20000000    0000026c     interrupt.obj (.vtable)

.bss       0    2000026c    0000055c     UNINITIALIZED
                  2000026c    00000400     (.common:RcvString)
                  2000066c    00000100     (.common:PrintMsg)
                  2000076c    00000050     main.obj (.bss:CAN_MODULES)
                  200007bc    0000000c     (.common:CAN_RECV)

.data      0    200009c8    00000020     UNINITIALIZED
                  200009c8    00000019     main.obj (.data)
                  200009e1    00000003     --HOLE--
                  200009e4    00000004     rtsv7M4_T_le_v4SPD16_eabi.lib : errno.c.obj (.data)

.stack     0    200007c8    00000200     UNINITIALIZED
                  200007c8    00000004     rtsv7M4_T_le_v4SPD16_eabi.lib : boot_cortex_m.c.obj (.stack)
                  200007cc    000001fc     --HOLE--

__llvm_prf_cnts 
*          0    20000000    00000000     UNINITIALIZED

MODULE SUMMARY

       Module                         code    ro data   rw data
       ------                         ----    -------   -------
    ./
       main.obj                       2724    0         1397   
       tm4c123ge6pm_startup_ccs.obj   12      620       0      
    +--+------------------------------+-------+---------+---------+
       Total:                         2736    620       1397   
                                                               
    ./driverlib/
       sysctl.obj                     2390    460       0      
       gpio.obj                       1648    528       0      
       interrupt.obj                  676     268       620    
       can.obj                        1340    32        0      
       i2c.obj                        764     128       0      
       uart.obj                       732     128       0      
       systick.obj                    128     0         0      
       cpu.obj                        54      0         0      
    +--+------------------------------+-------+---------+---------+
       Total:                         7732    1544      620    
                                                               
    /Applications/ti/ccs1240/ccs/tools/compiler/ti-cgt-arm_20.2.7.LTS/lib/rtsv7M4_T_le_v4SPD16_eabi.lib
       _printfi.c.obj                 4851    0         0      
       fd_add_t2.asm.obj              438     0         0      
       fd_div_t2.asm.obj              310     0         0      
       s_scalbn.c.obj                 272     0         0      
       strtoul.c.obj                  272     0         0      
       fd_cmp_t2.asm.obj              268     0         0      
       ctype.c.obj                    0       257       0      
       fd_mul_t2.asm.obj              252     0         0      
       memcpy_t2.asm.obj              156     0         0      
       ull_div_t2.asm.obj             150     0         0      
       memset_t2.asm.obj              122     0         0      
       copy_decompress_lzss.c.obj     104     0         0      
       s_frexp.c.obj                  100     0         0      
       sprintf.c.obj                  98      0         0      
       _ltoa.c.obj                    84      0         0      
       atoi.c.obj                     76      0         0      
       fd_toi_t2.asm.obj              72      0         0      
       autoinit.c.obj                 68      0         0      
       boot_cortex_m.c.obj            52      0         0      
       i_tofd_t2.asm.obj              46      0         0      
       memccpy.c.obj                  28      0         0      
       s_copysign.c.obj               26      0         0      
       strchr.c.obj                   22      0         0      
       strlen.c.obj                   20      0         0      
       wcslen.c.obj                   18      0         0      
       copy_decompress_none.c.obj     14      0         0      
       copy_zero_init.c.obj           12      0         0      
       errno.c.obj                    8       0         4      
       exit.c.obj                     4       0         0      
       pre_init.c.obj                 4       0         0      
       div0.asm.obj                   2       0         0      
    +--+------------------------------+-------+---------+---------+
       Total:                         7949    257       4      
                                                               
       Stack:                         0       0         512    
       Linker Generated:              0       69        0      
    +--+------------------------------+-------+---------+---------+
       Grand Total:                   18417   2490      2533   


LINKER GENERATED COPY TABLES

__TI_cinit_table @ 000051a0 records: 3, size/record: 8, table size: 24
	.data: load addr=00005170, load size=00000011 bytes, run addr=200009c8, run size=00000020 bytes, compression=lzss
	.bss: load addr=00005190, load size=00000008 bytes, run addr=2000026c, run size=0000055c bytes, compression=zero_init
	.vtable: load addr=00005198, load size=00000008 bytes, run addr=20000000, run size=0000026c bytes, compression=zero_init


LINKER GENERATED HANDLER TABLE

__TI_handler_table @ 00005184 records: 3, size/record: 4, table size: 12
	index: 0, handler: __TI_zero_init
	index: 1, handler: __TI_decompress_lzss
	index: 2, handler: __TI_decompress_none


GLOBAL SYMBOLS: SORTED ALPHABETICALLY BY Name 

address   name                            
-------   ----                            
00004a5f  C$$EXIT                         
00002bd9  CANBitRateSet                   
00002ba9  CANBitTimingGet                 
00002b57  CANBitTimingSet                 
00002b4d  CANDisable                      
00002b43  CANEnable                       
00002b2d  CANErrCntrGet                   
00002af3  CANInit                         
00002ad1  CANIntClear                     
00002ac7  CANIntDisable                   
00002abf  CANIntEnable                    
00002aa7  CANIntRegister                  
00002a87  CANIntStatus                    
00002a73  CANIntUnregister                
200009c8  CANLastDetected                 
0000032d  CANListnerEX                    
00002a19  CANMessageClear                 
00002903  CANMessageGet                   
000027a5  CANMessageSet                   
00000aa7  CANPollCheck                    
00002773  CANRetryGet                     
00002761  CANRetrySet                     
00000a53  CANSendINT                      
000004ad  CANSendMSG                      
00002721  CANStatusGet                    
200007bc  CAN_RECV                        
00004927  CPUbasepriGet                   
00004921  CPUbasepriSet                   
00004915  CPUcpsid                        
00004909  CPUcpsie                        
000048ff  CPUprimask                      
000048fb  CPUwfi                          
00000315  DelayMS                         
000026fb  GPIOADCTriggerDisable           
000026ef  GPIOADCTriggerEnable            
000026e1  GPIODMATriggerDisable           
000026d5  GPIODMATriggerEnable            
000026af  GPIODirModeGet                  
000020bd  GPIODirModeSet                  
000026a9  GPIOIntClear                    
0000269b  GPIOIntDisable                  
0000268f  GPIOIntEnable                   
00002677  GPIOIntRegister                 
00002669  GPIOIntStatus                   
00002627  GPIOIntTypeGet                  
000025cf  GPIOIntTypeSet                  
000025bb  GPIOIntUnregister               
000024eb  GPIOPadConfigGet                
000020e9  GPIOPadConfigSet                
000024a7  GPIOPinConfigure                
000024a1  GPIOPinRead                     
0000248b  GPIOPinTypeADC                  
00002475  GPIOPinTypeCAN                  
0000245f  GPIOPinTypeCIR                  
00002449  GPIOPinTypeComparator           
00002433  GPIOPinTypeEPI                  
0000241d  GPIOPinTypeEthernetLED          
00002407  GPIOPinTypeEthernetMII          
000023f1  GPIOPinTypeFan                  
000023db  GPIOPinTypeGPIOInput            
000023c3  GPIOPinTypeGPIOOutput           
000023ab  GPIOPinTypeGPIOOutputOD         
00002395  GPIOPinTypeI2C                  
0000237f  GPIOPinTypeI2CSCL               
00002369  GPIOPinTypeKBColumn             
00002353  GPIOPinTypeKBRow                
0000233d  GPIOPinTypeLCD                  
00002327  GPIOPinTypeLEDSeq               
00002311  GPIOPinTypeLPC                  
000022fb  GPIOPinTypePECIRx               
000022e5  GPIOPinTypePECITx               
000022cf  GPIOPinTypePWM                  
000022b9  GPIOPinTypeQEI                  
000022a3  GPIOPinTypeSSI                  
0000228d  GPIOPinTypeTimer                
00002277  GPIOPinTypeUART                 
00002261  GPIOPinTypeUSBAnalog            
0000224b  GPIOPinTypeUSBDigital           
00002233  GPIOPinTypeWakeHigh             
0000221b  GPIOPinTypeWakeLow              
000020b7  GPIOPinWakeStatus               
000020b1  GPIOPinWrite                    
00000a4d  I2C0SlaveIntHandler             
00002f2b  I2CFIFODataGet                  
00002f15  I2CFIFODataGetNonBlocking       
00002f07  I2CFIFODataPut                  
00002ef5  I2CFIFODataPutNonBlocking       
00002eef  I2CFIFOStatus                   
00002ed7  I2CIntRegister                  
00002ec3  I2CIntUnregister                
00002e93  I2CMasterBurstCountGet          
00002e8f  I2CMasterBurstLengthSet         
00002e87  I2CMasterBusBusy                
00002e7f  I2CMasterBusy                   
00002e7b  I2CMasterControl                
00002e77  I2CMasterDataGet                
00002e73  I2CMasterDataPut                
00002e69  I2CMasterDisable                
00002e03  I2CMasterEnable                 
00002e53  I2CMasterErr                    
00002e4b  I2CMasterGlitchFilterConfigSet  
00002e0d  I2CMasterInitExpClk             
00002dfb  I2CMasterIntClear               
00002df7  I2CMasterIntClearEx             
00002df1  I2CMasterIntDisable             
00002de7  I2CMasterIntDisableEx           
00002de1  I2CMasterIntEnable              
00002dd9  I2CMasterIntEnableEx            
00002dc7  I2CMasterIntStatus              
00002dbd  I2CMasterIntStatusEx            
00002db9  I2CMasterLineStateGet           
00002db1  I2CMasterSlaveAddrSet           
00002dad  I2CMasterTimeoutSet             
00002d95  I2CRxFIFOConfigSet              
00002d87  I2CRxFIFOFlush                  
00002d6d  I2CSlaveACKOverride             
00002d53  I2CSlaveACKValueSet             
00002d3d  I2CSlaveAddressSet              
00002d37  I2CSlaveDataGet                 
00002d31  I2CSlaveDataPut                 
00002d21  I2CSlaveDisable                 
00002cf1  I2CSlaveEnable                  
00002d19  I2CSlaveFIFODisable             
00002d0f  I2CSlaveFIFOEnable              
00002d01  I2CSlaveInit                    
00002ce9  I2CSlaveIntClear                
00002ce3  I2CSlaveIntClearEx              
00002cd5  I2CSlaveIntDisable              
00002cc7  I2CSlaveIntDisableEx            
00002cb9  I2CSlaveIntEnable               
00002cad  I2CSlaveIntEnableEx             
00002c97  I2CSlaveIntStatus               
00002c89  I2CSlaveIntStatusEx             
00002c83  I2CSlaveStatus                  
00002c6b  I2CTxFIFOConfigSet              
00002c5d  I2CTxFIFOFlush                  
200009d8  I2C_RcvCommand                  
200009dc  I2C_RcvCommandParam             
200009e0  I2C_RcvNewCommand               
000009a9  I2C_SendData                    
200009d4  I2C_TimeOutClock                
00000359  Init_CAN                        
000002c3  Init_I2C                        
0000026d  Init_Systick                    
00000289  Init_UART                       
00000551  IntCAN0Handler                  
00003443  IntDisable                      
000033e7  IntEnable                       
0000338f  IntIsEnabled                    
0000337f  IntMasterDisable                
0000336f  IntMasterEnable                 
00003331  IntPendClear                    
000032e5  IntPendSet                      
000032cb  IntPriorityGet                  
000032a5  IntPriorityGroupingGet          
00003293  IntPriorityGroupingSet          
00004927  IntPriorityMaskGet              
00004921  IntPriorityMaskSet              
00003273  IntPrioritySet                  
00003249  IntRegister                     
00003241  IntTrigger                      
00003237  IntUnregister                   
2000066c  PrintMsg                        
2000026c  RcvString                       
00004a37  ResetISR                        
000003d9  SendMenu                        
00002077  SysCtlADCSpeedGet               
0000205d  SysCtlADCSpeedSet               
00002057  SysCtlAltClkConfig              
00001e7d  SysCtlClockFreqSet              
00001d55  SysCtlClockGet                  
00001d35  SysCtlClockOutConfig            
00001c49  SysCtlClockSet                  
00001c1d  SysCtlDeepSleep                 
00001ba5  SysCtlDeepSleepClockConfigSet   
00001b6b  SysCtlDeepSleepClockSet         
00004a55  SysCtlDelay                     
00001b43  SysCtlFlashSectorSizeGet        
00001b21  SysCtlFlashSizeGet              
00001b05  SysCtlGPIOAHBDisable            
00001aef  SysCtlGPIOAHBEnable             
00001ae7  SysCtlIntClear                  
00001ad9  SysCtlIntDisable                
00001acd  SysCtlIntEnable                 
00001abb  SysCtlIntRegister               
00001aad  SysCtlIntStatus                 
00001a9d  SysCtlIntUnregister             
00001a95  SysCtlMOSCConfigSet             
00001a87  SysCtlNMIClear                  
00001a7f  SysCtlNMIStatus                 
00001a47  SysCtlPIOSCCalibrate            
00001a35  SysCtlPWMClockGet               
00001a27  SysCtlPWMClockSet               
000019ed  SysCtlPeripheralClockGating     
000019bf  SysCtlPeripheralDeepSleepDisable
00001991  SysCtlPeripheralDeepSleepEnable 
00001963  SysCtlPeripheralDisable         
00001935  SysCtlPeripheralEnable          
00001907  SysCtlPeripheralPowerOff        
000018d9  SysCtlPeripheralPowerOn         
000018a7  SysCtlPeripheralPresent         
00001875  SysCtlPeripheralReady           
00001829  SysCtlPeripheralReset           
000017fb  SysCtlPeripheralSleepDisable    
000017cd  SysCtlPeripheralSleepEnable     
000017c5  SysCtlReset                     
000017bf  SysCtlResetBehaviorGet          
000017b9  SysCtlResetBehaviorSet          
000017ab  SysCtlResetCauseClear           
000017a3  SysCtlResetCauseGet             
00001795  SysCtlSRAMSizeGet               
000048fb  SysCtlSleep                     
00001787  SysCtlUSBPLLDisable             
00001779  SysCtlUSBPLLEnable              
0000176f  SysCtlVoltageEventClear         
00001767  SysCtlVoltageEventConfig        
00001761  SysCtlVoltageEventStatus        
000044e3  SysTickDisable                  
000044d5  SysTickEnable                   
000044c7  SysTickIntDisable               
000044b9  SysTickIntEnable                
000009a7  SysTickIntHandler               
000044a1  SysTickIntRegister              
0000448f  SysTickIntUnregister            
00004485  SysTickPeriodGet                
0000447b  SysTickPeriodSet                
00004475  SysTickValueGet                 
200009cc  SystemClockSpeed                
200009d0  TimeOutClock                    
000031f7  UART9BitAddrSend                
000031ed  UART9BitAddrSet                 
000031df  UART9BitDisable                 
000031d1  UART9BitEnable                  
000031bd  UARTBreakCtl                    
000031b5  UARTBusy                        
000031ab  UARTCharGet                     
0000319d  UARTCharGetNonBlocking          
00003193  UARTCharPut                     
00003185  UARTCharPutNonBlocking          
00003177  UARTCharsAvail                  
00000501  UARTClearScreen                 
00003171  UARTClockSourceGet              
0000316b  UARTClockSourceSet              
00003145  UARTConfigGetExpClk             
000030ff  UARTConfigSetExpClk             
000030f5  UARTDMADisable                  
000030ed  UARTDMAEnable                   
000030d3  UARTDisable                     
000030c9  UARTDisableSIR                  
000030b5  UARTEnable                      
000030a1  UARTEnableSIR                   
00003097  UARTFIFODisable                 
0000308d  UARTFIFOEnable                  
0000307d  UARTFIFOLevelGet                
00003077  UARTFIFOLevelSet                
0000306f  UARTFlowControlGet              
00003063  UARTFlowControlSet              
00000463  UARTHasData                     
0000305f  UARTIntClear                    
00003055  UARTIntDisable                  
0000304d  UARTIntEnable                   
00003035  UARTIntRegister                 
0000302b  UARTIntStatus                   
00003017  UARTIntUnregister               
00002fdb  UARTModemControlClear           
00002fd3  UARTModemControlGet             
00002fc7  UARTModemControlSet             
00002fbd  UARTModemStatusGet              
00002fb5  UARTParityModeGet               
00002fa9  UARTParityModeSet               
00002fa3  UARTRxErrorClear                
00002f9b  UARTRxErrorGet                  
00002f91  UARTSmartCardDisable            
00002f7b  UARTSmartCardEnable             
00002f6d  UARTSpaceAvail                  
00000469  UARTStrGet                      
000003bd  UARTStrPut                      
00002f65  UARTTxIntModeGet                
00002f59  UARTTxIntModeSet                
200009c8  __STACK_END                     
00000200  __STACK_SIZE                    
20000fc8  __STACK_TOP                     
000051a0  __TI_CINIT_Base                 
000051b8  __TI_CINIT_Limit                
00005184  __TI_Handler_Table_Base         
00005190  __TI_Handler_Table_Limit        
00004839  __TI_auto_init_nobinit_nopinit  
000045dd  __TI_decompress_lzss            
00004a1d  __TI_decompress_none            
000046ff  __TI_ltoa                       
ffffffff  __TI_pprof_out_hndl             
00000d11  __TI_printfi                    
ffffffff  __TI_prof_data_size             
ffffffff  __TI_prof_data_start            
00000000  __TI_static_base__              
00004a2b  __TI_zero_init                  
00004369  __aeabi_cdcmpeq                 
00004369  __aeabi_cdcmple                 
000043ef  __aeabi_cdrcmple                
000047f1  __aeabi_d2iz                    
00003923  __aeabi_dadd                    
00003c0d  __aeabi_ddiv                    
00004089  __aeabi_dmul                    
00003919  __aeabi_dsub                    
00004a4d  __aeabi_errno_addr              
00004965  __aeabi_i2d                     
0000175f  __aeabi_idiv0                   
0000175f  __aeabi_ldiv0                   
000044f5  __aeabi_memclr                  
000044f5  __aeabi_memclr4                 
000044f5  __aeabi_memclr8                 
00004237  __aeabi_memcpy                  
00004237  __aeabi_memcpy4                 
00004237  __aeabi_memcpy8                 
000044f7  __aeabi_memset                  
000044f7  __aeabi_memset4                 
000044f7  __aeabi_memset8                 
000042d3  __aeabi_uldivmod                
ffffffff  __binit__                       
ffffffff  __c_args__                      
UNDEFED   __mpu_init                      
200007c8  __stack                         
20000000  __start___llvm_prf_cnts         
20000000  __stop___llvm_prf_cnts          
00004931  _c_int00_noargs                 
00004b84  _ctypes_                        
UNDEFED   _system_post_cinit              
00004a5b  _system_pre_init                
00004a5f  abort                           
000047a5  atoi                            
ffffffff  binit                           
00000525  bit_check                       
00000621  bit_clear                       
0000052d  bit_set                         
0000099d  bit_toogle                      
000049af  copysign                        
000049af  copysignl                       
200009e4  errno                           
00004645  frexp                           
00004645  frexpl                          
20000000  g_pfnRAMVectors                 
00000000  g_pfnVectors                    
00003e69  ldexp                           
00003e69  ldexpl                          
000007b5  main                            
00004993  memccpy                         
00004237  memcpy                          
000044fd  memset                          
00003e69  scalbn                          
00003e69  scalbnl                         
0000487d  sprintf                         
000049e1  strchr                          
000049f7  strlen                          
00003f79  strtoul                         
00004a0b  wcslen                          


GLOBAL SYMBOLS: SORTED BY Symbol Address 

address   name                            
-------   ----                            
00000000  __TI_static_base__              
00000000  g_pfnVectors                    
00000200  __STACK_SIZE                    
0000026d  Init_Systick                    
00000289  Init_UART                       
000002c3  Init_I2C                        
00000315  DelayMS                         
0000032d  CANListnerEX                    
00000359  Init_CAN                        
000003bd  UARTStrPut                      
000003d9  SendMenu                        
00000463  UARTHasData                     
00000469  UARTStrGet                      
000004ad  CANSendMSG                      
00000501  UARTClearScreen                 
00000525  bit_check                       
0000052d  bit_set                         
00000551  IntCAN0Handler                  
00000621  bit_clear                       
000007b5  main                            
0000099d  bit_toogle                      
000009a7  SysTickIntHandler               
000009a9  I2C_SendData                    
00000a4d  I2C0SlaveIntHandler             
00000a53  CANSendINT                      
00000aa7  CANPollCheck                    
00000d11  __TI_printfi                    
0000175f  __aeabi_idiv0                   
0000175f  __aeabi_ldiv0                   
00001761  SysCtlVoltageEventStatus        
00001767  SysCtlVoltageEventConfig        
0000176f  SysCtlVoltageEventClear         
00001779  SysCtlUSBPLLEnable              
00001787  SysCtlUSBPLLDisable             
00001795  SysCtlSRAMSizeGet               
000017a3  SysCtlResetCauseGet             
000017ab  SysCtlResetCauseClear           
000017b9  SysCtlResetBehaviorSet          
000017bf  SysCtlResetBehaviorGet          
000017c5  SysCtlReset                     
000017cd  SysCtlPeripheralSleepEnable     
000017fb  SysCtlPeripheralSleepDisable    
00001829  SysCtlPeripheralReset           
00001875  SysCtlPeripheralReady           
000018a7  SysCtlPeripheralPresent         
000018d9  SysCtlPeripheralPowerOn         
00001907  SysCtlPeripheralPowerOff        
00001935  SysCtlPeripheralEnable          
00001963  SysCtlPeripheralDisable         
00001991  SysCtlPeripheralDeepSleepEnable 
000019bf  SysCtlPeripheralDeepSleepDisable
000019ed  SysCtlPeripheralClockGating     
00001a27  SysCtlPWMClockSet               
00001a35  SysCtlPWMClockGet               
00001a47  SysCtlPIOSCCalibrate            
00001a7f  SysCtlNMIStatus                 
00001a87  SysCtlNMIClear                  
00001a95  SysCtlMOSCConfigSet             
00001a9d  SysCtlIntUnregister             
00001aad  SysCtlIntStatus                 
00001abb  SysCtlIntRegister               
00001acd  SysCtlIntEnable                 
00001ad9  SysCtlIntDisable                
00001ae7  SysCtlIntClear                  
00001aef  SysCtlGPIOAHBEnable             
00001b05  SysCtlGPIOAHBDisable            
00001b21  SysCtlFlashSizeGet              
00001b43  SysCtlFlashSectorSizeGet        
00001b6b  SysCtlDeepSleepClockSet         
00001ba5  SysCtlDeepSleepClockConfigSet   
00001c1d  SysCtlDeepSleep                 
00001c49  SysCtlClockSet                  
00001d35  SysCtlClockOutConfig            
00001d55  SysCtlClockGet                  
00001e7d  SysCtlClockFreqSet              
00002057  SysCtlAltClkConfig              
0000205d  SysCtlADCSpeedSet               
00002077  SysCtlADCSpeedGet               
000020b1  GPIOPinWrite                    
000020b7  GPIOPinWakeStatus               
000020bd  GPIODirModeSet                  
000020e9  GPIOPadConfigSet                
0000221b  GPIOPinTypeWakeLow              
00002233  GPIOPinTypeWakeHigh             
0000224b  GPIOPinTypeUSBDigital           
00002261  GPIOPinTypeUSBAnalog            
00002277  GPIOPinTypeUART                 
0000228d  GPIOPinTypeTimer                
000022a3  GPIOPinTypeSSI                  
000022b9  GPIOPinTypeQEI                  
000022cf  GPIOPinTypePWM                  
000022e5  GPIOPinTypePECITx               
000022fb  GPIOPinTypePECIRx               
00002311  GPIOPinTypeLPC                  
00002327  GPIOPinTypeLEDSeq               
0000233d  GPIOPinTypeLCD                  
00002353  GPIOPinTypeKBRow                
00002369  GPIOPinTypeKBColumn             
0000237f  GPIOPinTypeI2CSCL               
00002395  GPIOPinTypeI2C                  
000023ab  GPIOPinTypeGPIOOutputOD         
000023c3  GPIOPinTypeGPIOOutput           
000023db  GPIOPinTypeGPIOInput            
000023f1  GPIOPinTypeFan                  
00002407  GPIOPinTypeEthernetMII          
0000241d  GPIOPinTypeEthernetLED          
00002433  GPIOPinTypeEPI                  
00002449  GPIOPinTypeComparator           
0000245f  GPIOPinTypeCIR                  
00002475  GPIOPinTypeCAN                  
0000248b  GPIOPinTypeADC                  
000024a1  GPIOPinRead                     
000024a7  GPIOPinConfigure                
000024eb  GPIOPadConfigGet                
000025bb  GPIOIntUnregister               
000025cf  GPIOIntTypeSet                  
00002627  GPIOIntTypeGet                  
00002669  GPIOIntStatus                   
00002677  GPIOIntRegister                 
0000268f  GPIOIntEnable                   
0000269b  GPIOIntDisable                  
000026a9  GPIOIntClear                    
000026af  GPIODirModeGet                  
000026d5  GPIODMATriggerEnable            
000026e1  GPIODMATriggerDisable           
000026ef  GPIOADCTriggerEnable            
000026fb  GPIOADCTriggerDisable           
00002721  CANStatusGet                    
00002761  CANRetrySet                     
00002773  CANRetryGet                     
000027a5  CANMessageSet                   
00002903  CANMessageGet                   
00002a19  CANMessageClear                 
00002a73  CANIntUnregister                
00002a87  CANIntStatus                    
00002aa7  CANIntRegister                  
00002abf  CANIntEnable                    
00002ac7  CANIntDisable                   
00002ad1  CANIntClear                     
00002af3  CANInit                         
00002b2d  CANErrCntrGet                   
00002b43  CANEnable                       
00002b4d  CANDisable                      
00002b57  CANBitTimingSet                 
00002ba9  CANBitTimingGet                 
00002bd9  CANBitRateSet                   
00002c5d  I2CTxFIFOFlush                  
00002c6b  I2CTxFIFOConfigSet              
00002c83  I2CSlaveStatus                  
00002c89  I2CSlaveIntStatusEx             
00002c97  I2CSlaveIntStatus               
00002cad  I2CSlaveIntEnableEx             
00002cb9  I2CSlaveIntEnable               
00002cc7  I2CSlaveIntDisableEx            
00002cd5  I2CSlaveIntDisable              
00002ce3  I2CSlaveIntClearEx              
00002ce9  I2CSlaveIntClear                
00002cf1  I2CSlaveEnable                  
00002d01  I2CSlaveInit                    
00002d0f  I2CSlaveFIFOEnable              
00002d19  I2CSlaveFIFODisable             
00002d21  I2CSlaveDisable                 
00002d31  I2CSlaveDataPut                 
00002d37  I2CSlaveDataGet                 
00002d3d  I2CSlaveAddressSet              
00002d53  I2CSlaveACKValueSet             
00002d6d  I2CSlaveACKOverride             
00002d87  I2CRxFIFOFlush                  
00002d95  I2CRxFIFOConfigSet              
00002dad  I2CMasterTimeoutSet             
00002db1  I2CMasterSlaveAddrSet           
00002db9  I2CMasterLineStateGet           
00002dbd  I2CMasterIntStatusEx            
00002dc7  I2CMasterIntStatus              
00002dd9  I2CMasterIntEnableEx            
00002de1  I2CMasterIntEnable              
00002de7  I2CMasterIntDisableEx           
00002df1  I2CMasterIntDisable             
00002df7  I2CMasterIntClearEx             
00002dfb  I2CMasterIntClear               
00002e03  I2CMasterEnable                 
00002e0d  I2CMasterInitExpClk             
00002e4b  I2CMasterGlitchFilterConfigSet  
00002e53  I2CMasterErr                    
00002e69  I2CMasterDisable                
00002e73  I2CMasterDataPut                
00002e77  I2CMasterDataGet                
00002e7b  I2CMasterControl                
00002e7f  I2CMasterBusy                   
00002e87  I2CMasterBusBusy                
00002e8f  I2CMasterBurstLengthSet         
00002e93  I2CMasterBurstCountGet          
00002ec3  I2CIntUnregister                
00002ed7  I2CIntRegister                  
00002eef  I2CFIFOStatus                   
00002ef5  I2CFIFODataPutNonBlocking       
00002f07  I2CFIFODataPut                  
00002f15  I2CFIFODataGetNonBlocking       
00002f2b  I2CFIFODataGet                  
00002f59  UARTTxIntModeSet                
00002f65  UARTTxIntModeGet                
00002f6d  UARTSpaceAvail                  
00002f7b  UARTSmartCardEnable             
00002f91  UARTSmartCardDisable            
00002f9b  UARTRxErrorGet                  
00002fa3  UARTRxErrorClear                
00002fa9  UARTParityModeSet               
00002fb5  UARTParityModeGet               
00002fbd  UARTModemStatusGet              
00002fc7  UARTModemControlSet             
00002fd3  UARTModemControlGet             
00002fdb  UARTModemControlClear           
00003017  UARTIntUnregister               
0000302b  UARTIntStatus                   
00003035  UARTIntRegister                 
0000304d  UARTIntEnable                   
00003055  UARTIntDisable                  
0000305f  UARTIntClear                    
00003063  UARTFlowControlSet              
0000306f  UARTFlowControlGet              
00003077  UARTFIFOLevelSet                
0000307d  UARTFIFOLevelGet                
0000308d  UARTFIFOEnable                  
00003097  UARTFIFODisable                 
000030a1  UARTEnableSIR                   
000030b5  UARTEnable                      
000030c9  UARTDisableSIR                  
000030d3  UARTDisable                     
000030ed  UARTDMAEnable                   
000030f5  UARTDMADisable                  
000030ff  UARTConfigSetExpClk             
00003145  UARTConfigGetExpClk             
0000316b  UARTClockSourceSet              
00003171  UARTClockSourceGet              
00003177  UARTCharsAvail                  
00003185  UARTCharPutNonBlocking          
00003193  UARTCharPut                     
0000319d  UARTCharGetNonBlocking          
000031ab  UARTCharGet                     
000031b5  UARTBusy                        
000031bd  UARTBreakCtl                    
000031d1  UART9BitEnable                  
000031df  UART9BitDisable                 
000031ed  UART9BitAddrSet                 
000031f7  UART9BitAddrSend                
00003237  IntUnregister                   
00003241  IntTrigger                      
00003249  IntRegister                     
00003273  IntPrioritySet                  
00003293  IntPriorityGroupingSet          
000032a5  IntPriorityGroupingGet          
000032cb  IntPriorityGet                  
000032e5  IntPendSet                      
00003331  IntPendClear                    
0000336f  IntMasterEnable                 
0000337f  IntMasterDisable                
0000338f  IntIsEnabled                    
000033e7  IntEnable                       
00003443  IntDisable                      
00003919  __aeabi_dsub                    
00003923  __aeabi_dadd                    
00003c0d  __aeabi_ddiv                    
00003e69  ldexp                           
00003e69  ldexpl                          
00003e69  scalbn                          
00003e69  scalbnl                         
00003f79  strtoul                         
00004089  __aeabi_dmul                    
00004237  __aeabi_memcpy                  
00004237  __aeabi_memcpy4                 
00004237  __aeabi_memcpy8                 
00004237  memcpy                          
000042d3  __aeabi_uldivmod                
00004369  __aeabi_cdcmpeq                 
00004369  __aeabi_cdcmple                 
000043ef  __aeabi_cdrcmple                
00004475  SysTickValueGet                 
0000447b  SysTickPeriodSet                
00004485  SysTickPeriodGet                
0000448f  SysTickIntUnregister            
000044a1  SysTickIntRegister              
000044b9  SysTickIntEnable                
000044c7  SysTickIntDisable               
000044d5  SysTickEnable                   
000044e3  SysTickDisable                  
000044f5  __aeabi_memclr                  
000044f5  __aeabi_memclr4                 
000044f5  __aeabi_memclr8                 
000044f7  __aeabi_memset                  
000044f7  __aeabi_memset4                 
000044f7  __aeabi_memset8                 
000044fd  memset                          
000045dd  __TI_decompress_lzss            
00004645  frexp                           
00004645  frexpl                          
000046ff  __TI_ltoa                       
000047a5  atoi                            
000047f1  __aeabi_d2iz                    
00004839  __TI_auto_init_nobinit_nopinit  
0000487d  sprintf                         
000048fb  CPUwfi                          
000048fb  SysCtlSleep                     
000048ff  CPUprimask                      
00004909  CPUcpsie                        
00004915  CPUcpsid                        
00004921  CPUbasepriSet                   
00004921  IntPriorityMaskSet              
00004927  CPUbasepriGet                   
00004927  IntPriorityMaskGet              
00004931  _c_int00_noargs                 
00004965  __aeabi_i2d                     
00004993  memccpy                         
000049af  copysign                        
000049af  copysignl                       
000049e1  strchr                          
000049f7  strlen                          
00004a0b  wcslen                          
00004a1d  __TI_decompress_none            
00004a2b  __TI_zero_init                  
00004a37  ResetISR                        
00004a4d  __aeabi_errno_addr              
00004a55  SysCtlDelay                     
00004a5b  _system_pre_init                
00004a5f  C$$EXIT                         
00004a5f  abort                           
00004b84  _ctypes_                        
00005184  __TI_Handler_Table_Base         
00005190  __TI_Handler_Table_Limit        
000051a0  __TI_CINIT_Base                 
000051b8  __TI_CINIT_Limit                
20000000  __start___llvm_prf_cnts         
20000000  __stop___llvm_prf_cnts          
20000000  g_pfnRAMVectors                 
2000026c  RcvString                       
2000066c  PrintMsg                        
200007bc  CAN_RECV                        
200007c8  __stack                         
200009c8  CANLastDetected                 
200009c8  __STACK_END                     
200009cc  SystemClockSpeed                
200009d0  TimeOutClock                    
200009d4  I2C_TimeOutClock                
200009d8  I2C_RcvCommand                  
200009dc  I2C_RcvCommandParam             
200009e0  I2C_RcvNewCommand               
200009e4  errno                           
20000fc8  __STACK_TOP                     
ffffffff  __TI_pprof_out_hndl             
ffffffff  __TI_prof_data_size             
ffffffff  __TI_prof_data_start            
ffffffff  __binit__                       
ffffffff  __c_args__                      
ffffffff  binit                           
UNDEFED   __mpu_init                      
UNDEFED   _system_post_cinit              

[355 symbols]
